Archive member included because of file (symbol)

d:/winavr/bin/../lib/gcc/avr/4.3.2/avr4\libgcc.a(_exit.o)
                              d:/winavr/bin/../lib/gcc/avr/4.3.2/../../../../avr/lib/avr4/crtm8.o (exit)
d:/winavr/bin/../lib/gcc/avr/4.3.2/avr4\libgcc.a(_copy_data.o)
                              usbdrv.o (__do_copy_data)
d:/winavr/bin/../lib/gcc/avr/4.3.2/avr4\libgcc.a(_clear_bss.o)
                              main.o (__do_clear_bss)

Allocating common symbols
Common symbol       size              file

usbTxBuf            0xb               usbdrv.o
USBUART_rxbuffer    0x18              usbuart.o
USBUART_txReadPtr   0x1               usbuart.o
USBUART_rxReadPtr   0x1               usbuart.o
usbTxStatus1        0xc               usbdrv.o
timer0Ids           0x1               main.o
USBUART_txbuffer    0x18              usbuart.o
usbDeviceAddr       0x1               usbdrv.o
usbRxToken          0x1               usbdrv.o
usbInputBufOffset   0x1               usbdrv.o
USBUART_rxWritePtr  0x1               usbuart.o
USBUART_txWritePtr  0x1               usbuart.o
usbMsgPtr           0x2               usbdrv.o
usbRxLen            0x1               usbdrv.o
usbNewDeviceAddr    0x1               usbdrv.o
usbCurrentTok       0x1               usbdrv.o
usbConfiguration    0x1               usbdrv.o
usbRxBuf            0x16              usbdrv.o
usbTxStatus3        0xc               usbdrv.o

Memory Configuration

Name             Origin             Length             Attributes
text             0x00000000         0x00002000         xr
data             0x00800060         0x0000ffa0         rw !x
eeprom           0x00810000         0x00010000         rw !x
fuse             0x00820000         0x00000400         rw !x
lock             0x00830000         0x00000400         rw !x
signature        0x00840000         0x00000400         rw !x
*default*        0x00000000         0xffffffff

Linker script and memory map

LOAD d:/winavr/bin/../lib/gcc/avr/4.3.2/../../../../avr/lib/avr4/crtm8.o
LOAD serial.o
LOAD main.o
LOAD usbuart.o
LOAD oddebug.o
LOAD usbdrv.o
LOAD usbdrvasm.o
LOAD softtimer.o
LOAD d:/winavr/bin/../lib/gcc/avr/4.3.2/avr4\libgcc.a
LOAD d:/winavr/bin/../lib/gcc/avr/4.3.2/../../../../avr/lib/avr4\libc.a
LOAD d:/winavr/bin/../lib/gcc/avr/4.3.2/avr4\libgcc.a

.hash
 *(.hash)

.dynsym
 *(.dynsym)

.dynstr
 *(.dynstr)

.gnu.version
 *(.gnu.version)

.gnu.version_d
 *(.gnu.version_d)

.gnu.version_r
 *(.gnu.version_r)

.rel.init
 *(.rel.init)

.rela.init
 *(.rela.init)

.rel.text
 *(.rel.text)
 *(.rel.text.*)
 *(.rel.gnu.linkonce.t*)

.rela.text
 *(.rela.text)
 *(.rela.text.*)
 *(.rela.gnu.linkonce.t*)

.rel.fini
 *(.rel.fini)

.rela.fini
 *(.rela.fini)

.rel.rodata
 *(.rel.rodata)
 *(.rel.rodata.*)
 *(.rel.gnu.linkonce.r*)

.rela.rodata
 *(.rela.rodata)
 *(.rela.rodata.*)
 *(.rela.gnu.linkonce.r*)

.rel.data
 *(.rel.data)
 *(.rel.data.*)
 *(.rel.gnu.linkonce.d*)

.rela.data
 *(.rela.data)
 *(.rela.data.*)
 *(.rela.gnu.linkonce.d*)

.rel.ctors
 *(.rel.ctors)

.rela.ctors
 *(.rela.ctors)

.rel.dtors
 *(.rel.dtors)

.rela.dtors
 *(.rela.dtors)

.rel.got
 *(.rel.got)

.rela.got
 *(.rela.got)

.rel.bss
 *(.rel.bss)

.rela.bss
 *(.rela.bss)

.rel.plt
 *(.rel.plt)

.rela.plt
 *(.rela.plt)

.text           0x00000000      0x858
 *(.vectors)
 .vectors       0x00000000       0x26 d:/winavr/bin/../lib/gcc/avr/4.3.2/../../../../avr/lib/avr4/crtm8.o
                0x00000000                __vectors
                0x00000000                __vector_default
 *(.vectors)
 *(.progmem.gcc*)
 *(.progmem*)
 .progmem.data  0x00000026       0x43 usbuart.o
                0x00000026                usbDescriptorConfiguration
 .progmem.data  0x00000069       0x48 usbdrv.o
                0x0000009f                usbDescriptorDevice
                0x00000069                usbDescriptorString0
                0x0000006d                usbDescriptorStringVendor
                0x0000008f                usbDescriptorStringDevice
                0x000000b2                . = ALIGN (0x2)
 *fill*         0x000000b1        0x1 00
                0x000000b2                __trampolines_start = .
 *(.trampolines)
 .trampolines   0x000000b2        0x0 linker stubs
 *(.trampolines*)
                0x000000b2                __trampolines_end = .
 *(.jumptables)
 *(.jumptables*)
 *(.lowtext)
 *(.lowtext*)
                0x000000b2                __ctors_start = .
 *(.ctors)
                0x000000b2                __ctors_end = .
                0x000000b2                __dtors_start = .
 *(.dtors)
                0x000000b2                __dtors_end = .
 SORT(*)(.ctors)
 SORT(*)(.dtors)
 *(.init0)
 .init0         0x000000b2        0x0 d:/winavr/bin/../lib/gcc/avr/4.3.2/../../../../avr/lib/avr4/crtm8.o
                0x000000b2                __init
 *(.init0)
 *(.init1)
 *(.init1)
 *(.init2)
 .init2         0x000000b2        0xc d:/winavr/bin/../lib/gcc/avr/4.3.2/../../../../avr/lib/avr4/crtm8.o
 *(.init2)
 *(.init3)
 *(.init3)
 *(.init4)
 .init4         0x000000be       0x16 d:/winavr/bin/../lib/gcc/avr/4.3.2/avr4\libgcc.a(_copy_data.o)
                0x000000be                __do_copy_data
 .init4         0x000000d4       0x10 d:/winavr/bin/../lib/gcc/avr/4.3.2/avr4\libgcc.a(_clear_bss.o)
                0x000000d4                __do_clear_bss
 *(.init4)
 *(.init5)
 *(.init5)
 *(.init6)
 *(.init6)
 *(.init7)
 *(.init7)
 *(.init8)
 *(.init8)
 *(.init9)
 .init9         0x000000e4        0x4 d:/winavr/bin/../lib/gcc/avr/4.3.2/../../../../avr/lib/avr4/crtm8.o
 *(.init9)
 *(.text)
 .text          0x000000e8        0x2 d:/winavr/bin/../lib/gcc/avr/4.3.2/../../../../avr/lib/avr4/crtm8.o
                0x000000e8                __vector_12
                0x000000e8                __bad_interrupt
                0x000000e8                __vector_6
                0x000000e8                __vector_3
                0x000000e8                __vector_11
                0x000000e8                __vector_13
                0x000000e8                __vector_17
                0x000000e8                __vector_7
                0x000000e8                __vector_5
                0x000000e8                __vector_4
                0x000000e8                __vector_2
                0x000000e8                __vector_15
                0x000000e8                __vector_8
                0x000000e8                __vector_14
                0x000000e8                __vector_10
                0x000000e8                __vector_16
                0x000000e8                __vector_18
 .text          0x000000ea        0x8 serial.o
                0x000000ea                recchar
                0x000000ee                sendchar
 .text          0x000000f2       0x9c main.o
                0x000000f2                main
 .text          0x0000018e      0x12c usbuart.o
                0x000001b2                usbFunctionWriteOut
                0x000002a2                USB_UART_TxString
                0x000001f6                USB_UART_Poll
                0x0000026a                USB_UART_Tx
                0x000001ae                usbFunctionSetup
                0x0000018e                USB_UART_GetByte
                0x000001e6                uartTxBytesFree
                0x000001d6                uartRxBytesFree
 .text          0x000002ba        0x0 oddebug.o
 .text          0x000002ba      0x2a2 usbdrv.o
                0x000002dc                usbPoll
                0x000004d8                usbSetInterrupt3
                0x0000051a                usbSetInterrupt
                0x000002ba                usbInit
 .text          0x0000055c      0x290 usbdrvasm.o
                0x0000058e                __vector_1
                0x0000055c                usbCrc16
                0x00000586                usbCrc16Append
 .text          0x000007ec       0x68 softtimer.o
                0x000007f8                __vector_9
                0x000007ec                SoftTimer_Init
 .text          0x00000854        0x0 d:/winavr/bin/../lib/gcc/avr/4.3.2/avr4\libgcc.a(_exit.o)
 .text          0x00000854        0x0 d:/winavr/bin/../lib/gcc/avr/4.3.2/avr4\libgcc.a(_copy_data.o)
 .text          0x00000854        0x0 d:/winavr/bin/../lib/gcc/avr/4.3.2/avr4\libgcc.a(_clear_bss.o)
                0x00000854                . = ALIGN (0x2)
 *(.text.*)
 .text.libgcc   0x00000854        0x0 d:/winavr/bin/../lib/gcc/avr/4.3.2/avr4\libgcc.a(_exit.o)
 .text.libgcc   0x00000854        0x0 d:/winavr/bin/../lib/gcc/avr/4.3.2/avr4\libgcc.a(_copy_data.o)
 .text.libgcc   0x00000854        0x0 d:/winavr/bin/../lib/gcc/avr/4.3.2/avr4\libgcc.a(_clear_bss.o)
                0x00000854                . = ALIGN (0x2)
 *(.fini9)
 .fini9         0x00000854        0x0 d:/winavr/bin/../lib/gcc/avr/4.3.2/avr4\libgcc.a(_exit.o)
                0x00000854                exit
                0x00000854                _exit
 *(.fini9)
 *(.fini8)
 *(.fini8)
 *(.fini7)
 *(.fini7)
 *(.fini6)
 *(.fini6)
 *(.fini5)
 *(.fini5)
 *(.fini4)
 *(.fini4)
 *(.fini3)
 *(.fini3)
 *(.fini2)
 *(.fini2)
 *(.fini1)
 *(.fini1)
 *(.fini0)
 .fini0         0x00000854        0x4 d:/winavr/bin/../lib/gcc/avr/4.3.2/avr4\libgcc.a(_exit.o)
 *(.fini0)
                0x00000858                _etext = .

.data           0x00800060        0xc load address 0x00000858
                0x00800060                PROVIDE (__data_start, .)
 *(.data)
 .data          0x00800060        0x0 d:/winavr/bin/../lib/gcc/avr/4.3.2/../../../../avr/lib/avr4/crtm8.o
 .data          0x00800060        0x0 serial.o
 .data          0x00800060        0x0 main.o
 .data          0x00800060        0x0 usbuart.o
 .data          0x00800060        0x0 oddebug.o
 .data          0x00800060        0x2 usbdrv.o
                0x00800060                usbTxLen
 .data          0x00800062        0x0 usbdrvasm.o
 .data          0x00800062        0x9 softtimer.o
                0x00800062                SoftTimer1
 .data          0x0080006b        0x0 d:/winavr/bin/../lib/gcc/avr/4.3.2/avr4\libgcc.a(_exit.o)
 .data          0x0080006b        0x0 d:/winavr/bin/../lib/gcc/avr/4.3.2/avr4\libgcc.a(_copy_data.o)
 .data          0x0080006b        0x0 d:/winavr/bin/../lib/gcc/avr/4.3.2/avr4\libgcc.a(_clear_bss.o)
 *(.data*)
 *(.rodata)
 *(.rodata*)
 *(.gnu.linkonce.d*)
                0x0080006c                . = ALIGN (0x2)
 *fill*         0x0080006b        0x1 00
                0x0080006c                _edata = .
                0x0080006c                PROVIDE (__data_end, .)

.bss            0x0080006c       0x78
                0x0080006c                PROVIDE (__bss_start, .)
 *(.bss)
 .bss           0x0080006c        0x0 d:/winavr/bin/../lib/gcc/avr/4.3.2/../../../../avr/lib/avr4/crtm8.o
 .bss           0x0080006c        0x0 serial.o
 .bss           0x0080006c        0x0 main.o
 .bss           0x0080006c        0x0 usbuart.o
 .bss           0x0080006c        0x0 oddebug.o
 .bss           0x0080006c        0x1 usbdrv.o
 .bss           0x0080006d        0x0 usbdrvasm.o
 .bss           0x0080006d        0x0 softtimer.o
 .bss           0x0080006d        0x0 d:/winavr/bin/../lib/gcc/avr/4.3.2/avr4\libgcc.a(_exit.o)
 .bss           0x0080006d        0x0 d:/winavr/bin/../lib/gcc/avr/4.3.2/avr4\libgcc.a(_copy_data.o)
 .bss           0x0080006d        0x0 d:/winavr/bin/../lib/gcc/avr/4.3.2/avr4\libgcc.a(_clear_bss.o)
 *(.bss*)
 *(COMMON)
 COMMON         0x0080006d        0x1 main.o
                0x0080006d                timer0Ids
 COMMON         0x0080006e       0x34 usbuart.o
                0x0080006e                USBUART_rxbuffer
                0x00800086                USBUART_txReadPtr
                0x00800087                USBUART_rxReadPtr
                0x00800088                USBUART_txbuffer
                0x008000a0                USBUART_rxWritePtr
                0x008000a1                USBUART_txWritePtr
 COMMON         0x008000a2       0x42 usbdrv.o
                0x008000a2                usbTxBuf
                0x008000ad                usbTxStatus1
                0x008000b9                usbDeviceAddr
                0x008000ba                usbRxToken
                0x008000bb                usbInputBufOffset
                0x008000bc                usbMsgPtr
                0x008000be                usbRxLen
                0x008000bf                usbNewDeviceAddr
                0x008000c0                usbCurrentTok
                0x008000c1                usbConfiguration
                0x008000c2                usbRxBuf
                0x008000d8                usbTxStatus3
                0x008000e4                PROVIDE (__bss_end, .)
                0x00000858                __data_load_start = LOADADDR (.data)
                0x00000864                __data_load_end = (__data_load_start + SIZEOF (.data))

.noinit         0x008000e4        0x0
                0x008000e4                PROVIDE (__noinit_start, .)
 *(.noinit*)
                0x008000e4                PROVIDE (__noinit_end, .)
                0x008000e4                _end = .
                0x008000e4                PROVIDE (__heap_start, .)

.eeprom         0x00810000        0x0
 *(.eeprom*)
                0x00810000                __eeprom_end = .

.fuse
 *(.fuse)
 *(.lfuse)
 *(.hfuse)
 *(.efuse)

.lock
 *(.lock*)

.signature
 *(.signature*)

.stab
 *(.stab)

.stabstr
 *(.stabstr)

.stab.excl
 *(.stab.excl)

.stab.exclstr
 *(.stab.exclstr)

.stab.index
 *(.stab.index)

.stab.indexstr
 *(.stab.indexstr)

.comment
 *(.comment)

.debug
 *(.debug)

.line
 *(.line)

.debug_srcinfo
 *(.debug_srcinfo)

.debug_sfnames
 *(.debug_sfnames)

.debug_aranges  0x00000000       0xa0
 *(.debug_aranges)
 .debug_aranges
                0x00000000       0x20 serial.o
 .debug_aranges
                0x00000020       0x20 main.o
 .debug_aranges
                0x00000040       0x20 usbuart.o
 .debug_aranges
                0x00000060       0x20 usbdrv.o
 .debug_aranges
                0x00000080       0x20 softtimer.o

.debug_pubnames
                0x00000000      0x3a1
 *(.debug_pubnames)
 .debug_pubnames
                0x00000000       0x2b serial.o
 .debug_pubnames
                0x0000002b       0x29 main.o
 .debug_pubnames
                0x00000054      0x165 usbuart.o
 .debug_pubnames
                0x000001b9      0x197 usbdrv.o
 .debug_pubnames
                0x00000350       0x51 softtimer.o

.debug_info     0x00000000     0x1016
 *(.debug_info)
 .debug_info    0x00000000       0xa3 serial.o
 .debug_info    0x000000a3       0xff main.o
 .debug_info    0x000001a2      0x3d9 usbuart.o
 .debug_info    0x0000057b       0x61 oddebug.o
 .debug_info    0x000005dc      0x90c usbdrv.o
 .debug_info    0x00000ee8      0x12e softtimer.o
 *(.gnu.linkonce.wi.*)

.debug_abbrev   0x00000000      0x668
 *(.debug_abbrev)
 .debug_abbrev  0x00000000       0x72 serial.o
 .debug_abbrev  0x00000072       0xc4 main.o
 .debug_abbrev  0x00000136      0x1b0 usbuart.o
 .debug_abbrev  0x000002e6       0x33 oddebug.o
 .debug_abbrev  0x00000319      0x2a3 usbdrv.o
 .debug_abbrev  0x000005bc       0xac softtimer.o

.debug_line     0x00000000      0x9b3
 *(.debug_line)
 .debug_line    0x00000000       0xb0 serial.o
 .debug_line    0x000000b0      0x1d4 main.o
 .debug_line    0x00000284      0x252 usbuart.o
 .debug_line    0x000004d6       0x41 oddebug.o
 .debug_line    0x00000517      0x3c0 usbdrv.o
 .debug_line    0x000008d7       0xdc softtimer.o

.debug_frame    0x00000000      0x160
 *(.debug_frame)
 .debug_frame   0x00000000       0x30 serial.o
 .debug_frame   0x00000030       0x20 main.o
 .debug_frame   0x00000050       0x90 usbuart.o
 .debug_frame   0x000000e0       0x50 usbdrv.o
 .debug_frame   0x00000130       0x30 softtimer.o

.debug_str      0x00000000      0x5f0
 *(.debug_str)
 .debug_str     0x00000000       0x86 serial.o
                                 0xba (size before relaxing)
 .debug_str     0x00000086       0x78 main.o
                                0x10d (size before relaxing)
 .debug_str     0x000000fe      0x1b5 usbuart.o
                                0x2c3 (size before relaxing)
 .debug_str     0x000002b3       0x1f oddebug.o
                                 0xb4 (size before relaxing)
 .debug_str     0x000002d2      0x2a3 usbdrv.o
                                0x3fe (size before relaxing)
 .debug_str     0x00000575       0x7b softtimer.o
                                0x15f (size before relaxing)

.debug_loc      0x00000000      0x439
 *(.debug_loc)
 .debug_loc     0x00000000       0x13 serial.o
 .debug_loc     0x00000013       0x6d main.o
 .debug_loc     0x00000080       0xbf usbuart.o
 .debug_loc     0x0000013f      0x2fa usbdrv.o

.debug_macinfo
 *(.debug_macinfo)
OUTPUT(AVRBOOT.elf elf32-avr)
LOAD linker stubs

.debug_ranges   0x00000000       0x30
 .debug_ranges  0x00000000       0x30 usbdrv.o
