<html>
<body>
<pre>
<h1>µVision Build Log</h1>
<h2>Project:</h2>
M:\Robotics\Source\STMF4_Synth\STMF4Synth.uvprojx
Project File Date:  02/21/2014

<h2>Output:</h2>
</pre>
</body>
</html>
h'
compiling main.c...
compiling system_stm32f4xx.c...
linking...
Program Size: Code=876 RO-data=424 RW-data=20 ZI-data=1636  
FromELF: creating hex file...
".\STMF4Synth.axf" - 0 Error(s), 0 Warning(s).

<h2>Software Packages used:</h2>

Package Vendor: ARM
                http://www.keil.com/pack/ARM.CMSIS.3.20.3.pack
                ARM::CMSIS:CORE:3.20.0
                Cortex Microcontroller Software Interface Standard (CMSIS) CORE, DSP, RTOS, Driver
   * Component: CORE Version: 3.20.0
   * Component: DSP Version: 1.4.1

Package Vendor: Keil
                http://www.keil.com/pack/Keil.STM32F4xx_DFP.1.0.5.pack
                Keil::Device:Startup:1.0.0
                STMicroelectronics STM32F4 Series Device Support, Drivers and Examples
   * Component: Startup Version: 1.0.0

<h2>Collection of Component include folders:</h2>
  M:\Robotics\Source\STMF4_Synth\RTE
  M:\Robotics\Source\STMF4_Synth\RTE\Device\STM32F407VG
  D:\Keil\ARM\PACK\ARM\CMSIS\3.20.3\CMSIS\Include
  D:\Keil\ARM\PACK\ARM\CMSIS\3.20.3\CMSIS\Include\
  D:\Keil\ARM\PACK\Keil\STM32F4xx_DFP\1.0.5\Device\Include

<h2>Collection of Component Files used:</h2>

   * Component: ARM::CMSIS:CORE:3.20.0

   * Component: ARM::CMSIS:DSP:1.4.1
      Include file:  CMSIS\Include\arm_math.h
      Library file:  CMSIS\Lib\ARM\arm_cortexM4lf_math.lib

   * Component: Keil::Device:Startup:1.0.0
      Include file:  Device\Include\stm32f4xx.h
      Source file:   Device\Source\ARM\startup_stm32f40xx.s
      Source file:   Device\Source\system_stm32f4xx.c
      Include file:  RTE_Driver\Config\RTE_Device.h
Clean started: Project: 'STMF4Synth'
   deleting intermediate output files for target 'STM32F4 Synth'
