Archive member included because of file (symbol)

d:/gnu arm/bin/../lib/gcc/arm-none-eabi/4.6.2/../../../../arm-none-eabi/lib/armv7e-m\libc.a(lib_a-atexit.o)
                              d:/gnu arm/bin/../lib/gcc/arm-none-eabi/4.6.2/../../../../arm-none-eabi/lib/armv7e-m/crt0.o (atexit)
d:/gnu arm/bin/../lib/gcc/arm-none-eabi/4.6.2/../../../../arm-none-eabi/lib/armv7e-m\libc.a(lib_a-exit.o)
                              d:/gnu arm/bin/../lib/gcc/arm-none-eabi/4.6.2/../../../../arm-none-eabi/lib/armv7e-m/crt0.o (exit)
d:/gnu arm/bin/../lib/gcc/arm-none-eabi/4.6.2/../../../../arm-none-eabi/lib/armv7e-m\libc.a(lib_a-fini.o)
                              d:/gnu arm/bin/../lib/gcc/arm-none-eabi/4.6.2/../../../../arm-none-eabi/lib/armv7e-m/crt0.o (__libc_fini_array)
d:/gnu arm/bin/../lib/gcc/arm-none-eabi/4.6.2/../../../../arm-none-eabi/lib/armv7e-m\libc.a(lib_a-impure.o)
                              d:/gnu arm/bin/../lib/gcc/arm-none-eabi/4.6.2/../../../../arm-none-eabi/lib/armv7e-m\libc.a(lib_a-exit.o) (_global_impure_ptr)
d:/gnu arm/bin/../lib/gcc/arm-none-eabi/4.6.2/../../../../arm-none-eabi/lib/armv7e-m\libc.a(lib_a-init.o)
                              d:/gnu arm/bin/../lib/gcc/arm-none-eabi/4.6.2/../../../../arm-none-eabi/lib/armv7e-m/crt0.o (__libc_init_array)
d:/gnu arm/bin/../lib/gcc/arm-none-eabi/4.6.2/../../../../arm-none-eabi/lib/armv7e-m\libc.a(lib_a-memset.o)
                              d:/gnu arm/bin/../lib/gcc/arm-none-eabi/4.6.2/../../../../arm-none-eabi/lib/armv7e-m/crt0.o (memset)
d:/gnu arm/bin/../lib/gcc/arm-none-eabi/4.6.2/../../../../arm-none-eabi/lib/armv7e-m\libc.a(lib_a-reent.o)
                              ./Libraries/syscalls.o (errno)
d:/gnu arm/bin/../lib/gcc/arm-none-eabi/4.6.2/../../../../arm-none-eabi/lib/armv7e-m\libc.a(lib_a-__atexit.o)
                              d:/gnu arm/bin/../lib/gcc/arm-none-eabi/4.6.2/../../../../arm-none-eabi/lib/armv7e-m\libc.a(lib_a-atexit.o) (__register_exitproc)
d:/gnu arm/bin/../lib/gcc/arm-none-eabi/4.6.2/../../../../arm-none-eabi/lib/armv7e-m\libc.a(lib_a-__call_atexit.o)
                              d:/gnu arm/bin/../lib/gcc/arm-none-eabi/4.6.2/../../../../arm-none-eabi/lib/armv7e-m\libc.a(lib_a-exit.o) (__call_exitprocs)
d:/gnu arm/bin/../lib/gcc/arm-none-eabi/4.6.2/../../../../arm-none-eabi/lib/armv7e-m\libc.a(lib_a-freer.o)
                              d:/gnu arm/bin/../lib/gcc/arm-none-eabi/4.6.2/../../../../arm-none-eabi/lib/armv7e-m\libc.a(lib_a-reent.o) (_free_r)
d:/gnu arm/bin/../lib/gcc/arm-none-eabi/4.6.2/../../../../arm-none-eabi/lib/armv7e-m\libc.a(lib_a-mallocr.o)
                              d:/gnu arm/bin/../lib/gcc/arm-none-eabi/4.6.2/../../../../arm-none-eabi/lib/armv7e-m\libc.a(lib_a-freer.o) (__malloc_current_mallinfo)
d:/gnu arm/bin/../lib/gcc/arm-none-eabi/4.6.2/../../../../arm-none-eabi/lib/armv7e-m\libc.a(lib_a-mlock.o)
                              d:/gnu arm/bin/../lib/gcc/arm-none-eabi/4.6.2/../../../../arm-none-eabi/lib/armv7e-m\libc.a(lib_a-freer.o) (__malloc_lock)
d:/gnu arm/bin/../lib/gcc/arm-none-eabi/4.6.2/../../../../arm-none-eabi/lib/armv7e-m\libc.a(lib_a-sbrkr.o)
                              d:/gnu arm/bin/../lib/gcc/arm-none-eabi/4.6.2/../../../../arm-none-eabi/lib/armv7e-m\libc.a(lib_a-freer.o) (_sbrk_r)

Allocating common symbols
Common symbol       size              file

CurrentPos          0x4               ./src/STM32F4-Discovery/stm32f4_discovery_audio_codec.o
SET_TEST_MODE       0x4               ./Libraries/STM32_USB_Device_Library/Core/src/usbd_core.o
errno               0x4               d:/gnu arm/bin/../lib/gcc/arm-none-eabi/4.6.2/../../../../arm-none-eabi/lib/armv7e-m\libc.a(lib_a-reent.o)
ConvData1           0x2               ./src/selftest.o
LIS302DL_InitStruct
                    0x5               ./src/main.o
TimingDelay         0x4               ./src/main.o
Y_Offset            0x1               ./src/main.o
LIS302DL_FilterStruct
                    0x3               ./src/main.o
ADC_InitStructure   0x18              ./src/selftest.o
X_Offset            0x1               ./src/main.o
AUDIO_MAL_DMA_InitStructure
                    0x3c              ./src/STM32F4-Discovery/stm32f4_discovery_audio_codec.o
USB_OTG_dev         0x5f8             ./src/main.o
Buffer              0x6               ./src/main.o
NVIC_InitStructure  0x4               ./src/STM32F4-Discovery/stm32f4_discovery.o
RCC_Clocks          0x10              ./src/selftest.o
USBD_StrDesc        0x40              ./Libraries/STM32_USB_Device_Library/Core/src/usbd_req.o
DMA_InitStructure   0x3c              ./src/STM32F4-Discovery/stm32f4_discovery_audio_codec.o
ADC_CommonInitStructure
                    0x10              ./src/selftest.o
ConvData2           0x2               ./src/selftest.o

Discarded input sections

 .text          0x00000000        0x0 d:/gnu arm/bin/../lib/gcc/arm-none-eabi/4.6.2/armv7e-m/crti.o
 .data          0x00000000        0x0 d:/gnu arm/bin/../lib/gcc/arm-none-eabi/4.6.2/armv7e-m/crti.o
[...]
Memory Configuration

Name             Origin             Length             Attributes
FLASH            0x08000000         0x00100000         xr
RAM              0x20000000         0x00030000         xrw
MEMORY_B1        0x60000000         0x00000000         xr
*default*        0x00000000         0xffffffff

Linker script and memory map

LOAD d:/gnu arm/bin/../lib/gcc/arm-none-eabi/4.6.2/armv7e-m/crti.o
LOAD d:/gnu arm/bin/../lib/gcc/arm-none-eabi/4.6.2/armv7e-m/crtbegin.o
LOAD d:/gnu arm/bin/../lib/gcc/arm-none-eabi/4.6.2/../../../../arm-none-eabi/lib/armv7e-m/crt0.o
LOAD ./src/STM32F4-Discovery/stm32f4_discovery.o
LOAD ./src/STM32F4-Discovery/stm32f4_discovery_audio_codec.o
LOAD ./src/STM32F4-Discovery/stm32f4_discovery_lis302dl.o
LOAD ./src/main.o
LOAD ./src/selftest.o
LOAD ./src/startup_stm32f40_41xxx.o
LOAD ./src/stm32f4xx_it.o
LOAD ./src/system_stm32f4xx.o
LOAD ./src/usb_bsp.o
LOAD ./src/usbd_desc.o
LOAD ./src/usbd_usr.o
LOAD ./Libraries/STM32_USB_OTG_Driver/src/usb_core.o
LOAD ./Libraries/STM32_USB_OTG_Driver/src/usb_dcd.o
LOAD ./Libraries/STM32_USB_OTG_Driver/src/usb_dcd_int.o
LOAD ./Libraries/STM32_USB_Device_Library/Core/src/usbd_core.o
LOAD ./Libraries/STM32_USB_Device_Library/Core/src/usbd_ioreq.o
LOAD ./Libraries/STM32_USB_Device_Library/Core/src/usbd_req.o
LOAD ./Libraries/STM32F4xx_StdPeriph_Driver/src/misc.o
LOAD ./Libraries/STM32F4xx_StdPeriph_Driver/src/stm32f4xx_adc.o
LOAD ./Libraries/STM32F4xx_StdPeriph_Driver/src/stm32f4xx_can.o
LOAD ./Libraries/STM32F4xx_StdPeriph_Driver/src/stm32f4xx_crc.o
LOAD ./Libraries/STM32F4xx_StdPeriph_Driver/src/stm32f4xx_cryp.o
LOAD ./Libraries/STM32F4xx_StdPeriph_Driver/src/stm32f4xx_cryp_aes.o
LOAD ./Libraries/STM32F4xx_StdPeriph_Driver/src/stm32f4xx_cryp_des.o
LOAD ./Libraries/STM32F4xx_StdPeriph_Driver/src/stm32f4xx_cryp_tdes.o
LOAD ./Libraries/STM32F4xx_StdPeriph_Driver/src/stm32f4xx_dac.o
LOAD ./Libraries/STM32F4xx_StdPeriph_Driver/src/stm32f4xx_dbgmcu.o
LOAD ./Libraries/STM32F4xx_StdPeriph_Driver/src/stm32f4xx_dcmi.o
LOAD ./Libraries/STM32F4xx_StdPeriph_Driver/src/stm32f4xx_dma.o
LOAD ./Libraries/STM32F4xx_StdPeriph_Driver/src/stm32f4xx_dma2d.o
LOAD ./Libraries/STM32F4xx_StdPeriph_Driver/src/stm32f4xx_exti.o
LOAD ./Libraries/STM32F4xx_StdPeriph_Driver/src/stm32f4xx_flash.o
LOAD ./Libraries/STM32F4xx_StdPeriph_Driver/src/stm32f4xx_fsmc.o
LOAD ./Libraries/STM32F4xx_StdPeriph_Driver/src/stm32f4xx_gpio.o
LOAD ./Libraries/STM32F4xx_StdPeriph_Driver/src/stm32f4xx_hash.o
LOAD ./Libraries/STM32F4xx_StdPeriph_Driver/src/stm32f4xx_hash_md5.o
LOAD ./Libraries/STM32F4xx_StdPeriph_Driver/src/stm32f4xx_hash_sha1.o
LOAD ./Libraries/STM32F4xx_StdPeriph_Driver/src/stm32f4xx_i2c.o
LOAD ./Libraries/STM32F4xx_StdPeriph_Driver/src/stm32f4xx_iwdg.o
LOAD ./Libraries/STM32F4xx_StdPeriph_Driver/src/stm32f4xx_ltdc.o
LOAD ./Libraries/STM32F4xx_StdPeriph_Driver/src/stm32f4xx_pwr.o
LOAD ./Libraries/STM32F4xx_StdPeriph_Driver/src/stm32f4xx_rcc.o
LOAD ./Libraries/STM32F4xx_StdPeriph_Driver/src/stm32f4xx_rng.o
LOAD ./Libraries/STM32F4xx_StdPeriph_Driver/src/stm32f4xx_rtc.o
LOAD ./Libraries/STM32F4xx_StdPeriph_Driver/src/stm32f4xx_sai.o
LOAD ./Libraries/STM32F4xx_StdPeriph_Driver/src/stm32f4xx_sdio.o
LOAD ./Libraries/STM32F4xx_StdPeriph_Driver/src/stm32f4xx_spi.o
LOAD ./Libraries/STM32F4xx_StdPeriph_Driver/src/stm32f4xx_syscfg.o
LOAD ./Libraries/STM32F4xx_StdPeriph_Driver/src/stm32f4xx_tim.o
LOAD ./Libraries/STM32F4xx_StdPeriph_Driver/src/stm32f4xx_usart.o
LOAD ./Libraries/STM32F4xx_StdPeriph_Driver/src/stm32f4xx_wwdg.o
LOAD ./Libraries/syscalls.o
LOAD d:/gnu arm/bin/../lib/gcc/arm-none-eabi/4.6.2/../../../../arm-none-eabi/lib/armv7e-m\libstdc++.a
LOAD d:/gnu arm/bin/../lib/gcc/arm-none-eabi/4.6.2/../../../../arm-none-eabi/lib/armv7e-m\libm.a
START GROUP
LOAD d:/gnu arm/bin/../lib/gcc/arm-none-eabi/4.6.2/armv7e-m\libgcc.a
LOAD d:/gnu arm/bin/../lib/gcc/arm-none-eabi/4.6.2/../../../../arm-none-eabi/lib/armv7e-m\libc.a
END GROUP
LOAD d:/gnu arm/bin/../lib/gcc/arm-none-eabi/4.6.2/armv7e-m/crtend.o
LOAD d:/gnu arm/bin/../lib/gcc/arm-none-eabi/4.6.2/armv7e-m/crtn.o
                0x20020000                _estack = 0x20020000
                0x00000000                _Min_Heap_Size = 0x0
                0x00000400                _Min_Stack_Size = 0x400

.isr_vector     0x08000000      0x188
                0x08000000                . = ALIGN (0x4)
 *(.isr_vector)
 .isr_vector    0x08000000      0x188 ./src/startup_stm32f40_41xxx.o
                0x08000000                g_pfnVectors
                0x08000188                . = ALIGN (0x4)

.text           0x08000188     0x4ec0
                0x08000188                . = ALIGN (0x4)
 *(.text)
 .text          0x08000188       0x54 d:/gnu arm/bin/../lib/gcc/arm-none-eabi/4.6.2/armv7e-m/crtbegin.o
 *(.text*)
 .text.STM_EVAL_LEDInit
                0x080001dc       0x54 ./src/STM32F4-Discovery/stm32f4_discovery.o
                0x080001dc                STM_EVAL_LEDInit
 .text.STM_EVAL_LEDOn
                0x08000230       0x1c ./src/STM32F4-Discovery/stm32f4_discovery.o
                0x08000230                STM_EVAL_LEDOn
 .text.STM_EVAL_LEDOff
                0x0800024c       0x1c ./src/STM32F4-Discovery/stm32f4_discovery.o
                0x0800024c                STM_EVAL_LEDOff
 .text.STM_EVAL_LEDToggle
                0x08000268       0x24 ./src/STM32F4-Discovery/stm32f4_discovery.o
                0x08000268                STM_EVAL_LEDToggle
 .text.STM_EVAL_PBInit
                0x0800028c       0x7c ./src/STM32F4-Discovery/stm32f4_discovery.o
                0x0800028c                STM_EVAL_PBInit
 .text.STM_EVAL_PBGetState
                0x08000308       0x18 ./src/STM32F4-Discovery/stm32f4_discovery.o
                0x08000308                STM_EVAL_PBGetState
 .text.Audio_MAL_IRQHandler.part.0
                0x08000320       0x78 ./src/STM32F4-Discovery/stm32f4_discovery_audio_codec.o
 .text.Codec_WriteRegister.part.1
                0x08000398      0x290 ./src/STM32F4-Discovery/stm32f4_discovery_audio_codec.o
 .text.EVAL_AUDIO_SetAudioInterface
                0x08000628       0xf8 ./src/STM32F4-Discovery/stm32f4_discovery_audio_codec.o
                0x08000628                EVAL_AUDIO_SetAudioInterface
 .text.EVAL_AUDIO_Init
                0x08000720      0xc6c ./src/STM32F4-Discovery/stm32f4_discovery_audio_codec.o
                0x08000720                EVAL_AUDIO_Init
 .text.EVAL_AUDIO_DeInit
                0x0800138c      0x17c ./src/STM32F4-Discovery/stm32f4_discovery_audio_codec.o
                0x0800138c                EVAL_AUDIO_DeInit
 .text.DMA1_Stream7_IRQHandler
                0x08001508       0x50 ./src/STM32F4-Discovery/stm32f4_discovery_audio_codec.o
                0x08001508                DMA1_Stream7_IRQHandler
 .text.DMA1_Stream0_IRQHandler
                0x08001558       0x50 ./src/STM32F4-Discovery/stm32f4_discovery_audio_codec.o
                0x08001558                DMA1_Stream0_IRQHandler
 .text.SPI3_IRQHandler
                0x080015a8       0x44 ./src/STM32F4-Discovery/stm32f4_discovery_audio_codec.o
                0x080015a8                SPI3_IRQHandler
 .text.LIS302DL_Write.constprop.1
                0x080015ec       0xf8 ./src/STM32F4-Discovery/stm32f4_discovery_lis302dl.o
 .text.LIS302DL_Init
                0x080016e4      0x170 ./src/STM32F4-Discovery/stm32f4_discovery_lis302dl.o
                0x080016e4                LIS302DL_Init
 .text.LIS302DL_Read
                0x08001854      0x124 ./src/STM32F4-Discovery/stm32f4_discovery_lis302dl.o
                0x08001854                LIS302DL_Read
 .text.LIS302DL_FilterConfig
                0x08001978       0x44 ./src/STM32F4-Discovery/stm32f4_discovery_lis302dl.o
                0x08001978                LIS302DL_FilterConfig
 .text.startup.main
                0x080019bc      0x138 ./src/main.o
                0x080019bc                main
 .text.Delay    0x08001af4       0x18 ./src/main.o
                0x08001af4                Delay
 .text.TimingDelay_Decrement
                0x08001b0c       0x14 ./src/main.o
                0x08001b0c                TimingDelay_Decrement
 .text.Fail_Handler
                0x08001b20       0x34 ./src/main.o
                0x08001b20                Fail_Handler
 .text.LIS302DL_TIMEOUT_UserCallback
                0x08001b54       0x14 ./src/main.o
                0x08001b54                LIS302DL_TIMEOUT_UserCallback
 .text.Accelerometer_MEMS_Test
                0x08001b68       0xc8 ./src/selftest.o
                0x08001b68                Accelerometer_MEMS_Test
 .text.USB_Test
                0x08001c30      0x4f0 ./src/selftest.o
                0x08001c30                USB_Test
 .text.Audio_Test
                0x08002120      0x3d0 ./src/selftest.o
                0x08002120                Audio_Test
 .text.Microphone_MEMS_Test
                0x080024f0      0x114 ./src/selftest.o
                0x080024f0                Microphone_MEMS_Test
 .text.EVAL_AUDIO_TransferComplete_CallBack
                0x08002604        0x4 ./src/selftest.o
                0x08002604                EVAL_AUDIO_TransferComplete_CallBack
 .text.EVAL_AUDIO_GetSampleCallBack
                0x08002608       0x7c ./src/selftest.o
                0x08002608                EVAL_AUDIO_GetSampleCallBack
 .text.Codec_TIMEOUT_UserCallback
                0x08002684        0x4 ./src/selftest.o
                0x08002684                Codec_TIMEOUT_UserCallback
 .text.Reset_Handler
                0x08002688       0x44 ./src/startup_stm32f40_41xxx.o
                0x08002688                Reset_Handler
 .text.Default_Handler
                0x080026cc        0x2 ./src/startup_stm32f40_41xxx.o
                0x080026cc                RTC_Alarm_IRQHandler
                0x080026cc                HASH_RNG_IRQHandler
                0x080026cc                EXTI2_IRQHandler
                0x080026cc                TIM8_CC_IRQHandler
                0x080026cc                TIM1_CC_IRQHandler
                0x080026cc                DMA2_Stream5_IRQHandler
                0x080026cc                DMA1_Stream5_IRQHandler
                0x080026cc                PVD_IRQHandler
                0x080026cc                SDIO_IRQHandler
                0x080026cc                TAMP_STAMP_IRQHandler
                0x080026cc                CAN2_RX1_IRQHandler
                0x080026cc                EXTI3_IRQHandler
                0x080026cc                TIM8_TRG_COM_TIM14_IRQHandler
                0x080026cc                TIM1_UP_TIM10_IRQHandler
                0x080026cc                TIM8_UP_TIM13_IRQHandler
                0x080026cc                I2C3_ER_IRQHandler
                0x080026cc                I2C2_EV_IRQHandler
                0x080026cc                DMA1_Stream2_IRQHandler
                0x080026cc                CAN1_RX0_IRQHandler
                0x080026cc                FPU_IRQHandler
                0x080026cc                OTG_HS_WKUP_IRQHandler
                0x080026cc                CAN2_SCE_IRQHandler
                0x080026cc                DMA2_Stream2_IRQHandler
                0x080026cc                SPI1_IRQHandler
                0x080026cc                TIM6_DAC_IRQHandler
                0x080026cc                TIM1_BRK_TIM9_IRQHandler
                0x080026cc                DCMI_IRQHandler
                0x080026cc                CAN2_RX0_IRQHandler
                0x080026cc                DMA2_Stream3_IRQHandler
                0x080026cc                USART6_IRQHandler
                0x080026cc                USART3_IRQHandler
                0x080026cc                CRYP_IRQHandler
                0x080026cc                CAN1_RX1_IRQHandler
                0x080026cc                UART5_IRQHandler
                0x080026cc                DMA2_Stream0_IRQHandler
                0x080026cc                TIM4_IRQHandler
                0x080026cc                I2C1_EV_IRQHandler
                0x080026cc                DMA1_Stream6_IRQHandler
                0x080026cc                DMA1_Stream1_IRQHandler
                0x080026cc                UART4_IRQHandler
                0x080026cc                TIM3_IRQHandler
                0x080026cc                RCC_IRQHandler
                0x080026cc                TIM8_BRK_TIM12_IRQHandler
                0x080026cc                Default_Handler
                0x080026cc                EXTI15_10_IRQHandler
                0x080026cc                ADC_IRQHandler
                0x080026cc                TIM7_IRQHandler
                0x080026cc                CAN2_TX_IRQHandler
                0x080026cc                TIM5_IRQHandler
                0x080026cc                DMA2_Stream7_IRQHandler
                0x080026cc                I2C3_EV_IRQHandler
                0x080026cc                EXTI9_5_IRQHandler
                0x080026cc                RTC_WKUP_IRQHandler
                0x080026cc                ETH_WKUP_IRQHandler
                0x080026cc                SPI2_IRQHandler
                0x080026cc                OTG_HS_EP1_IN_IRQHandler
                0x080026cc                CAN1_TX_IRQHandler
                0x080026cc                EXTI4_IRQHandler
                0x080026cc                FSMC_IRQHandler
                0x080026cc                ETH_IRQHandler
                0x080026cc                OTG_HS_EP1_OUT_IRQHandler
                0x080026cc                WWDG_IRQHandler
                0x080026cc                TIM2_IRQHandler
                0x080026cc                TIM1_TRG_COM_TIM11_IRQHandler
                0x080026cc                OTG_HS_IRQHandler
                0x080026cc                EXTI1_IRQHandler
                0x080026cc                USART2_IRQHandler
                0x080026cc                I2C2_ER_IRQHandler
                0x080026cc                DMA2_Stream1_IRQHandler
                0x080026cc                CAN1_SCE_IRQHandler
                0x080026cc                FLASH_IRQHandler
                0x080026cc                DMA2_Stream4_IRQHandler
                0x080026cc                USART1_IRQHandler
                0x080026cc                DMA1_Stream4_IRQHandler
                0x080026cc                I2C1_ER_IRQHandler
                0x080026cc                DMA2_Stream6_IRQHandler
                0x080026cc                DMA1_Stream3_IRQHandler
 *fill*         0x080026ce        0x2 00
 .text.NMI_Handler
                0x080026d0        0x4 ./src/stm32f4xx_it.o
                0x080026d0                NMI_Handler
 .text.HardFault_Handler
                0x080026d4        0x4 ./src/stm32f4xx_it.o
                0x080026d4                HardFault_Handler
 .text.MemManage_Handler
                0x080026d8        0x4 ./src/stm32f4xx_it.o
                0x080026d8                MemManage_Handler
 .text.BusFault_Handler
                0x080026dc        0x4 ./src/stm32f4xx_it.o
                0x080026dc                BusFault_Handler
 .text.UsageFault_Handler
                0x080026e0        0x4 ./src/stm32f4xx_it.o
                0x080026e0                UsageFault_Handler
 .text.SVC_Handler
                0x080026e4        0x4 ./src/stm32f4xx_it.o
                0x080026e4                SVC_Handler
 .text.DebugMon_Handler
                0x080026e8        0x4 ./src/stm32f4xx_it.o
                0x080026e8                DebugMon_Handler
 .text.PendSV_Handler
                0x080026ec        0x4 ./src/stm32f4xx_it.o
                0x080026ec                PendSV_Handler
 .text.SysTick_Handler
                0x080026f0      0x1fc ./src/stm32f4xx_it.o
                0x080026f0                SysTick_Handler
 .text.EXTI0_IRQHandler
                0x080028ec       0x10 ./src/stm32f4xx_it.o
                0x080028ec                EXTI0_IRQHandler
 .text.OTG_FS_WKUP_IRQHandler
                0x080028fc       0x34 ./src/stm32f4xx_it.o
                0x080028fc                OTG_FS_WKUP_IRQHandler
 .text.OTG_FS_IRQHandler
                0x08002930        0xc ./src/stm32f4xx_it.o
                0x08002930                OTG_FS_IRQHandler
 .text.SystemInit
                0x0800293c      0x14c ./src/system_stm32f4xx.o
                0x0800293c                SystemInit
 .text.USB_OTG_BSP_uDelay
                0x08002a88       0x38 ./src/usb_bsp.o
                0x08002a88                USB_OTG_BSP_uDelay
 .text.USB_OTG_WritePacket
                0x08002ac0       0x4c ./Libraries/STM32_USB_OTG_Driver/src/usb_core.o
                0x08002ac0                USB_OTG_WritePacket
 .text.USB_OTG_ReadPacket
                0x08002b0c       0x48 ./Libraries/STM32_USB_OTG_Driver/src/usb_core.o
                0x08002b0c                USB_OTG_ReadPacket
 .text.USB_OTG_FlushTxFifo
                0x08002b54       0x58 ./Libraries/STM32_USB_OTG_Driver/src/usb_core.o
                0x08002b54                USB_OTG_FlushTxFifo
 .text.USB_OTG_IsDeviceMode
                0x08002bac       0x10 ./Libraries/STM32_USB_OTG_Driver/src/usb_core.o
                0x08002bac                USB_OTG_IsDeviceMode
 .text.USB_OTG_ReadCoreItr
                0x08002bbc        0xc ./Libraries/STM32_USB_OTG_Driver/src/usb_core.o
                0x08002bbc                USB_OTG_ReadCoreItr
 .text.USB_OTG_GetDeviceSpeed
                0x08002bc8       0x1c ./Libraries/STM32_USB_OTG_Driver/src/usb_core.o
                0x08002bc8                USB_OTG_GetDeviceSpeed
 .text.USB_OTG_EP0Activate
                0x08002be4       0x38 ./Libraries/STM32_USB_OTG_Driver/src/usb_core.o
                0x08002be4                USB_OTG_EP0Activate
 .text.USB_OTG_EPActivate
                0x08002c1c       0x6c ./Libraries/STM32_USB_OTG_Driver/src/usb_core.o
                0x08002c1c                USB_OTG_EPActivate
 .text.USB_OTG_EPStartXfer
                0x08002c88      0x1a4 ./Libraries/STM32_USB_OTG_Driver/src/usb_core.o
                0x08002c88                USB_OTG_EPStartXfer
 .text.USB_OTG_EP0StartXfer
                0x08002e2c      0x114 ./Libraries/STM32_USB_OTG_Driver/src/usb_core.o
                0x08002e2c                USB_OTG_EP0StartXfer
 .text.USB_OTG_EPSetStall
                0x08002f40       0x38 ./Libraries/STM32_USB_OTG_Driver/src/usb_core.o
                0x08002f40                USB_OTG_EPSetStall
 .text.USB_OTG_EPClearStall
                0x08002f78       0x34 ./Libraries/STM32_USB_OTG_Driver/src/usb_core.o
                0x08002f78                USB_OTG_EPClearStall
 .text.USB_OTG_ReadDevAllOutEp_itr
                0x08002fac       0x10 ./Libraries/STM32_USB_OTG_Driver/src/usb_core.o
                0x08002fac                USB_OTG_ReadDevAllOutEp_itr
 .text.USB_OTG_ReadDevOutEP_itr
                0x08002fbc       0x14 ./Libraries/STM32_USB_OTG_Driver/src/usb_core.o
                0x08002fbc                USB_OTG_ReadDevOutEP_itr
 .text.USB_OTG_ReadDevAllInEPItr
                0x08002fd0       0x10 ./Libraries/STM32_USB_OTG_Driver/src/usb_core.o
                0x08002fd0                USB_OTG_ReadDevAllInEPItr
 .text.USB_OTG_EP0_OutStart
                0x08002fe0       0x40 ./Libraries/STM32_USB_OTG_Driver/src/usb_core.o
                0x08002fe0                USB_OTG_EP0_OutStart
 .text.USB_OTG_UngateClock
                0x08003020       0x20 ./Libraries/STM32_USB_OTG_Driver/src/usb_core.o
                0x08003020                USB_OTG_UngateClock
 .text.DCD_EP_Open
                0x08003040       0x40 ./Libraries/STM32_USB_OTG_Driver/src/usb_dcd.o
                0x08003040                DCD_EP_Open
 .text.DCD_EP_PrepareRx
                0x08003080       0x40 ./Libraries/STM32_USB_OTG_Driver/src/usb_dcd.o
                0x08003080                DCD_EP_PrepareRx
 .text.DCD_EP_Tx
                0x080030c0       0x3c ./Libraries/STM32_USB_OTG_Driver/src/usb_dcd.o
                0x080030c0                DCD_EP_Tx
 .text.DCD_EP_Stall
                0x080030fc       0x50 ./Libraries/STM32_USB_OTG_Driver/src/usb_dcd.o
                0x080030fc                DCD_EP_Stall
 .text.DCD_EP_ClrStall
                0x0800314c       0x40 ./Libraries/STM32_USB_OTG_Driver/src/usb_dcd.o
                0x0800314c                DCD_EP_ClrStall
 .text.DCD_EP_SetAddress
                0x0800318c       0x10 ./Libraries/STM32_USB_OTG_Driver/src/usb_dcd.o
                0x0800318c                DCD_EP_SetAddress
 .text.USBD_OTG_ISR_Handler
                0x0800319c      0x518 ./Libraries/STM32_USB_OTG_Driver/src/usb_dcd_int.o
                0x0800319c                USBD_OTG_ISR_Handler
 .text.USBD_Resume
                0x080036b4       0x18 ./Libraries/STM32_USB_Device_Library/Core/src/usbd_core.o
 .text.USBD_Suspend
                0x080036cc       0x1c ./Libraries/STM32_USB_Device_Library/Core/src/usbd_core.o
 .text.USBD_SOF
                0x080036e8       0x10 ./Libraries/STM32_USB_Device_Library/Core/src/usbd_core.o
 .text.USBD_IsoINIncomplete
                0x080036f8       0x10 ./Libraries/STM32_USB_Device_Library/Core/src/usbd_core.o
 .text.USBD_IsoOUTIncomplete
                0x08003708       0x10 ./Libraries/STM32_USB_Device_Library/Core/src/usbd_core.o
 .text.USBD_Reset
                0x08003718       0x30 ./Libraries/STM32_USB_Device_Library/Core/src/usbd_core.o
 .text.USBD_SetupStage
                0x08003748       0x50 ./Libraries/STM32_USB_Device_Library/Core/src/usbd_core.o
 .text.USBD_DataInStage
                0x08003798       0xc4 ./Libraries/STM32_USB_Device_Library/Core/src/usbd_core.o
 .text.USBD_DataOutStage
                0x0800385c       0x7c ./Libraries/STM32_USB_Device_Library/Core/src/usbd_core.o
 .text.USBD_SetCfg
                0x080038d8       0x18 ./Libraries/STM32_USB_Device_Library/Core/src/usbd_core.o
                0x080038d8                USBD_SetCfg
 .text.USBD_ClrCfg
                0x080038f0       0x10 ./Libraries/STM32_USB_Device_Library/Core/src/usbd_core.o
                0x080038f0                USBD_ClrCfg
 .text.USBD_CtlSendData
                0x08003900       0x20 ./Libraries/STM32_USB_Device_Library/Core/src/usbd_ioreq.o
                0x08003900                USBD_CtlSendData
 .text.USBD_CtlContinueSendData
                0x08003920       0x14 ./Libraries/STM32_USB_Device_Library/Core/src/usbd_ioreq.o
                0x08003920                USBD_CtlContinueSendData
 .text.USBD_CtlContinueRx
                0x08003934       0x14 ./Libraries/STM32_USB_Device_Library/Core/src/usbd_ioreq.o
                0x08003934                USBD_CtlContinueRx
 .text.USBD_CtlSendStatus
                0x08003948       0x20 ./Libraries/STM32_USB_Device_Library/Core/src/usbd_ioreq.o
                0x08003948                USBD_CtlSendStatus
 .text.USBD_CtlReceiveStatus
                0x08003968       0x20 ./Libraries/STM32_USB_Device_Library/Core/src/usbd_ioreq.o
                0x08003968                USBD_CtlReceiveStatus
 .text.USBD_StdDevReq
                0x08003988      0x300 ./Libraries/STM32_USB_Device_Library/Core/src/usbd_req.o
                0x08003988                USBD_StdDevReq
 .text.USBD_StdItfReq
                0x08003c88       0x48 ./Libraries/STM32_USB_Device_Library/Core/src/usbd_req.o
                0x08003c88                USBD_StdItfReq
 .text.USBD_StdEPReq
                0x08003cd0       0xf0 ./Libraries/STM32_USB_Device_Library/Core/src/usbd_req.o
                0x08003cd0                USBD_StdEPReq
 .text.USBD_ParseSetupRequest
                0x08003dc0       0x4c ./Libraries/STM32_USB_Device_Library/Core/src/usbd_req.o
                0x08003dc0                USBD_ParseSetupRequest
 .text.NVIC_Init
                0x08003e0c       0x88 ./Libraries/STM32F4xx_StdPeriph_Driver/src/misc.o
                0x08003e0c                NVIC_Init
 .text.ADC_Init
                0x08003e94       0x58 ./Libraries/STM32F4xx_StdPeriph_Driver/src/stm32f4xx_adc.o
                0x08003e94                ADC_Init
 .text.ADC_StructInit
                0x08003eec       0x14 ./Libraries/STM32F4xx_StdPeriph_Driver/src/stm32f4xx_adc.o
                0x08003eec                ADC_StructInit
 .text.ADC_CommonInit
                0x08003f00       0x34 ./Libraries/STM32F4xx_StdPeriph_Driver/src/stm32f4xx_adc.o
                0x08003f00                ADC_CommonInit
 .text.ADC_Cmd  0x08003f34       0x14 ./Libraries/STM32F4xx_StdPeriph_Driver/src/stm32f4xx_adc.o
                0x08003f34                ADC_Cmd
 .text.ADC_RegularChannelConfig
                0x08003f48       0xa0 ./Libraries/STM32F4xx_StdPeriph_Driver/src/stm32f4xx_adc.o
                0x08003f48                ADC_RegularChannelConfig
 .text.ADC_SoftwareStartConv
                0x08003fe8        0xc ./Libraries/STM32F4xx_StdPeriph_Driver/src/stm32f4xx_adc.o
                0x08003fe8                ADC_SoftwareStartConv
 .text.ADC_GetConversionValue
                0x08003ff4        0x8 ./Libraries/STM32F4xx_StdPeriph_Driver/src/stm32f4xx_adc.o
                0x08003ff4                ADC_GetConversionValue
 .text.ADC_GetFlagStatus
                0x08003ffc        0xc ./Libraries/STM32F4xx_StdPeriph_Driver/src/stm32f4xx_adc.o
                0x08003ffc                ADC_GetFlagStatus
 .text.DAC_Init
                0x08004008       0x34 ./Libraries/STM32F4xx_StdPeriph_Driver/src/stm32f4xx_dac.o
                0x08004008                DAC_Init
 .text.DAC_Cmd  0x0800403c       0x28 ./Libraries/STM32F4xx_StdPeriph_Driver/src/stm32f4xx_dac.o
                0x0800403c                DAC_Cmd
 .text.DAC_SetChannel1Data
                0x08004064       0x20 ./Libraries/STM32F4xx_StdPeriph_Driver/src/stm32f4xx_dac.o
                0x08004064                DAC_SetChannel1Data
 .text.DMA_DeInit
                0x08004084      0x204 ./Libraries/STM32F4xx_StdPeriph_Driver/src/stm32f4xx_dma.o
                0x08004084                DMA_DeInit
 .text.DMA_Init
                0x08004288       0x98 ./Libraries/STM32F4xx_StdPeriph_Driver/src/stm32f4xx_dma.o
                0x08004288                DMA_Init
 .text.DMA_Cmd  0x08004320       0x14 ./Libraries/STM32F4xx_StdPeriph_Driver/src/stm32f4xx_dma.o
                0x08004320                DMA_Cmd
 .text.DMA_GetCmdStatus
                0x08004334        0x8 ./Libraries/STM32F4xx_StdPeriph_Driver/src/stm32f4xx_dma.o
                0x08004334                DMA_GetCmdStatus
 .text.DMA_GetFlagStatus
                0x0800433c       0x44 ./Libraries/STM32F4xx_StdPeriph_Driver/src/stm32f4xx_dma.o
                0x0800433c                DMA_GetFlagStatus
 .text.DMA_ClearFlag
                0x08004380       0x44 ./Libraries/STM32F4xx_StdPeriph_Driver/src/stm32f4xx_dma.o
                0x08004380                DMA_ClearFlag
 .text.DMA_ITConfig
                0x080043c4       0x30 ./Libraries/STM32F4xx_StdPeriph_Driver/src/stm32f4xx_dma.o
                0x080043c4                DMA_ITConfig
 .text.EXTI_Init
                0x080043f4       0x88 ./Libraries/STM32F4xx_StdPeriph_Driver/src/stm32f4xx_exti.o
                0x080043f4                EXTI_Init
 .text.EXTI_ClearITPendingBit
                0x0800447c        0xc ./Libraries/STM32F4xx_StdPeriph_Driver/src/stm32f4xx_exti.o
                0x0800447c                EXTI_ClearITPendingBit
 .text.FLASH_Unlock
                0x08004488       0x24 ./Libraries/STM32F4xx_StdPeriph_Driver/src/stm32f4xx_flash.o
                0x08004488                FLASH_Unlock
 .text.FLASH_WaitForLastOperation
                0x080044ac       0xb0 ./Libraries/STM32F4xx_StdPeriph_Driver/src/stm32f4xx_flash.o
                0x080044ac                FLASH_WaitForLastOperation
 .text.FLASH_ProgramWord
                0x0800455c       0x40 ./Libraries/STM32F4xx_StdPeriph_Driver/src/stm32f4xx_flash.o
                0x0800455c                FLASH_ProgramWord
 .text.FLASH_EraseSector
                0x0800459c       0x78 ./Libraries/STM32F4xx_StdPeriph_Driver/src/stm32f4xx_flash.o
                0x0800459c                FLASH_EraseSector
 .text.GPIO_Init
                0x08004614      0x170 ./Libraries/STM32F4xx_StdPeriph_Driver/src/stm32f4xx_gpio.o
                0x08004614                GPIO_Init
 .text.GPIO_ReadInputDataBit
                0x08004784        0xc ./Libraries/STM32F4xx_StdPeriph_Driver/src/stm32f4xx_gpio.o
                0x08004784                GPIO_ReadInputDataBit
 .text.GPIO_SetBits
                0x08004790        0x4 ./Libraries/STM32F4xx_StdPeriph_Driver/src/stm32f4xx_gpio.o
                0x08004790                GPIO_SetBits
 .text.GPIO_ResetBits
                0x08004794        0x4 ./Libraries/STM32F4xx_StdPeriph_Driver/src/stm32f4xx_gpio.o
                0x08004794                GPIO_ResetBits
 .text.GPIO_WriteBit
                0x08004798        0xc ./Libraries/STM32F4xx_StdPeriph_Driver/src/stm32f4xx_gpio.o
                0x08004798                GPIO_WriteBit
 .text.GPIO_PinAFConfig
                0x080047a4       0x34 ./Libraries/STM32F4xx_StdPeriph_Driver/src/stm32f4xx_gpio.o
                0x080047a4                GPIO_PinAFConfig
 .text.I2C_DeInit
                0x080047d8       0x70 ./Libraries/STM32F4xx_StdPeriph_Driver/src/stm32f4xx_i2c.o
                0x080047d8                I2C_DeInit
 .text.I2C_Init
                0x08004848       0xfc ./Libraries/STM32F4xx_StdPeriph_Driver/src/stm32f4xx_i2c.o
                0x08004848                I2C_Init
 .text.I2C_Cmd  0x08004944       0x1c ./Libraries/STM32F4xx_StdPeriph_Driver/src/stm32f4xx_i2c.o
                0x08004944                I2C_Cmd
 .text.I2C_GenerateSTART
                0x08004960       0x1c ./Libraries/STM32F4xx_StdPeriph_Driver/src/stm32f4xx_i2c.o
                0x08004960                I2C_GenerateSTART
 .text.I2C_GenerateSTOP
                0x0800497c       0x1c ./Libraries/STM32F4xx_StdPeriph_Driver/src/stm32f4xx_i2c.o
                0x0800497c                I2C_GenerateSTOP
 .text.I2C_Send7bitAddress
                0x08004998       0x14 ./Libraries/STM32F4xx_StdPeriph_Driver/src/stm32f4xx_i2c.o
                0x08004998                I2C_Send7bitAddress
 .text.I2C_AcknowledgeConfig
                0x080049ac       0x1c ./Libraries/STM32F4xx_StdPeriph_Driver/src/stm32f4xx_i2c.o
                0x080049ac                I2C_AcknowledgeConfig
 .text.I2C_SendData
                0x080049c8        0x4 ./Libraries/STM32F4xx_StdPeriph_Driver/src/stm32f4xx_i2c.o
                0x080049c8                I2C_SendData
 .text.I2C_ReceiveData
                0x080049cc        0x8 ./Libraries/STM32F4xx_StdPeriph_Driver/src/stm32f4xx_i2c.o
                0x080049cc                I2C_ReceiveData
 .text.I2C_CheckEvent
                0x080049d4       0x20 ./Libraries/STM32F4xx_StdPeriph_Driver/src/stm32f4xx_i2c.o
                0x080049d4                I2C_CheckEvent
 .text.I2C_GetFlagStatus
                0x080049f4       0x38 ./Libraries/STM32F4xx_StdPeriph_Driver/src/stm32f4xx_i2c.o
                0x080049f4                I2C_GetFlagStatus
 .text.I2C_ClearFlag
                0x08004a2c        0x8 ./Libraries/STM32F4xx_StdPeriph_Driver/src/stm32f4xx_i2c.o
                0x08004a2c                I2C_ClearFlag
 .text.RCC_GetClocksFreq
                0x08004a34       0xbc ./Libraries/STM32F4xx_StdPeriph_Driver/src/stm32f4xx_rcc.o
                0x08004a34                RCC_GetClocksFreq
 .text.RCC_AHB1PeriphClockCmd
                0x08004af0       0x1c ./Libraries/STM32F4xx_StdPeriph_Driver/src/stm32f4xx_rcc.o
                0x08004af0                RCC_AHB1PeriphClockCmd
 .text.RCC_APB1PeriphClockCmd
                0x08004b0c       0x1c ./Libraries/STM32F4xx_StdPeriph_Driver/src/stm32f4xx_rcc.o
                0x08004b0c                RCC_APB1PeriphClockCmd
 .text.RCC_APB2PeriphClockCmd
                0x08004b28       0x1c ./Libraries/STM32F4xx_StdPeriph_Driver/src/stm32f4xx_rcc.o
                0x08004b28                RCC_APB2PeriphClockCmd
 .text.RCC_APB1PeriphResetCmd
                0x08004b44       0x1c ./Libraries/STM32F4xx_StdPeriph_Driver/src/stm32f4xx_rcc.o
                0x08004b44                RCC_APB1PeriphResetCmd
 .text.RCC_APB2PeriphResetCmd
                0x08004b60       0x1c ./Libraries/STM32F4xx_StdPeriph_Driver/src/stm32f4xx_rcc.o
                0x08004b60                RCC_APB2PeriphResetCmd
 .text.SPI_I2S_DeInit
                0x08004b7c       0xdc ./Libraries/STM32F4xx_StdPeriph_Driver/src/stm32f4xx_spi.o
                0x08004b7c                SPI_I2S_DeInit
 .text.SPI_Init
                0x08004c58       0x60 ./Libraries/STM32F4xx_StdPeriph_Driver/src/stm32f4xx_spi.o
                0x08004c58                SPI_Init
 .text.I2S_Init
                0x08004cb8       0xfc ./Libraries/STM32F4xx_StdPeriph_Driver/src/stm32f4xx_spi.o
                0x08004cb8                I2S_Init
 .text.SPI_Cmd  0x08004db4       0x1c ./Libraries/STM32F4xx_StdPeriph_Driver/src/stm32f4xx_spi.o
                0x08004db4                SPI_Cmd
 .text.I2S_Cmd  0x08004dd0       0x1c ./Libraries/STM32F4xx_StdPeriph_Driver/src/stm32f4xx_spi.o
                0x08004dd0                I2S_Cmd
 .text.SPI_I2S_ReceiveData
                0x08004dec        0x8 ./Libraries/STM32F4xx_StdPeriph_Driver/src/stm32f4xx_spi.o
                0x08004dec                SPI_I2S_ReceiveData
 .text.SPI_I2S_SendData
                0x08004df4        0x4 ./Libraries/STM32F4xx_StdPeriph_Driver/src/stm32f4xx_spi.o
                0x08004df4                SPI_I2S_SendData
 .text.SPI_I2S_DMACmd
                0x08004df8       0x14 ./Libraries/STM32F4xx_StdPeriph_Driver/src/stm32f4xx_spi.o
                0x08004df8                SPI_I2S_DMACmd
 .text.SPI_I2S_ITConfig
                0x08004e0c       0x24 ./Libraries/STM32F4xx_StdPeriph_Driver/src/stm32f4xx_spi.o
                0x08004e0c                SPI_I2S_ITConfig
 .text.SPI_I2S_GetFlagStatus
                0x08004e30        0xc ./Libraries/STM32F4xx_StdPeriph_Driver/src/stm32f4xx_spi.o
                0x08004e30                SPI_I2S_GetFlagStatus
 .text.SYSCFG_EXTILineConfig
                0x08004e3c       0x3c ./Libraries/STM32F4xx_StdPeriph_Driver/src/stm32f4xx_syscfg.o
                0x08004e3c                SYSCFG_EXTILineConfig
 .text.TIM_SetAutoreload
                0x08004e78        0x4 ./Libraries/STM32F4xx_StdPeriph_Driver/src/stm32f4xx_tim.o
                0x08004e78                TIM_SetAutoreload
 .text.TIM_SetCompare1
                0x08004e7c        0x4 ./Libraries/STM32F4xx_StdPeriph_Driver/src/stm32f4xx_tim.o
                0x08004e7c                TIM_SetCompare1
 .text.TIM_SetCompare2
                0x08004e80        0x4 ./Libraries/STM32F4xx_StdPeriph_Driver/src/stm32f4xx_tim.o
                0x08004e80                TIM_SetCompare2
 .text.TIM_SetCompare3
                0x08004e84        0x4 ./Libraries/STM32F4xx_StdPeriph_Driver/src/stm32f4xx_tim.o
                0x08004e84                TIM_SetCompare3
 .text.TIM_SetCompare4
                0x08004e88        0x4 ./Libraries/STM32F4xx_StdPeriph_Driver/src/stm32f4xx_tim.o
                0x08004e88                TIM_SetCompare4
 .text.TIM_CCxCmd
                0x08004e8c       0x28 ./Libraries/STM32F4xx_StdPeriph_Driver/src/stm32f4xx_tim.o
                0x08004e8c                TIM_CCxCmd
 .text.atexit   0x08004eb4        0xc d:/gnu arm/bin/../lib/gcc/arm-none-eabi/4.6.2/../../../../arm-none-eabi/lib/armv7e-m\libc.a(lib_a-atexit.o)
                0x08004eb4                atexit
 .text.__libc_fini_array
                0x08004ec0       0x2c d:/gnu arm/bin/../lib/gcc/arm-none-eabi/4.6.2/../../../../arm-none-eabi/lib/armv7e-m\libc.a(lib_a-fini.o)
                0x08004ec0                __libc_fini_array
 .text.__register_exitproc
                0x08004eec       0xac d:/gnu arm/bin/../lib/gcc/arm-none-eabi/4.6.2/../../../../arm-none-eabi/lib/armv7e-m\libc.a(lib_a-__atexit.o)
                0x08004eec                __register_exitproc
 .text.startup.register_fini
                0x08004f98       0x14 d:/gnu arm/bin/../lib/gcc/arm-none-eabi/4.6.2/../../../../arm-none-eabi/lib/armv7e-m\libc.a(lib_a-__call_atexit.o)
 *(.rodata)
 *(.rodata*)
 .rodata.GPIO_CLK
                0x08004fac       0x10 ./src/STM32F4-Discovery/stm32f4_discovery.o
                0x08004fac                GPIO_CLK
 .rodata.GPIO_PIN
                0x08004fbc        0x8 ./src/STM32F4-Discovery/stm32f4_discovery.o
                0x08004fbc                GPIO_PIN
 .rodata.sinebuf
                0x08004fc4       0x60 ./src/selftest.o
                0x08004fc4                sinebuf
 .rodata.CSWTCH.2
                0x08005024        0x4 ./Libraries/STM32_USB_OTG_Driver/src/usb_core.o
 .rodata.str1.4
                0x08005028        0x4 d:/gnu arm/bin/../lib/gcc/arm-none-eabi/4.6.2/../../../../arm-none-eabi/lib/armv7e-m\libc.a(lib_a-impure.o)
 .rodata._global_impure_ptr
                0x0800502c        0x4 d:/gnu arm/bin/../lib/gcc/arm-none-eabi/4.6.2/../../../../arm-none-eabi/lib/armv7e-m\libc.a(lib_a-impure.o)
                0x0800502c                _global_impure_ptr
 *(.glue_7)
 .glue_7        0x00000000        0x0 linker stubs
 *(.glue_7t)
 .glue_7t       0x00000000        0x0 linker stubs
 *(.eh_frame)
 .eh_frame      0x08005030        0x0 d:/gnu arm/bin/../lib/gcc/arm-none-eabi/4.6.2/armv7e-m/crtbegin.o
 *(.init)
 .init          0x08005030        0x4 d:/gnu arm/bin/../lib/gcc/arm-none-eabi/4.6.2/armv7e-m/crti.o
                0x08005030                _init
 .init          0x08005034        0x8 d:/gnu arm/bin/../lib/gcc/arm-none-eabi/4.6.2/armv7e-m/crtn.o
 *(.fini)
 .fini          0x0800503c        0x4 d:/gnu arm/bin/../lib/gcc/arm-none-eabi/4.6.2/armv7e-m/crti.o
                0x0800503c                _fini
 .fini          0x08005040        0x8 d:/gnu arm/bin/../lib/gcc/arm-none-eabi/4.6.2/armv7e-m/crtn.o
                0x08005048                . = ALIGN (0x4)
                0x08005048                _etext = .

.vfp11_veneer   0x08005048        0x0
 .vfp11_veneer  0x00000000        0x0 linker stubs

.v4_bx          0x08005048        0x0
 .v4_bx         0x00000000        0x0 linker stubs

.ARM.extab
 *(.ARM.extab* .gnu.linkonce.armextab.*)

.ARM            0x08005048        0x0
                0x08005048                __exidx_start = .
 *(.ARM.exidx*)
                0x08005048                __exidx_end = .

.preinit_array  0x08005048        0x0
                0x08005048                PROVIDE (__preinit_array_start, .)
 *(.preinit_array*)
                0x08005048                PROVIDE (__preinit_array_end, .)

.init_array     0x08005048        0x8
                0x08005048                PROVIDE (__init_array_start, .)
 *(SORT(.init_array.*))
 .init_array.00000
                0x08005048        0x4 d:/gnu arm/bin/../lib/gcc/arm-none-eabi/4.6.2/../../../../arm-none-eabi/lib/armv7e-m\libc.a(lib_a-__call_atexit.o)
 *(.init_array*)
 .init_array    0x0800504c        0x4 d:/gnu arm/bin/../lib/gcc/arm-none-eabi/4.6.2/armv7e-m/crtbegin.o
                0x08005050                PROVIDE (__init_array_end, .)

.fini_array     0x08005050        0x4
                0x08005050                PROVIDE (__fini_array_start, .)
 *(.fini_array*)
 .fini_array    0x08005050        0x4 d:/gnu arm/bin/../lib/gcc/arm-none-eabi/4.6.2/armv7e-m/crtbegin.o
 *(SORT(.fini_array.*))
                0x08005054                PROVIDE (__fini_array_end, .)
                0x08005054                _sidata = .

.data           0x20000000      0x4b8 load address 0x08005054
                0x20000000                . = ALIGN (0x4)
                0x20000000                _sdata = .
 *(.data)
 *(.data*)
 .data.GPIO_PORT
                0x20000000       0x10 ./src/STM32F4-Discovery/stm32f4_discovery.o
                0x20000000                GPIO_PORT
 .data.BUTTON_PORT
                0x20000010        0x4 ./src/STM32F4-Discovery/stm32f4_discovery.o
                0x20000010                BUTTON_PORT
 .data.AUDIO_MAL_DMA_FLAG_FE
                0x20000014        0x4 ./src/STM32F4-Discovery/stm32f4_discovery_audio_codec.o
                0x20000014                AUDIO_MAL_DMA_FLAG_FE
 .data.AUDIO_MAL_DMA_FLAG_HT
                0x20000018        0x4 ./src/STM32F4-Discovery/stm32f4_discovery_audio_codec.o
                0x20000018                AUDIO_MAL_DMA_FLAG_HT
 .data.AUDIO_MAL_DMA_FLAG_TC
                0x2000001c        0x4 ./src/STM32F4-Discovery/stm32f4_discovery_audio_codec.o
                0x2000001c                AUDIO_MAL_DMA_FLAG_TC
 .data.AUDIO_MAL_DMA_DREG
                0x20000020        0x4 ./src/STM32F4-Discovery/stm32f4_discovery_audio_codec.o
                0x20000020                AUDIO_MAL_DMA_DREG
 .data.AUDIO_MAL_DMA_FLAG_TE
                0x20000024        0x4 ./src/STM32F4-Discovery/stm32f4_discovery_audio_codec.o
                0x20000024                AUDIO_MAL_DMA_FLAG_TE
 .data.AUDIO_MAL_DMA_CLOCK
                0x20000028        0x4 ./src/STM32F4-Discovery/stm32f4_discovery_audio_codec.o
                0x20000028                AUDIO_MAL_DMA_CLOCK
 .data.AUDIO_MAL_DMA_FLAG_DME
                0x2000002c        0x4 ./src/STM32F4-Discovery/stm32f4_discovery_audio_codec.o
                0x2000002c                AUDIO_MAL_DMA_FLAG_DME
 .data.AUDIO_MAL_DMA_STREAM
                0x20000030        0x4 ./src/STM32F4-Discovery/stm32f4_discovery_audio_codec.o
                0x20000030                AUDIO_MAL_DMA_STREAM
 .data.AUDIO_MAL_DMA_IRQ
                0x20000034        0x4 ./src/STM32F4-Discovery/stm32f4_discovery_audio_codec.o
                0x20000034                AUDIO_MAL_DMA_IRQ
 .data.CurrAudioInterface
                0x20000038        0x4 ./src/STM32F4-Discovery/stm32f4_discovery_audio_codec.o
                0x20000038                CurrAudioInterface
 .data.AudioRemSize
                0x2000003c        0x4 ./src/STM32F4-Discovery/stm32f4_discovery_audio_codec.o
                0x2000003c                AudioRemSize
 .data.CODECTimeout
                0x20000040        0x4 ./src/STM32F4-Discovery/stm32f4_discovery_audio_codec.o
                0x20000040                CODECTimeout
 .data.LIS302DLTimeout
                0x20000044        0x4 ./src/STM32F4-Discovery/stm32f4_discovery_lis302dl.o
                0x20000044                LIS302DLTimeout
 .data.count1   0x20000048        0x2 ./src/selftest.o
                0x20000048                count1
 *fill*         0x2000004a        0x2 00
 .data.USBD_DCD_INT_fops
                0x2000004c        0x4 ./Libraries/STM32_USB_Device_Library/Core/src/usbd_core.o
                0x2000004c                USBD_DCD_INT_fops
 .data.USBD_DCD_INT_cb
                0x20000050       0x2c ./Libraries/STM32_USB_Device_Library/Core/src/usbd_core.o
                0x20000050                USBD_DCD_INT_cb
 .data.APBAHBPrescTable
                0x2000007c       0x10 ./Libraries/STM32F4xx_StdPeriph_Driver/src/stm32f4xx_rcc.o
 *fill*         0x2000008c        0x4 00
 .data.impure_data
                0x20000090      0x428 d:/gnu arm/bin/../lib/gcc/arm-none-eabi/4.6.2/../../../../arm-none-eabi/lib/armv7e-m\libc.a(lib_a-impure.o)
                0x200004b8                . = ALIGN (0x4)
                0x200004b8                _edata = .

.jcr            0x200004b8        0x0 load address 0x0800550c
 .jcr           0x200004b8        0x0 d:/gnu arm/bin/../lib/gcc/arm-none-eabi/4.6.2/armv7e-m/crtbegin.o
                0x200004b8                . = ALIGN (0x4)

.bss            0x200004b8      0x71c load address 0x0800550c
                0x200004b8                _sbss = .
                0x200004b8                __bss_start__ = _sbss
 *(.bss)
 .bss           0x200004b8       0x1c d:/gnu arm/bin/../lib/gcc/arm-none-eabi/4.6.2/armv7e-m/crtbegin.o
 *(.bss*)
 .bss.AUDIO_MAL_DMA_CHANNEL
                0x200004d4        0x4 ./src/STM32F4-Discovery/stm32f4_discovery_audio_codec.o
                0x200004d4                AUDIO_MAL_DMA_CHANNEL
 .bss.OutputDev
                0x200004d8        0x1 ./src/STM32F4-Discovery/stm32f4_discovery_audio_codec.o
                0x200004d8                OutputDev
 .bss.DemoEnterCondition
                0x200004d9        0x1 ./src/main.o
                0x200004d9                DemoEnterCondition
 .bss.UserButtonPressed
                0x200004da        0x1 ./src/main.o
                0x200004da                UserButtonPressed
 *fill*         0x200004db        0x1 00
 .bss.count     0x200004dc        0x2 ./src/selftest.o
                0x200004dc                count
 .bss.Left_Right
                0x200004de        0x2 ./src/selftest.o
                0x200004de                Left_Right
 .bss.DACTest   0x200004e0        0x1 ./src/selftest.o
                0x200004e0                DACTest
 *fill*         0x200004e1        0x1 00
 .bss.counter0  0x200004e2        0x2 ./src/selftest.o
                0x200004e2                counter0
 .bss.counter1  0x200004e4        0x2 ./src/selftest.o
                0x200004e4                counter1
 *fill*         0x200004e6        0x2 00
 .bss.HID_Buffer.9503
                0x200004e8        0x4 ./src/stm32f4xx_it.o
 .bss.TempAcceleration
                0x200004ec        0x1 ./src/stm32f4xx_it.o
                0x200004ec                TempAcceleration
 .bss.Counter   0x200004ed        0x1 ./src/stm32f4xx_it.o
                0x200004ed                Counter
 *fill*         0x200004ee        0x2 00
 .bss.USBD_cfg_status
                0x200004f0        0x4 ./Libraries/STM32_USB_Device_Library/Core/src/usbd_req.o
                0x200004f0                USBD_cfg_status
 .bss.cfgidx.8586
                0x200004f4        0x1 ./Libraries/STM32_USB_Device_Library/Core/src/usbd_req.o
 *fill*         0x200004f5        0x3 00
 .bss.USBD_ep_status
                0x200004f8        0x4 ./Libraries/STM32_USB_Device_Library/Core/src/usbd_req.o
                0x200004f8                USBD_ep_status
 .bss.USBD_default_cfg
                0x200004fc        0x4 ./Libraries/STM32_USB_Device_Library/Core/src/usbd_req.o
                0x200004fc                USBD_default_cfg
 *(COMMON)
 COMMON         0x20000500       0x7c ./src/STM32F4-Discovery/stm32f4_discovery_audio_codec.o
                0x20000500                CurrentPos
                0x20000504                AUDIO_MAL_DMA_InitStructure
                0x20000540                DMA_InitStructure
 COMMON         0x2000057c      0x612 ./src/main.o
                0x2000057c                LIS302DL_InitStruct
                0x20000584                TimingDelay
                0x20000588                Y_Offset
                0x2000058c                LIS302DL_FilterStruct
                0x2000058f                X_Offset
                0x20000590                USB_OTG_dev
                0x20000b88                Buffer
 *fill*         0x20000b8e        0x2 00
 COMMON         0x20000b90       0x3e ./src/selftest.o
                0x20000b90                ConvData1
                0x20000b94                ADC_InitStructure
                0x20000bac                RCC_Clocks
                0x20000bbc                ADC_CommonInitStructure
                0x20000bcc                ConvData2
 *fill*         0x20000bce        0x2 00
 COMMON         0x20000bd0        0x4 ./Libraries/STM32_USB_Device_Library/Core/src/usbd_core.o
                0x20000bd0                SET_TEST_MODE
                0x20000bd4                . = ALIGN (0x4)
                0x20000bd4                _ebss = .
                0x20000bd4                __bss_end__ = _ebss

._user_heap_stack
                0x20000bd4      0x400 load address 0x08005c28
                0x20000bd4                . = ALIGN (0x4)
                0x20000bd4                PROVIDE (end, .)
                0x20000bd4                PROVIDE (_end, .)
                0x20000bd4                . = (. + _Min_Heap_Size)
                0x20000fd4                . = (. + _Min_Stack_Size)
 *fill*         0x20000bd4      0x400 00
                0x20000fd4                . = ALIGN (0x4)

.memory_b1_text
 *(.mb1text)
 *(.mb1text*)
 *(.mb1rodata)
 *(.mb1rodata*)

/DISCARD/
 libc.a(*)
 libm.a(*)
 libgcc.a(*)

.ARM.attributes
                0x00000000       0x2a
 *(.ARM.attributes)
 .ARM.attributes
                0x00000000       0x1e d:/gnu arm/bin/../lib/gcc/arm-none-eabi/4.6.2/armv7e-m/crti.o
 .ARM.attributes
                0x0000001e       0x2e d:/gnu arm/bin/../lib/gcc/arm-none-eabi/4.6.2/armv7e-m/crtbegin.o
 .ARM.attributes
                0x0000004c       0x1c d:/gnu arm/bin/../lib/gcc/arm-none-eabi/4.6.2/../../../../arm-none-eabi/lib/armv7e-m/crt0.o
 .ARM.attributes
                0x00000068       0x33 ./src/STM32F4-Discovery/stm32f4_discovery.o
 .ARM.attributes
                0x0000009b       0x33 ./src/STM32F4-Discovery/stm32f4_discovery_audio_codec.o
 .ARM.attributes
                0x000000ce       0x33 ./src/STM32F4-Discovery/stm32f4_discovery_lis302dl.o
 .ARM.attributes
                0x00000101       0x33 ./src/main.o
 .ARM.attributes
                0x00000134       0x33 ./src/selftest.o
 .ARM.attributes
                0x00000167       0x21 ./src/startup_stm32f40_41xxx.o
 .ARM.attributes
                0x00000188       0x33 ./src/stm32f4xx_it.o
 .ARM.attributes
                0x000001bb       0x33 ./src/system_stm32f4xx.o
 .ARM.attributes
                0x000001ee       0x33 ./src/usb_bsp.o
 .ARM.attributes
                0x00000221       0x33 ./src/usbd_desc.o
 .ARM.attributes
                0x00000254       0x33 ./src/usbd_usr.o
 .ARM.attributes
                0x00000287       0x33 ./Libraries/STM32_USB_OTG_Driver/src/usb_core.o
 .ARM.attributes
                0x000002ba       0x33 ./Libraries/STM32_USB_OTG_Driver/src/usb_dcd.o
 .ARM.attributes
                0x000002ed       0x33 ./Libraries/STM32_USB_OTG_Driver/src/usb_dcd_int.o
 .ARM.attributes
                0x00000320       0x33 ./Libraries/STM32_USB_Device_Library/Core/src/usbd_core.o
 .ARM.attributes
                0x00000353       0x33 ./Libraries/STM32_USB_Device_Library/Core/src/usbd_ioreq.o
 .ARM.attributes
                0x00000386       0x33 ./Libraries/STM32_USB_Device_Library/Core/src/usbd_req.o
 .ARM.attributes
                0x000003b9       0x33 ./Libraries/STM32F4xx_StdPeriph_Driver/src/misc.o
 .ARM.attributes
                0x000003ec       0x33 ./Libraries/STM32F4xx_StdPeriph_Driver/src/stm32f4xx_adc.o
 .ARM.attributes
                0x0000041f       0x33 ./Libraries/STM32F4xx_StdPeriph_Driver/src/stm32f4xx_can.o
 .ARM.attributes
                0x00000452       0x33 ./Libraries/STM32F4xx_StdPeriph_Driver/src/stm32f4xx_crc.o
 .ARM.attributes
                0x00000485       0x33 ./Libraries/STM32F4xx_StdPeriph_Driver/src/stm32f4xx_cryp.o
 .ARM.attributes
                0x000004b8       0x33 ./Libraries/STM32F4xx_StdPeriph_Driver/src/stm32f4xx_cryp_aes.o
 .ARM.attributes
                0x000004eb       0x33 ./Libraries/STM32F4xx_StdPeriph_Driver/src/stm32f4xx_cryp_des.o
 .ARM.attributes
                0x0000051e       0x33 ./Libraries/STM32F4xx_StdPeriph_Driver/src/stm32f4xx_cryp_tdes.o
 .ARM.attributes
                0x00000551       0x33 ./Libraries/STM32F4xx_StdPeriph_Driver/src/stm32f4xx_dac.o
 .ARM.attributes
                0x00000584       0x33 ./Libraries/STM32F4xx_StdPeriph_Driver/src/stm32f4xx_dbgmcu.o
 .ARM.attributes
                0x000005b7       0x33 ./Libraries/STM32F4xx_StdPeriph_Driver/src/stm32f4xx_dcmi.o
 .ARM.attributes
                0x000005ea       0x33 ./Libraries/STM32F4xx_StdPeriph_Driver/src/stm32f4xx_dma.o
 .ARM.attributes
                0x0000061d       0x33 ./Libraries/STM32F4xx_StdPeriph_Driver/src/stm32f4xx_dma2d.o
 .ARM.attributes
                0x00000650       0x33 ./Libraries/STM32F4xx_StdPeriph_Driver/src/stm32f4xx_exti.o
 .ARM.attributes
                0x00000683       0x33 ./Libraries/STM32F4xx_StdPeriph_Driver/src/stm32f4xx_flash.o
 .ARM.attributes
                0x000006b6       0x33 ./Libraries/STM32F4xx_StdPeriph_Driver/src/stm32f4xx_fsmc.o
 .ARM.attributes
                0x000006e9       0x33 ./Libraries/STM32F4xx_StdPeriph_Driver/src/stm32f4xx_gpio.o
 .ARM.attributes
                0x0000071c       0x33 ./Libraries/STM32F4xx_StdPeriph_Driver/src/stm32f4xx_hash.o
 .ARM.attributes
                0x0000074f       0x33 ./Libraries/STM32F4xx_StdPeriph_Driver/src/stm32f4xx_hash_md5.o
 .ARM.attributes
                0x00000782       0x33 ./Libraries/STM32F4xx_StdPeriph_Driver/src/stm32f4xx_hash_sha1.o
 .ARM.attributes
                0x000007b5       0x33 ./Libraries/STM32F4xx_StdPeriph_Driver/src/stm32f4xx_i2c.o
 .ARM.attributes
                0x000007e8       0x33 ./Libraries/STM32F4xx_StdPeriph_Driver/src/stm32f4xx_iwdg.o
 .ARM.attributes
                0x0000081b       0x33 ./Libraries/STM32F4xx_StdPeriph_Driver/src/stm32f4xx_ltdc.o
 .ARM.attributes
                0x0000084e       0x33 ./Libraries/STM32F4xx_StdPeriph_Driver/src/stm32f4xx_pwr.o
 .ARM.attributes
                0x00000881       0x33 ./Libraries/STM32F4xx_StdPeriph_Driver/src/stm32f4xx_rcc.o
 .ARM.attributes
                0x000008b4       0x33 ./Libraries/STM32F4xx_StdPeriph_Driver/src/stm32f4xx_rng.o
 .ARM.attributes
                0x000008e7       0x33 ./Libraries/STM32F4xx_StdPeriph_Driver/src/stm32f4xx_rtc.o
 .ARM.attributes
                0x0000091a       0x33 ./Libraries/STM32F4xx_StdPeriph_Driver/src/stm32f4xx_sai.o
 .ARM.attributes
                0x0000094d       0x33 ./Libraries/STM32F4xx_StdPeriph_Driver/src/stm32f4xx_sdio.o
 .ARM.attributes
                0x00000980       0x33 ./Libraries/STM32F4xx_StdPeriph_Driver/src/stm32f4xx_spi.o
 .ARM.attributes
                0x000009b3       0x33 ./Libraries/STM32F4xx_StdPeriph_Driver/src/stm32f4xx_syscfg.o
 .ARM.attributes
                0x000009e6       0x33 ./Libraries/STM32F4xx_StdPeriph_Driver/src/stm32f4xx_tim.o
 .ARM.attributes
                0x00000a19       0x33 ./Libraries/STM32F4xx_StdPeriph_Driver/src/stm32f4xx_usart.o
 .ARM.attributes
                0x00000a4c       0x33 ./Libraries/STM32F4xx_StdPeriph_Driver/src/stm32f4xx_wwdg.o
 .ARM.attributes
                0x00000a7f       0x33 ./Libraries/syscalls.o
 .ARM.attributes
                0x00000ab2       0x2e d:/gnu arm/bin/../lib/gcc/arm-none-eabi/4.6.2/../../../../arm-none-eabi/lib/armv7e-m\libc.a(lib_a-atexit.o)
 .ARM.attributes
                0x00000ae0       0x2e d:/gnu arm/bin/../lib/gcc/arm-none-eabi/4.6.2/../../../../arm-none-eabi/lib/armv7e-m\libc.a(lib_a-exit.o)
 .ARM.attributes
                0x00000b0e       0x2e d:/gnu arm/bin/../lib/gcc/arm-none-eabi/4.6.2/../../../../arm-none-eabi/lib/armv7e-m\libc.a(lib_a-fini.o)
 .ARM.attributes
                0x00000b3c       0x2e d:/gnu arm/bin/../lib/gcc/arm-none-eabi/4.6.2/../../../../arm-none-eabi/lib/armv7e-m\libc.a(lib_a-impure.o)
 .ARM.attributes
                0x00000b6a       0x2e d:/gnu arm/bin/../lib/gcc/arm-none-eabi/4.6.2/../../../../arm-none-eabi/lib/armv7e-m\libc.a(lib_a-init.o)
 .ARM.attributes
                0x00000b98       0x2e d:/gnu arm/bin/../lib/gcc/arm-none-eabi/4.6.2/../../../../arm-none-eabi/lib/armv7e-m\libc.a(lib_a-memset.o)
 .ARM.attributes
                0x00000bc6       0x2e d:/gnu arm/bin/../lib/gcc/arm-none-eabi/4.6.2/../../../../arm-none-eabi/lib/armv7e-m\libc.a(lib_a-reent.o)
 .ARM.attributes
                0x00000bf4       0x2e d:/gnu arm/bin/../lib/gcc/arm-none-eabi/4.6.2/../../../../arm-none-eabi/lib/armv7e-m\libc.a(lib_a-__atexit.o)
 .ARM.attributes
                0x00000c22       0x2e d:/gnu arm/bin/../lib/gcc/arm-none-eabi/4.6.2/../../../../arm-none-eabi/lib/armv7e-m\libc.a(lib_a-__call_atexit.o)
 .ARM.attributes
                0x00000c50       0x2e d:/gnu arm/bin/../lib/gcc/arm-none-eabi/4.6.2/../../../../arm-none-eabi/lib/armv7e-m\libc.a(lib_a-freer.o)
 .ARM.attributes
                0x00000c7e       0x2e d:/gnu arm/bin/../lib/gcc/arm-none-eabi/4.6.2/../../../../arm-none-eabi/lib/armv7e-m\libc.a(lib_a-mallocr.o)
 .ARM.attributes
                0x00000cac       0x2e d:/gnu arm/bin/../lib/gcc/arm-none-eabi/4.6.2/../../../../arm-none-eabi/lib/armv7e-m\libc.a(lib_a-mlock.o)
 .ARM.attributes
                0x00000cda       0x2e d:/gnu arm/bin/../lib/gcc/arm-none-eabi/4.6.2/../../../../arm-none-eabi/lib/armv7e-m\libc.a(lib_a-sbrkr.o)
 .ARM.attributes
                0x00000d08       0x2e d:/gnu arm/bin/../lib/gcc/arm-none-eabi/4.6.2/armv7e-m/crtend.o
 .ARM.attributes
                0x00000d36       0x1e d:/gnu arm/bin/../lib/gcc/arm-none-eabi/4.6.2/armv7e-m/crtn.o
OUTPUT(STM32F4_Audio.elf elf32-littlearm)

.debug_info     0x00000000    0x25a2a
 .debug_info    0x00000000      0x96d ./src/STM32F4-Discovery/stm32f4_discovery.o
 .debug_info    0x0000096d     0x1d6a ./src/STM32F4-Discovery/stm32f4_discovery_audio_codec.o
 .debug_info    0x000026d7      0xa15 ./src/STM32F4-Discovery/stm32f4_discovery_lis302dl.o
 .debug_info    0x000030ec     0x15a1 ./src/main.o
 .debug_info    0x0000468d      0xbb8 ./src/selftest.o
 .debug_info    0x00005245     0x129a ./src/stm32f4xx_it.o
 .debug_info    0x000064df      0x674 ./src/system_stm32f4xx.o
 .debug_info    0x00006b53     0x11ed ./src/usb_bsp.o
 .debug_info    0x00007d40      0x45b ./src/usbd_desc.o
 .debug_info    0x0000819b      0x842 ./src/usbd_usr.o
 .debug_info    0x000089dd     0x2c5e ./Libraries/STM32_USB_OTG_Driver/src/usb_core.o
 .debug_info    0x0000b63b     0x1101 ./Libraries/STM32_USB_OTG_Driver/src/usb_dcd.o
 .debug_info    0x0000c73c     0x227f ./Libraries/STM32_USB_OTG_Driver/src/usb_dcd_int.o
 .debug_info    0x0000e9bb     0x1286 ./Libraries/STM32_USB_Device_Library/Core/src/usbd_core.o
 .debug_info    0x0000fc41      0xe67 ./Libraries/STM32_USB_Device_Library/Core/src/usbd_ioreq.o
 .debug_info    0x00010aa8     0x133f ./Libraries/STM32_USB_Device_Library/Core/src/usbd_req.o
 .debug_info    0x00011de7      0x59a ./Libraries/STM32F4xx_StdPeriph_Driver/src/misc.o
 .debug_info    0x00012381      0xcf8 ./Libraries/STM32F4xx_StdPeriph_Driver/src/stm32f4xx_adc.o
 .debug_info    0x00013079      0xc99 ./Libraries/STM32F4xx_StdPeriph_Driver/src/stm32f4xx_can.o
 .debug_info    0x00013d12      0x20b ./Libraries/STM32F4xx_StdPeriph_Driver/src/stm32f4xx_crc.o
 .debug_info    0x00013f1d      0x924 ./Libraries/STM32F4xx_StdPeriph_Driver/src/stm32f4xx_cryp.o
 .debug_info    0x00014841     0x1556 ./Libraries/STM32F4xx_StdPeriph_Driver/src/stm32f4xx_cryp_aes.o
 .debug_info    0x00015d97      0x4ef ./Libraries/STM32F4xx_StdPeriph_Driver/src/stm32f4xx_cryp_des.o
 .debug_info    0x00016286      0x5b8 ./Libraries/STM32F4xx_StdPeriph_Driver/src/stm32f4xx_cryp_tdes.o
 .debug_info    0x0001683e      0x698 ./Libraries/STM32F4xx_StdPeriph_Driver/src/stm32f4xx_dac.o
 .debug_info    0x00016ed6      0x1f4 ./Libraries/STM32F4xx_StdPeriph_Driver/src/stm32f4xx_dbgmcu.o
 .debug_info    0x000170ca      0x5a3 ./Libraries/STM32F4xx_StdPeriph_Driver/src/stm32f4xx_dcmi.o
 .debug_info    0x0001766d      0x7a1 ./Libraries/STM32F4xx_StdPeriph_Driver/src/stm32f4xx_dma.o
 .debug_info    0x00017e0e      0x8d5 ./Libraries/STM32F4xx_StdPeriph_Driver/src/stm32f4xx_dma2d.o
 .debug_info    0x000186e3      0x364 ./Libraries/STM32F4xx_StdPeriph_Driver/src/stm32f4xx_exti.o
 .debug_info    0x00018a47      0xa89 ./Libraries/STM32F4xx_StdPeriph_Driver/src/stm32f4xx_flash.o
 .debug_info    0x000194d0      0x9b6 ./Libraries/STM32F4xx_StdPeriph_Driver/src/stm32f4xx_fsmc.o
 .debug_info    0x00019e86      0x638 ./Libraries/STM32F4xx_StdPeriph_Driver/src/stm32f4xx_gpio.o
 .debug_info    0x0001a4be      0x5ee ./Libraries/STM32F4xx_StdPeriph_Driver/src/stm32f4xx_hash.o
 .debug_info    0x0001aaac      0x444 ./Libraries/STM32F4xx_StdPeriph_Driver/src/stm32f4xx_hash_md5.o
 .debug_info    0x0001aef0      0x497 ./Libraries/STM32F4xx_StdPeriph_Driver/src/stm32f4xx_hash_sha1.o
 .debug_info    0x0001b387      0xc2f ./Libraries/STM32F4xx_StdPeriph_Driver/src/stm32f4xx_i2c.o
 .debug_info    0x0001bfb6      0x208 ./Libraries/STM32F4xx_StdPeriph_Driver/src/stm32f4xx_iwdg.o
 .debug_info    0x0001c1be      0xddf ./Libraries/STM32F4xx_StdPeriph_Driver/src/stm32f4xx_ltdc.o
 .debug_info    0x0001cf9d      0x628 ./Libraries/STM32F4xx_StdPeriph_Driver/src/stm32f4xx_pwr.o
 .debug_info    0x0001d5c5      0xfa7 ./Libraries/STM32F4xx_StdPeriph_Driver/src/stm32f4xx_rcc.o
 .debug_info    0x0001e56c      0x296 ./Libraries/STM32F4xx_StdPeriph_Driver/src/stm32f4xx_rng.o
 .debug_info    0x0001e802     0x1ae4 ./Libraries/STM32F4xx_StdPeriph_Driver/src/stm32f4xx_rtc.o
 .debug_info    0x000202e6      0x8b1 ./Libraries/STM32F4xx_StdPeriph_Driver/src/stm32f4xx_sai.o
 .debug_info    0x00020b97      0x88e ./Libraries/STM32F4xx_StdPeriph_Driver/src/stm32f4xx_sdio.o
 .debug_info    0x00021425      0xbf1 ./Libraries/STM32F4xx_StdPeriph_Driver/src/stm32f4xx_spi.o
 .debug_info    0x00022016      0x2a1 ./Libraries/STM32F4xx_StdPeriph_Driver/src/stm32f4xx_syscfg.o
 .debug_info    0x000222b7     0x2375 ./Libraries/STM32F4xx_StdPeriph_Driver/src/stm32f4xx_tim.o
 .debug_info    0x0002462c      0xa50 ./Libraries/STM32F4xx_StdPeriph_Driver/src/stm32f4xx_usart.o
 .debug_info    0x0002507c      0x25b ./Libraries/STM32F4xx_StdPeriph_Driver/src/stm32f4xx_wwdg.o
 .debug_info    0x000252d7      0x753 ./Libraries/syscalls.o

.debug_abbrev   0x00000000     0x627b
 .debug_abbrev  0x00000000      0x1a0 ./src/STM32F4-Discovery/stm32f4_discovery.o
 .debug_abbrev  0x000001a0      0x2df ./src/STM32F4-Discovery/stm32f4_discovery_audio_codec.o
 .debug_abbrev  0x0000047f      0x277 ./src/STM32F4-Discovery/stm32f4_discovery_lis302dl.o
 .debug_abbrev  0x000006f6      0x2af ./src/main.o
 .debug_abbrev  0x000009a5      0x1f3 ./src/selftest.o
 .debug_abbrev  0x00000b98      0x226 ./src/stm32f4xx_it.o
 .debug_abbrev  0x00000dbe      0x16e ./src/system_stm32f4xx.o
 .debug_abbrev  0x00000f2c      0x25f ./src/usb_bsp.o
 .debug_abbrev  0x0000118b      0x18b ./src/usbd_desc.o
 .debug_abbrev  0x00001316      0x1cc ./src/usbd_usr.o
 .debug_abbrev  0x000014e2      0x43b ./Libraries/STM32_USB_OTG_Driver/src/usb_core.o
 .debug_abbrev  0x0000191d      0x25d ./Libraries/STM32_USB_OTG_Driver/src/usb_dcd.o
 .debug_abbrev  0x00001b7a      0x2a4 ./Libraries/STM32_USB_OTG_Driver/src/usb_dcd_int.o
 .debug_abbrev  0x00001e1e      0x30e ./Libraries/STM32_USB_Device_Library/Core/src/usbd_core.o
 .debug_abbrev  0x0000212c      0x18f ./Libraries/STM32_USB_Device_Library/Core/src/usbd_ioreq.o
 .debug_abbrev  0x000022bb      0x35f ./Libraries/STM32_USB_Device_Library/Core/src/usbd_req.o
 .debug_abbrev  0x0000261a      0x14e ./Libraries/STM32F4xx_StdPeriph_Driver/src/misc.o
 .debug_abbrev  0x00002768      0x1e6 ./Libraries/STM32F4xx_StdPeriph_Driver/src/stm32f4xx_adc.o
 .debug_abbrev  0x0000294e      0x22d ./Libraries/STM32F4xx_StdPeriph_Driver/src/stm32f4xx_can.o
 .debug_abbrev  0x00002b7b      0x134 ./Libraries/STM32F4xx_StdPeriph_Driver/src/stm32f4xx_crc.o
 .debug_abbrev  0x00002caf      0x1c9 ./Libraries/STM32F4xx_StdPeriph_Driver/src/stm32f4xx_cryp.o
 .debug_abbrev  0x00002e78      0x257 ./Libraries/STM32F4xx_StdPeriph_Driver/src/stm32f4xx_cryp_aes.o
 .debug_abbrev  0x000030cf      0x176 ./Libraries/STM32F4xx_StdPeriph_Driver/src/stm32f4xx_cryp_des.o
 .debug_abbrev  0x00003245      0x187 ./Libraries/STM32F4xx_StdPeriph_Driver/src/stm32f4xx_cryp_tdes.o
 .debug_abbrev  0x000033cc      0x1d9 ./Libraries/STM32F4xx_StdPeriph_Driver/src/stm32f4xx_dac.o
 .debug_abbrev  0x000035a5       0xdc ./Libraries/STM32F4xx_StdPeriph_Driver/src/stm32f4xx_dbgmcu.o
 .debug_abbrev  0x00003681      0x1b1 ./Libraries/STM32F4xx_StdPeriph_Driver/src/stm32f4xx_dcmi.o
 .debug_abbrev  0x00003832      0x19e ./Libraries/STM32F4xx_StdPeriph_Driver/src/stm32f4xx_dma.o
 .debug_abbrev  0x000039d0      0x1d8 ./Libraries/STM32F4xx_StdPeriph_Driver/src/stm32f4xx_dma2d.o
 .debug_abbrev  0x00003ba8      0x1cf ./Libraries/STM32F4xx_StdPeriph_Driver/src/stm32f4xx_exti.o
 .debug_abbrev  0x00003d77      0x223 ./Libraries/STM32F4xx_StdPeriph_Driver/src/stm32f4xx_flash.o
 .debug_abbrev  0x00003f9a      0x19d ./Libraries/STM32F4xx_StdPeriph_Driver/src/stm32f4xx_fsmc.o
 .debug_abbrev  0x00004137      0x1d0 ./Libraries/STM32F4xx_StdPeriph_Driver/src/stm32f4xx_gpio.o
 .debug_abbrev  0x00004307      0x211 ./Libraries/STM32F4xx_StdPeriph_Driver/src/stm32f4xx_hash.o
 .debug_abbrev  0x00004518      0x197 ./Libraries/STM32F4xx_StdPeriph_Driver/src/stm32f4xx_hash_md5.o
 .debug_abbrev  0x000046af      0x190 ./Libraries/STM32F4xx_StdPeriph_Driver/src/stm32f4xx_hash_sha1.o
 .debug_abbrev  0x0000483f      0x196 ./Libraries/STM32F4xx_StdPeriph_Driver/src/stm32f4xx_i2c.o
 .debug_abbrev  0x000049d5      0x10b ./Libraries/STM32F4xx_StdPeriph_Driver/src/stm32f4xx_iwdg.o
 .debug_abbrev  0x00004ae0      0x1fd ./Libraries/STM32F4xx_StdPeriph_Driver/src/stm32f4xx_ltdc.o
 .debug_abbrev  0x00004cdd      0x1ac ./Libraries/STM32F4xx_StdPeriph_Driver/src/stm32f4xx_pwr.o
 .debug_abbrev  0x00004e89      0x271 ./Libraries/STM32F4xx_StdPeriph_Driver/src/stm32f4xx_rcc.o
 .debug_abbrev  0x000050fa      0x139 ./Libraries/STM32F4xx_StdPeriph_Driver/src/stm32f4xx_rng.o
 .debug_abbrev  0x00005233      0x28a ./Libraries/STM32F4xx_StdPeriph_Driver/src/stm32f4xx_rtc.o
 .debug_abbrev  0x000054bd      0x185 ./Libraries/STM32F4xx_StdPeriph_Driver/src/stm32f4xx_sai.o
 .debug_abbrev  0x00005642      0x1ae ./Libraries/STM32F4xx_StdPeriph_Driver/src/stm32f4xx_sdio.o
 .debug_abbrev  0x000057f0      0x1ae ./Libraries/STM32F4xx_StdPeriph_Driver/src/stm32f4xx_spi.o
 .debug_abbrev  0x0000599e      0x152 ./Libraries/STM32F4xx_StdPeriph_Driver/src/stm32f4xx_syscfg.o
 .debug_abbrev  0x00005af0      0x263 ./Libraries/STM32F4xx_StdPeriph_Driver/src/stm32f4xx_tim.o
 .debug_abbrev  0x00005d53      0x1ad ./Libraries/STM32F4xx_StdPeriph_Driver/src/stm32f4xx_usart.o
 .debug_abbrev  0x00005f00      0x14c ./Libraries/STM32F4xx_StdPeriph_Driver/src/stm32f4xx_wwdg.o
 .debug_abbrev  0x0000604c      0x22f ./Libraries/syscalls.o

.debug_loc      0x00000000    0x13c46
 .debug_loc     0x00000000       0xd7 ./src/STM32F4-Discovery/stm32f4_discovery.o
 .debug_loc     0x000000d7     0x1dec ./src/STM32F4-Discovery/stm32f4_discovery_audio_codec.o
 .debug_loc     0x00001ec3      0x5b7 ./src/STM32F4-Discovery/stm32f4_discovery_lis302dl.o
 .debug_loc     0x0000247a       0xe7 ./src/main.o
 .debug_loc     0x00002561      0x231 ./src/selftest.o
 .debug_loc     0x00002792       0x60 ./src/stm32f4xx_it.o
 .debug_loc     0x000027f2      0x18f ./src/system_stm32f4xx.o
 .debug_loc     0x00002981       0xe5 ./src/usb_bsp.o
 .debug_loc     0x00002a66      0x239 ./src/usbd_desc.o
 .debug_loc     0x00002c9f       0x29 ./src/usbd_usr.o
 .debug_loc     0x00002cc8     0x13d6 ./Libraries/STM32_USB_OTG_Driver/src/usb_core.o
 .debug_loc     0x0000409e      0x542 ./Libraries/STM32_USB_OTG_Driver/src/usb_dcd.o
 .debug_loc     0x000045e0      0x881 ./Libraries/STM32_USB_OTG_Driver/src/usb_dcd_int.o
 .debug_loc     0x00004e61      0x460 ./Libraries/STM32_USB_Device_Library/Core/src/usbd_core.o
 .debug_loc     0x000052c1      0x232 ./Libraries/STM32_USB_Device_Library/Core/src/usbd_ioreq.o
 .debug_loc     0x000054f3      0x626 ./Libraries/STM32_USB_Device_Library/Core/src/usbd_req.o
 .debug_loc     0x00005b19      0x130 ./Libraries/STM32F4xx_StdPeriph_Driver/src/misc.o
 .debug_loc     0x00005c49      0xaf3 ./Libraries/STM32F4xx_StdPeriph_Driver/src/stm32f4xx_adc.o
 .debug_loc     0x0000673c      0x846 ./Libraries/STM32F4xx_StdPeriph_Driver/src/stm32f4xx_can.o
 .debug_loc     0x00006f82       0x80 ./Libraries/STM32F4xx_StdPeriph_Driver/src/stm32f4xx_crc.o
 .debug_loc     0x00007002      0x2cc ./Libraries/STM32F4xx_StdPeriph_Driver/src/stm32f4xx_cryp.o
 .debug_loc     0x000072ce     0x1d84 ./Libraries/STM32F4xx_StdPeriph_Driver/src/stm32f4xx_cryp_aes.o
 .debug_loc     0x00009052      0x456 ./Libraries/STM32F4xx_StdPeriph_Driver/src/stm32f4xx_cryp_des.o
 .debug_loc     0x000094a8      0x46f ./Libraries/STM32F4xx_StdPeriph_Driver/src/stm32f4xx_cryp_tdes.o
 .debug_loc     0x00009917      0x40c ./Libraries/STM32F4xx_StdPeriph_Driver/src/stm32f4xx_dac.o
 .debug_loc     0x00009d23       0x93 ./Libraries/STM32F4xx_StdPeriph_Driver/src/stm32f4xx_dbgmcu.o
 .debug_loc     0x00009db6      0x2b8 ./Libraries/STM32F4xx_StdPeriph_Driver/src/stm32f4xx_dcmi.o
 .debug_loc     0x0000a06e      0x4b7 ./Libraries/STM32F4xx_StdPeriph_Driver/src/stm32f4xx_dma.o
 .debug_loc     0x0000a525      0x567 ./Libraries/STM32F4xx_StdPeriph_Driver/src/stm32f4xx_dma2d.o
 .debug_loc     0x0000aa8c      0x1c2 ./Libraries/STM32F4xx_StdPeriph_Driver/src/stm32f4xx_exti.o
 .debug_loc     0x0000ac4e      0xa74 ./Libraries/STM32F4xx_StdPeriph_Driver/src/stm32f4xx_flash.o
 .debug_loc     0x0000b6c2      0x602 ./Libraries/STM32F4xx_StdPeriph_Driver/src/stm32f4xx_fsmc.o
 .debug_loc     0x0000bcc4      0x2fd ./Libraries/STM32F4xx_StdPeriph_Driver/src/stm32f4xx_gpio.o
 .debug_loc     0x0000bfc1      0x270 ./Libraries/STM32F4xx_StdPeriph_Driver/src/stm32f4xx_hash.o
 .debug_loc     0x0000c231      0x3d4 ./Libraries/STM32F4xx_StdPeriph_Driver/src/stm32f4xx_hash_md5.o
 .debug_loc     0x0000c605      0x46c ./Libraries/STM32F4xx_StdPeriph_Driver/src/stm32f4xx_hash_sha1.o
 .debug_loc     0x0000ca71      0x89e ./Libraries/STM32F4xx_StdPeriph_Driver/src/stm32f4xx_i2c.o
 .debug_loc     0x0000d30f       0x3d ./Libraries/STM32F4xx_StdPeriph_Driver/src/stm32f4xx_iwdg.o
 .debug_loc     0x0000d34c      0x872 ./Libraries/STM32F4xx_StdPeriph_Driver/src/stm32f4xx_ltdc.o
 .debug_loc     0x0000dbbe      0x23e ./Libraries/STM32F4xx_StdPeriph_Driver/src/stm32f4xx_pwr.o
 .debug_loc     0x0000ddfc      0xb6d ./Libraries/STM32F4xx_StdPeriph_Driver/src/stm32f4xx_rcc.o
 .debug_loc     0x0000e969       0xfc ./Libraries/STM32F4xx_StdPeriph_Driver/src/stm32f4xx_rng.o
 .debug_loc     0x0000ea65     0x1d96 ./Libraries/STM32F4xx_StdPeriph_Driver/src/stm32f4xx_rtc.o
 .debug_loc     0x000107fb      0x3b3 ./Libraries/STM32F4xx_StdPeriph_Driver/src/stm32f4xx_sai.o
 .debug_loc     0x00010bae      0x250 ./Libraries/STM32F4xx_StdPeriph_Driver/src/stm32f4xx_sdio.o
 .debug_loc     0x00010dfe      0x6a6 ./Libraries/STM32F4xx_StdPeriph_Driver/src/stm32f4xx_spi.o
 .debug_loc     0x000114a4       0xbb ./Libraries/STM32F4xx_StdPeriph_Driver/src/stm32f4xx_syscfg.o
 .debug_loc     0x0001155f     0x1c88 ./Libraries/STM32F4xx_StdPeriph_Driver/src/stm32f4xx_tim.o
 .debug_loc     0x000131e7      0x7c2 ./Libraries/STM32F4xx_StdPeriph_Driver/src/stm32f4xx_usart.o
 .debug_loc     0x000139a9      0x10f ./Libraries/STM32F4xx_StdPeriph_Driver/src/stm32f4xx_wwdg.o
 .debug_loc     0x00013ab8      0x18e ./Libraries/syscalls.o

.debug_aranges  0x00000000     0x1fc8
 .debug_aranges
                0x00000000       0x48 ./src/STM32F4-Discovery/stm32f4_discovery.o
 .debug_aranges
                0x00000048       0x90 ./src/STM32F4-Discovery/stm32f4_discovery_audio_codec.o
 .debug_aranges
                0x000000d8       0x70 ./src/STM32F4-Discovery/stm32f4_discovery_lis302dl.o
 .debug_aranges
                0x00000148       0x40 ./src/main.o
 .debug_aranges
                0x00000188       0x60 ./src/selftest.o
 .debug_aranges
                0x000001e8       0x78 ./src/stm32f4xx_it.o
 .debug_aranges
                0x00000260       0x28 ./src/system_stm32f4xx.o
 .debug_aranges
                0x00000288       0x38 ./src/usb_bsp.o
 .debug_aranges
                0x000002c0       0x50 ./src/usbd_desc.o
 .debug_aranges
                0x00000310       0x50 ./src/usbd_usr.o
 .debug_aranges
                0x00000360      0x128 ./Libraries/STM32_USB_OTG_Driver/src/usb_core.o
 .debug_aranges
                0x00000488       0x80 ./Libraries/STM32_USB_OTG_Driver/src/usb_dcd.o
 .debug_aranges
                0x00000508       0x20 ./Libraries/STM32_USB_OTG_Driver/src/usb_dcd_int.o
 .debug_aranges
                0x00000528       0x80 ./Libraries/STM32_USB_Device_Library/Core/src/usbd_core.o
 .debug_aranges
                0x000005a8       0x50 ./Libraries/STM32_USB_Device_Library/Core/src/usbd_ioreq.o
 .debug_aranges
                0x000005f8       0x48 ./Libraries/STM32_USB_Device_Library/Core/src/usbd_req.o
 .debug_aranges
                0x00000640       0x40 ./Libraries/STM32F4xx_StdPeriph_Driver/src/misc.o
 .debug_aranges
                0x00000680      0x148 ./Libraries/STM32F4xx_StdPeriph_Driver/src/stm32f4xx_adc.o
 .debug_aranges
                0x000007c8       0xd8 ./Libraries/STM32F4xx_StdPeriph_Driver/src/stm32f4xx_can.o
 .debug_aranges
                0x000008a0       0x48 ./Libraries/STM32F4xx_StdPeriph_Driver/src/stm32f4xx_crc.o
 .debug_aranges
                0x000008e8       0xb0 ./Libraries/STM32F4xx_StdPeriph_Driver/src/stm32f4xx_cryp.o
 .debug_aranges
                0x00000998       0x40 ./Libraries/STM32F4xx_StdPeriph_Driver/src/stm32f4xx_cryp_aes.o
 .debug_aranges
                0x000009d8       0x28 ./Libraries/STM32F4xx_StdPeriph_Driver/src/stm32f4xx_cryp_des.o
 .debug_aranges
                0x00000a00       0x28 ./Libraries/STM32F4xx_StdPeriph_Driver/src/stm32f4xx_cryp_tdes.o
 .debug_aranges
                0x00000a28       0xa0 ./Libraries/STM32F4xx_StdPeriph_Driver/src/stm32f4xx_dac.o
 .debug_aranges
                0x00000ac8       0x40 ./Libraries/STM32F4xx_StdPeriph_Driver/src/stm32f4xx_dbgmcu.o
 .debug_aranges
                0x00000b08       0x90 ./Libraries/STM32F4xx_StdPeriph_Driver/src/stm32f4xx_dcmi.o
 .debug_aranges
                0x00000b98       0xb0 ./Libraries/STM32F4xx_StdPeriph_Driver/src/stm32f4xx_dma.o
 .debug_aranges
                0x00000c48       0xb0 ./Libraries/STM32F4xx_StdPeriph_Driver/src/stm32f4xx_dma2d.o
 .debug_aranges
                0x00000cf8       0x58 ./Libraries/STM32F4xx_StdPeriph_Driver/src/stm32f4xx_exti.o
 .debug_aranges
                0x00000d50      0x158 ./Libraries/STM32F4xx_StdPeriph_Driver/src/stm32f4xx_flash.o
 .debug_aranges
                0x00000ea8       0xb0 ./Libraries/STM32F4xx_StdPeriph_Driver/src/stm32f4xx_fsmc.o
 .debug_aranges
                0x00000f58       0x88 ./Libraries/STM32F4xx_StdPeriph_Driver/src/stm32f4xx_gpio.o
 .debug_aranges
                0x00000fe0       0xa8 ./Libraries/STM32F4xx_StdPeriph_Driver/src/stm32f4xx_hash.o
 .debug_aranges
                0x00001088       0x28 ./Libraries/STM32F4xx_StdPeriph_Driver/src/stm32f4xx_hash_md5.o
 .debug_aranges
                0x000010b0       0x28 ./Libraries/STM32F4xx_StdPeriph_Driver/src/stm32f4xx_hash_sha1.o
 .debug_aranges
                0x000010d8      0x130 ./Libraries/STM32F4xx_StdPeriph_Driver/src/stm32f4xx_i2c.o
 .debug_aranges
                0x00001208       0x48 ./Libraries/STM32F4xx_StdPeriph_Driver/src/stm32f4xx_iwdg.o
 .debug_aranges
                0x00001250      0x108 ./Libraries/STM32F4xx_StdPeriph_Driver/src/stm32f4xx_ltdc.o
 .debug_aranges
                0x00001358       0x98 ./Libraries/STM32F4xx_StdPeriph_Driver/src/stm32f4xx_pwr.o
 .debug_aranges
                0x000013f0      0x1b8 ./Libraries/STM32F4xx_StdPeriph_Driver/src/stm32f4xx_rcc.o
 .debug_aranges
                0x000015a8       0x58 ./Libraries/STM32F4xx_StdPeriph_Driver/src/stm32f4xx_rng.o
 .debug_aranges
                0x00001600      0x1d0 ./Libraries/STM32F4xx_StdPeriph_Driver/src/stm32f4xx_rtc.o
 .debug_aranges
                0x000017d0       0xe0 ./Libraries/STM32F4xx_StdPeriph_Driver/src/stm32f4xx_sai.o
 .debug_aranges
                0x000018b0      0x108 ./Libraries/STM32F4xx_StdPeriph_Driver/src/stm32f4xx_sdio.o
 .debug_aranges
                0x000019b8       0xe0 ./Libraries/STM32F4xx_StdPeriph_Driver/src/stm32f4xx_spi.o
 .debug_aranges
                0x00001a98       0x50 ./Libraries/STM32F4xx_StdPeriph_Driver/src/stm32f4xx_syscfg.o
 .debug_aranges
                0x00001ae8      0x2d8 ./Libraries/STM32F4xx_StdPeriph_Driver/src/stm32f4xx_tim.o
 .debug_aranges
                0x00001dc0      0x100 ./Libraries/STM32F4xx_StdPeriph_Driver/src/stm32f4xx_usart.o
 .debug_aranges
                0x00001ec0       0x58 ./Libraries/STM32F4xx_StdPeriph_Driver/src/stm32f4xx_wwdg.o
 .debug_aranges
                0x00001f18       0xb0 ./Libraries/syscalls.o

.debug_ranges   0x00000000     0x4738
 .debug_ranges  0x00000000       0x38 ./src/STM32F4-Discovery/stm32f4_discovery.o
 .debug_ranges  0x00000038     0x10f8 ./src/STM32F4-Discovery/stm32f4_discovery_audio_codec.o
 .debug_ranges  0x00001130      0x140 ./src/STM32F4-Discovery/stm32f4_discovery_lis302dl.o
 .debug_ranges  0x00001270       0x50 ./src/main.o
 .debug_ranges  0x000012c0       0x50 ./src/selftest.o
 .debug_ranges  0x00001310       0xb8 ./src/stm32f4xx_it.o
 .debug_ranges  0x000013c8       0x48 ./src/system_stm32f4xx.o
 .debug_ranges  0x00001410       0x28 ./src/usb_bsp.o
 .debug_ranges  0x00001438       0x40 ./src/usbd_desc.o
 .debug_ranges  0x00001478       0x60 ./src/usbd_usr.o
 .debug_ranges  0x000014d8      0x2c8 ./Libraries/STM32_USB_OTG_Driver/src/usb_core.o
 .debug_ranges  0x000017a0       0x70 ./Libraries/STM32_USB_OTG_Driver/src/usb_dcd.o
 .debug_ranges  0x00001810      0x1b0 ./Libraries/STM32_USB_OTG_Driver/src/usb_dcd_int.o
 .debug_ranges  0x000019c0       0xc8 ./Libraries/STM32_USB_Device_Library/Core/src/usbd_core.o
 .debug_ranges  0x00001a88       0x40 ./Libraries/STM32_USB_Device_Library/Core/src/usbd_ioreq.o
 .debug_ranges  0x00001ac8      0x1b0 ./Libraries/STM32_USB_Device_Library/Core/src/usbd_req.o
 .debug_ranges  0x00001c78       0x30 ./Libraries/STM32F4xx_StdPeriph_Driver/src/misc.o
 .debug_ranges  0x00001ca8      0x138 ./Libraries/STM32F4xx_StdPeriph_Driver/src/stm32f4xx_adc.o
 .debug_ranges  0x00001de0       0xc8 ./Libraries/STM32F4xx_StdPeriph_Driver/src/stm32f4xx_can.o
 .debug_ranges  0x00001ea8       0x38 ./Libraries/STM32F4xx_StdPeriph_Driver/src/stm32f4xx_crc.o
 .debug_ranges  0x00001ee0       0xa0 ./Libraries/STM32F4xx_StdPeriph_Driver/src/stm32f4xx_cryp.o
 .debug_ranges  0x00001f80      0x6a0 ./Libraries/STM32F4xx_StdPeriph_Driver/src/stm32f4xx_cryp_aes.o
 .debug_ranges  0x00002620       0x60 ./Libraries/STM32F4xx_StdPeriph_Driver/src/stm32f4xx_cryp_des.o
 .debug_ranges  0x00002680       0xf0 ./Libraries/STM32F4xx_StdPeriph_Driver/src/stm32f4xx_cryp_tdes.o
 .debug_ranges  0x00002770       0x90 ./Libraries/STM32F4xx_StdPeriph_Driver/src/stm32f4xx_dac.o
 .debug_ranges  0x00002800       0x30 ./Libraries/STM32F4xx_StdPeriph_Driver/src/stm32f4xx_dbgmcu.o
 .debug_ranges  0x00002830       0x80 ./Libraries/STM32F4xx_StdPeriph_Driver/src/stm32f4xx_dcmi.o
 .debug_ranges  0x000028b0       0xa0 ./Libraries/STM32F4xx_StdPeriph_Driver/src/stm32f4xx_dma.o
 .debug_ranges  0x00002950       0xa0 ./Libraries/STM32F4xx_StdPeriph_Driver/src/stm32f4xx_dma2d.o
 .debug_ranges  0x000029f0       0x48 ./Libraries/STM32F4xx_StdPeriph_Driver/src/stm32f4xx_exti.o
 .debug_ranges  0x00002a38      0x208 ./Libraries/STM32F4xx_StdPeriph_Driver/src/stm32f4xx_flash.o
 .debug_ranges  0x00002c40       0xa0 ./Libraries/STM32F4xx_StdPeriph_Driver/src/stm32f4xx_fsmc.o
 .debug_ranges  0x00002ce0       0x78 ./Libraries/STM32F4xx_StdPeriph_Driver/src/stm32f4xx_gpio.o
 .debug_ranges  0x00002d58       0x98 ./Libraries/STM32F4xx_StdPeriph_Driver/src/stm32f4xx_hash.o
 .debug_ranges  0x00002df0       0xd8 ./Libraries/STM32F4xx_StdPeriph_Driver/src/stm32f4xx_hash_md5.o
 .debug_ranges  0x00002ec8      0x108 ./Libraries/STM32F4xx_StdPeriph_Driver/src/stm32f4xx_hash_sha1.o
 .debug_ranges  0x00002fd0      0x120 ./Libraries/STM32F4xx_StdPeriph_Driver/src/stm32f4xx_i2c.o
 .debug_ranges  0x000030f0       0x38 ./Libraries/STM32F4xx_StdPeriph_Driver/src/stm32f4xx_iwdg.o
 .debug_ranges  0x00003128       0xf8 ./Libraries/STM32F4xx_StdPeriph_Driver/src/stm32f4xx_ltdc.o
 .debug_ranges  0x00003220       0x88 ./Libraries/STM32F4xx_StdPeriph_Driver/src/stm32f4xx_pwr.o
 .debug_ranges  0x000032a8      0x1d8 ./Libraries/STM32F4xx_StdPeriph_Driver/src/stm32f4xx_rcc.o
 .debug_ranges  0x00003480       0x48 ./Libraries/STM32F4xx_StdPeriph_Driver/src/stm32f4xx_rng.o
 .debug_ranges  0x000034c8      0x968 ./Libraries/STM32F4xx_StdPeriph_Driver/src/stm32f4xx_rtc.o
 .debug_ranges  0x00003e30       0xd0 ./Libraries/STM32F4xx_StdPeriph_Driver/src/stm32f4xx_sai.o
 .debug_ranges  0x00003f00       0xf8 ./Libraries/STM32F4xx_StdPeriph_Driver/src/stm32f4xx_sdio.o
 .debug_ranges  0x00003ff8       0xd0 ./Libraries/STM32F4xx_StdPeriph_Driver/src/stm32f4xx_spi.o
 .debug_ranges  0x000040c8       0x40 ./Libraries/STM32F4xx_StdPeriph_Driver/src/stm32f4xx_syscfg.o
 .debug_ranges  0x00004108      0x458 ./Libraries/STM32F4xx_StdPeriph_Driver/src/stm32f4xx_tim.o
 .debug_ranges  0x00004560       0xf0 ./Libraries/STM32F4xx_StdPeriph_Driver/src/stm32f4xx_usart.o
 .debug_ranges  0x00004650       0x48 ./Libraries/STM32F4xx_StdPeriph_Driver/src/stm32f4xx_wwdg.o
 .debug_ranges  0x00004698       0xa0 ./Libraries/syscalls.o

.debug_line     0x00000000    0x17cc4
 .debug_line    0x00000000      0x52f ./src/STM32F4-Discovery/stm32f4_discovery.o
 .debug_line    0x0000052f      0xc7a ./src/STM32F4-Discovery/stm32f4_discovery_audio_codec.o
 .debug_line    0x000011a9      0x6e4 ./src/STM32F4-Discovery/stm32f4_discovery_lis302dl.o
 .debug_line    0x0000188d      0x91a ./src/main.o
 .debug_line    0x000021a7      0xa0e ./src/selftest.o
 .debug_line    0x00002bb5      0x977 ./src/stm32f4xx_it.o
 .debug_line    0x0000352c      0x4f4 ./src/system_stm32f4xx.o
 .debug_line    0x00003a20      0x5dd ./src/usb_bsp.o
 .debug_line    0x00003ffd      0x686 ./src/usbd_desc.o
 .debug_line    0x00004683      0x687 ./src/usbd_usr.o
 .debug_line    0x00004d0a      0xd17 ./Libraries/STM32_USB_OTG_Driver/src/usb_core.o
 .debug_line    0x00005a21      0x727 ./Libraries/STM32_USB_OTG_Driver/src/usb_dcd.o
 .debug_line    0x00006148      0x6f8 ./Libraries/STM32_USB_OTG_Driver/src/usb_dcd_int.o
 .debug_line    0x00006840      0x7c1 ./Libraries/STM32_USB_Device_Library/Core/src/usbd_core.o
 .debug_line    0x00007001      0x6c3 ./Libraries/STM32_USB_Device_Library/Core/src/usbd_ioreq.o
 .debug_line    0x000076c4      0x7fc ./Libraries/STM32_USB_Device_Library/Core/src/usbd_req.o
 .debug_line    0x00007ec0      0x52c ./Libraries/STM32F4xx_StdPeriph_Driver/src/misc.o
 .debug_line    0x000083ec      0x86d ./Libraries/STM32F4xx_StdPeriph_Driver/src/stm32f4xx_adc.o
 .debug_line    0x00008c59      0x8da ./Libraries/STM32F4xx_StdPeriph_Driver/src/stm32f4xx_can.o
 .debug_line    0x00009533      0x547 ./Libraries/STM32F4xx_StdPeriph_Driver/src/stm32f4xx_crc.o
 .debug_line    0x00009a7a      0x6c6 ./Libraries/STM32F4xx_StdPeriph_Driver/src/stm32f4xx_cryp.o
 .debug_line    0x0000a140      0xcf6 ./Libraries/STM32F4xx_StdPeriph_Driver/src/stm32f4xx_cryp_aes.o
 .debug_line    0x0000ae36      0x5db ./Libraries/STM32F4xx_StdPeriph_Driver/src/stm32f4xx_cryp_des.o
 .debug_line    0x0000b411      0x5e0 ./Libraries/STM32F4xx_StdPeriph_Driver/src/stm32f4xx_cryp_tdes.o
 .debug_line    0x0000b9f1      0x63e ./Libraries/STM32F4xx_StdPeriph_Driver/src/stm32f4xx_dac.o
 .debug_line    0x0000c02f      0x514 ./Libraries/STM32F4xx_StdPeriph_Driver/src/stm32f4xx_dbgmcu.o
 .debug_line    0x0000c543      0x620 ./Libraries/STM32F4xx_StdPeriph_Driver/src/stm32f4xx_dcmi.o
 .debug_line    0x0000cb63      0x70d ./Libraries/STM32F4xx_StdPeriph_Driver/src/stm32f4xx_dma.o
 .debug_line    0x0000d270      0x6bc ./Libraries/STM32F4xx_StdPeriph_Driver/src/stm32f4xx_dma2d.o
 .debug_line    0x0000d92c      0x579 ./Libraries/STM32F4xx_StdPeriph_Driver/src/stm32f4xx_exti.o
 .debug_line    0x0000dea5      0x89b ./Libraries/STM32F4xx_StdPeriph_Driver/src/stm32f4xx_flash.o
 .debug_line    0x0000e740      0x79e ./Libraries/STM32F4xx_StdPeriph_Driver/src/stm32f4xx_fsmc.o
 .debug_line    0x0000eede      0x68c ./Libraries/STM32F4xx_StdPeriph_Driver/src/stm32f4xx_gpio.o
 .debug_line    0x0000f56a      0x653 ./Libraries/STM32F4xx_StdPeriph_Driver/src/stm32f4xx_hash.o
 .debug_line    0x0000fbbd      0x668 ./Libraries/STM32F4xx_StdPeriph_Driver/src/stm32f4xx_hash_md5.o
 .debug_line    0x00010225      0x66e ./Libraries/STM32F4xx_StdPeriph_Driver/src/stm32f4xx_hash_sha1.o
 .debug_line    0x00010893      0x826 ./Libraries/STM32F4xx_StdPeriph_Driver/src/stm32f4xx_i2c.o
 .debug_line    0x000110b9      0x521 ./Libraries/STM32F4xx_StdPeriph_Driver/src/stm32f4xx_iwdg.o
 .debug_line    0x000115da      0x856 ./Libraries/STM32F4xx_StdPeriph_Driver/src/stm32f4xx_ltdc.o
 .debug_line    0x00011e30      0x637 ./Libraries/STM32F4xx_StdPeriph_Driver/src/stm32f4xx_pwr.o
 .debug_line    0x00012467      0x947 ./Libraries/STM32F4xx_StdPeriph_Driver/src/stm32f4xx_rcc.o
 .debug_line    0x00012dae      0x54c ./Libraries/STM32F4xx_StdPeriph_Driver/src/stm32f4xx_rng.o
 .debug_line    0x000132fa      0xdf7 ./Libraries/STM32F4xx_StdPeriph_Driver/src/stm32f4xx_rtc.o
 .debug_line    0x000140f1      0x713 ./Libraries/STM32F4xx_StdPeriph_Driver/src/stm32f4xx_sai.o
 .debug_line    0x00014804      0x735 ./Libraries/STM32F4xx_StdPeriph_Driver/src/stm32f4xx_sdio.o
 .debug_line    0x00014f39      0x798 ./Libraries/STM32F4xx_StdPeriph_Driver/src/stm32f4xx_spi.o
 .debug_line    0x000156d1      0x53b ./Libraries/STM32F4xx_StdPeriph_Driver/src/stm32f4xx_syscfg.o
 .debug_line    0x00015c0c      0xf4f ./Libraries/STM32F4xx_StdPeriph_Driver/src/stm32f4xx_tim.o
 .debug_line    0x00016b5b      0x7e6 ./Libraries/STM32F4xx_StdPeriph_Driver/src/stm32f4xx_usart.o
 .debug_line    0x00017341      0x54e ./Libraries/STM32F4xx_StdPeriph_Driver/src/stm32f4xx_wwdg.o
 .debug_line    0x0001788f      0x435 ./Libraries/syscalls.o

.debug_macinfo  0x00000000  0x1373eef
 .debug_macinfo
                0x00000000    0x62e40 ./src/STM32F4-Discovery/stm32f4_discovery.o
 .debug_macinfo
                0x00062e40    0x637fd ./src/STM32F4-Discovery/stm32f4_discovery_audio_codec.o
 .debug_macinfo
                0x000c663d    0x63dc0 ./src/STM32F4-Discovery/stm32f4_discovery_lis302dl.o
 .debug_macinfo
                0x0012a3fd    0x68f68 ./src/main.o
 .debug_macinfo
                0x00193365    0x677cc ./src/selftest.o
 .debug_macinfo
                0x001fab31    0x68e31 ./src/stm32f4xx_it.o
 .debug_macinfo
                0x00263962    0x62c17 ./src/system_stm32f4xx.o
 .debug_macinfo
                0x002c6579    0x63cd8 ./src/usb_bsp.o
 .debug_macinfo
                0x0032a251    0x6463c ./src/usbd_desc.o
 .debug_macinfo
                0x0038e88d    0x6436f ./src/usbd_usr.o
 .debug_macinfo
                0x003f2bfc    0x63981 ./Libraries/STM32_USB_OTG_Driver/src/usb_core.o
 .debug_macinfo
                0x0045657d    0x63a4b ./Libraries/STM32_USB_OTG_Driver/src/usb_dcd.o
 .debug_macinfo
                0x004b9fc8    0x63b62 ./Libraries/STM32_USB_OTG_Driver/src/usb_dcd_int.o
 .debug_macinfo
                0x0051db2a    0x644bc ./Libraries/STM32_USB_Device_Library/Core/src/usbd_core.o
 .debug_macinfo
                0x00581fe6    0x64359 ./Libraries/STM32_USB_Device_Library/Core/src/usbd_ioreq.o
 .debug_macinfo
                0x005e633f    0x64472 ./Libraries/STM32_USB_Device_Library/Core/src/usbd_req.o
 .debug_macinfo
                0x0064a7b1    0x62be3 ./Libraries/STM32F4xx_StdPeriph_Driver/src/misc.o
 .debug_macinfo
                0x006ad394    0x62ed4 ./Libraries/STM32F4xx_StdPeriph_Driver/src/stm32f4xx_adc.o
 .debug_macinfo
                0x00710268    0x62dc0 ./Libraries/STM32F4xx_StdPeriph_Driver/src/stm32f4xx_can.o
 .debug_macinfo
                0x00773028    0x62bb7 ./Libraries/STM32F4xx_StdPeriph_Driver/src/stm32f4xx_crc.o
 .debug_macinfo
                0x007d5bdf    0x62bf7 ./Libraries/STM32F4xx_StdPeriph_Driver/src/stm32f4xx_cryp.o
 .debug_macinfo
                0x008387d6    0x62be1 ./Libraries/STM32F4xx_StdPeriph_Driver/src/stm32f4xx_cryp_aes.o
 .debug_macinfo
                0x0089b3b7    0x62be1 ./Libraries/STM32F4xx_StdPeriph_Driver/src/stm32f4xx_cryp_des.o
 .debug_macinfo
                0x008fdf98    0x62be2 ./Libraries/STM32F4xx_StdPeriph_Driver/src/stm32f4xx_cryp_tdes.o
 .debug_macinfo
                0x00960b7a    0x62cd6 ./Libraries/STM32F4xx_StdPeriph_Driver/src/stm32f4xx_dac.o
 .debug_macinfo
                0x009c3850    0x62be2 ./Libraries/STM32F4xx_StdPeriph_Driver/src/stm32f4xx_dbgmcu.o
 .debug_macinfo
                0x00a26432    0x62bb7 ./Libraries/STM32F4xx_StdPeriph_Driver/src/stm32f4xx_dcmi.o
 .debug_macinfo
                0x00a88fe9    0x62ef7 ./Libraries/STM32F4xx_StdPeriph_Driver/src/stm32f4xx_dma.o
 .debug_macinfo
                0x00aebee0    0x63eaf ./Libraries/STM32F4xx_StdPeriph_Driver/src/stm32f4xx_dma2d.o
 .debug_macinfo
                0x00b4fd8f    0x62bdb ./Libraries/STM32F4xx_StdPeriph_Driver/src/stm32f4xx_exti.o
 .debug_macinfo
                0x00bb296a    0x62bdc ./Libraries/STM32F4xx_StdPeriph_Driver/src/stm32f4xx_flash.o
 .debug_macinfo
                0x00c15546    0x62cfc ./Libraries/STM32F4xx_StdPeriph_Driver/src/stm32f4xx_fsmc.o
 .debug_macinfo
                0x00c78242    0x62bb7 ./Libraries/STM32F4xx_StdPeriph_Driver/src/stm32f4xx_gpio.o
 .debug_macinfo
                0x00cdadf9    0x62bb7 ./Libraries/STM32F4xx_StdPeriph_Driver/src/stm32f4xx_hash.o
 .debug_macinfo
                0x00d3d9b0    0x62be1 ./Libraries/STM32F4xx_StdPeriph_Driver/src/stm32f4xx_hash_md5.o
 .debug_macinfo
                0x00da0591    0x62be2 ./Libraries/STM32F4xx_StdPeriph_Driver/src/stm32f4xx_hash_sha1.o
 .debug_macinfo
                0x00e03173    0x62c21 ./Libraries/STM32F4xx_StdPeriph_Driver/src/stm32f4xx_i2c.o
 .debug_macinfo
                0x00e65d94    0x62bfd ./Libraries/STM32F4xx_StdPeriph_Driver/src/stm32f4xx_iwdg.o
 .debug_macinfo
                0x00ec8991    0x63e64 ./Libraries/STM32F4xx_StdPeriph_Driver/src/stm32f4xx_ltdc.o
 .debug_macinfo
                0x00f2c7f5    0x62f83 ./Libraries/STM32F4xx_StdPeriph_Driver/src/stm32f4xx_pwr.o
 .debug_macinfo
                0x00f8f778    0x631c4 ./Libraries/STM32F4xx_StdPeriph_Driver/src/stm32f4xx_rcc.o
 .debug_macinfo
                0x00ff293c    0x62bb7 ./Libraries/STM32F4xx_StdPeriph_Driver/src/stm32f4xx_rng.o
 .debug_macinfo
                0x010554f3    0x62e1a ./Libraries/STM32F4xx_StdPeriph_Driver/src/stm32f4xx_rtc.o
 .debug_macinfo
                0x010b830d    0x64bb5 ./Libraries/STM32F4xx_StdPeriph_Driver/src/stm32f4xx_sai.o
 .debug_macinfo
                0x0111cec2    0x63160 ./Libraries/STM32F4xx_StdPeriph_Driver/src/stm32f4xx_sdio.o
 .debug_macinfo
                0x01180022    0x62ca4 ./Libraries/STM32F4xx_StdPeriph_Driver/src/stm32f4xx_spi.o
 .debug_macinfo
                0x011e2cc6    0x62db8 ./Libraries/STM32F4xx_StdPeriph_Driver/src/stm32f4xx_syscfg.o
 .debug_macinfo
                0x01245a7e    0x62c90 ./Libraries/STM32F4xx_StdPeriph_Driver/src/stm32f4xx_tim.o
 .debug_macinfo
                0x012a870e    0x62ce3 ./Libraries/STM32F4xx_StdPeriph_Driver/src/stm32f4xx_usart.o
 .debug_macinfo
                0x0130b3f1    0x62cc5 ./Libraries/STM32F4xx_StdPeriph_Driver/src/stm32f4xx_wwdg.o
 .debug_macinfo
                0x0136e0b6     0x5e39 ./Libraries/syscalls.o

.debug_str      0x00000000     0xae26
 .debug_str     0x00000000      0xa94 ./src/STM32F4-Discovery/stm32f4_discovery.o
                                0xad5 (size before relaxing)
 .debug_str     0x00000a94      0x775 ./src/STM32F4-Discovery/stm32f4_discovery_audio_codec.o
                               0x101f (size before relaxing)
 .debug_str     0x00001209      0x391 ./src/STM32F4-Discovery/stm32f4_discovery_lis302dl.o
                                0x6f6 (size before relaxing)
 .debug_str     0x0000159a      0x88f ./src/main.o
                               0x115a (size before relaxing)
 .debug_str     0x00001e29      0x2e8 ./src/selftest.o
                                0x878 (size before relaxing)
 .debug_str     0x00002111      0x18a ./src/stm32f4xx_it.o
                                0xb7a (size before relaxing)
 .debug_str     0x0000229b      0x16e ./src/system_stm32f4xx.o
                                0x357 (size before relaxing)
 .debug_str     0x00002409       0x73 ./src/usb_bsp.o
                               0x10ab (size before relaxing)
 .debug_str     0x0000247c      0x134 ./src/usbd_desc.o
                                0x324 (size before relaxing)
 .debug_str     0x000025b0       0xbb ./src/usbd_usr.o
                                0x87e (size before relaxing)
 .debug_str     0x0000266b      0xc09 ./Libraries/STM32_USB_OTG_Driver/src/usb_core.o
                               0x1665 (size before relaxing)
 .debug_str     0x00003274      0x138 ./Libraries/STM32_USB_OTG_Driver/src/usb_dcd.o
                                0xa99 (size before relaxing)
 .debug_str     0x000033ac      0x30a ./Libraries/STM32_USB_OTG_Driver/src/usb_dcd_int.o
                               0x12da (size before relaxing)
 .debug_str     0x000036b6      0x17c ./Libraries/STM32_USB_Device_Library/Core/src/usbd_core.o
                                0xb86 (size before relaxing)
 .debug_str     0x00003832       0xee ./Libraries/STM32_USB_Device_Library/Core/src/usbd_ioreq.o
                                0x9c2 (size before relaxing)
 .debug_str     0x00003920      0x181 ./Libraries/STM32_USB_Device_Library/Core/src/usbd_req.o
                                0xb12 (size before relaxing)
 .debug_str     0x00003aa1      0x125 ./Libraries/STM32F4xx_StdPeriph_Driver/src/misc.o
                                0x390 (size before relaxing)
 .debug_str     0x00003bc6      0x508 ./Libraries/STM32F4xx_StdPeriph_Driver/src/stm32f4xx_adc.o
                                0x7bb (size before relaxing)
 .debug_str     0x000040ce      0x539 ./Libraries/STM32F4xx_StdPeriph_Driver/src/stm32f4xx_can.o
                                0x6f5 (size before relaxing)
 .debug_str     0x00004607       0xdf ./Libraries/STM32F4xx_StdPeriph_Driver/src/stm32f4xx_crc.o
                                0x202 (size before relaxing)
 .debug_str     0x000046e6      0x4c5 ./Libraries/STM32F4xx_StdPeriph_Driver/src/stm32f4xx_cryp.o
                                0x667 (size before relaxing)
 .debug_str     0x00004bab      0x201 ./Libraries/STM32F4xx_StdPeriph_Driver/src/stm32f4xx_cryp_aes.o
                                0x465 (size before relaxing)
 .debug_str     0x00004dac       0x85 ./Libraries/STM32F4xx_StdPeriph_Driver/src/stm32f4xx_cryp_des.o
                                0x382 (size before relaxing)
 .debug_str     0x00004e31       0xd5 ./Libraries/STM32F4xx_StdPeriph_Driver/src/stm32f4xx_cryp_tdes.o
                                0x388 (size before relaxing)
 .debug_str     0x00004f06      0x22e ./Libraries/STM32F4xx_StdPeriph_Driver/src/stm32f4xx_dac.o
                                0x40a (size before relaxing)
 .debug_str     0x00005134       0xf9 ./Libraries/STM32F4xx_StdPeriph_Driver/src/stm32f4xx_dbgmcu.o
                                0x20c (size before relaxing)
 .debug_str     0x0000522d      0x328 ./Libraries/STM32F4xx_StdPeriph_Driver/src/stm32f4xx_dcmi.o
                                0x490 (size before relaxing)
 .debug_str     0x00005555      0x27e ./Libraries/STM32F4xx_StdPeriph_Driver/src/stm32f4xx_dma.o
                                0x503 (size before relaxing)