ARM Linker, 4.1 [Build 894] [Standard]

==============================================================================

Loading Objects.

Loading object OS_AppHooks.o.
              definition:  __ARM_grp..debug_abbrev.group.2_Am0000_lbphKItke$2_000000
              definition:  __ARM_grp..debug_info$AsciiLib.h$.2_It0000_ou7DXrRlot7_300000
              definition:  __ARM_grp..debug_info$Audio.h$.2_DB5000_H6RsHsYGLTb_$10000
              definition:  __ARM_grp..debug_info$Button.h$.2_cP3000_vJQxSILi2e6_a10000
              definition:  __ARM_grp..debug_info$FlashDriver.h$.2_kv0000_1Wl6NYybCUe_300000
              definition:  __ARM_grp..debug_info$GLCD.h$.2_0L0000_IYQ2AnMWES0_300000
              definition:  __ARM_grp..debug_info$GOL.h$.2_SA7000_4U3GSvrvZ3b_720000
              definition:  __ARM_grp..debug_info$GUIFonts_ASCII.h$.2_AT4000_zj$dsyfI343_f10000
              definition:  __ARM_grp..debug_info$GenericTypeDefs.h$.2_k81000_6ohVxjJ8aQ6_300000
              definition:  __ARM_grp..debug_info$Graphics.h$.2_kL0000_qM63oEuh2N0_300000
              definition:  __ARM_grp..debug_info$GraphicsConfig.h$.2_UB0000_Px4MNZkujl7_300000
              definition:  __ARM_grp..debug_info$ListBox.h$.2_024000_DPzGerkHy63_c10000
              definition:  __ARM_grp..debug_info$MP3Header.h$.2_Qx2000_2SZDKER_7jb_v00000
              definition:  __ARM_grp..debug_info$OS_AppHooks.c$.2_0t0000_smNp1MsLsp0_300000
              definition:  __ARM_grp..debug_info$Picture.h$.2_kJ3000_t_LrP_vw8_d_710000
              definition:  __ARM_grp..debug_info$Primitive.h$.2_UY4000_Llbt9pUhs55_710000
              definition:  __ARM_grp..debug_info$SST25VF016B.h$.2_QF0000_NVsfSr33I61_300000
              definition:  __ARM_grp..debug_info$ScanCodes.h$.2_MO0000_UB4Hu7E7Bc7_300000
              definition:  __ARM_grp..debug_info$Slider.h$.2_QS3000_hr9J4kIB_6d_e10000
              definition:  __ARM_grp..debug_info$TouchPanel.h$.2_4w2000_E_3sOREkoZ9_h00000
              definition:  __ARM_grp..debug_info$TouchScreen.h$.2_Ys0000_o9vwAqCIQZ1_300000
              definition:  __ARM_grp..debug_info$WM8731.h$.2_Ab1000_b1AuAe2Pbq6_300000
              definition:  __ARM_grp..debug_info$app_cfg.h$.2_8M0000_0MB7dtcLFD6_300000
              definition:  __ARM_grp..debug_info$core_cm3.h$.2_3vL100_r6caj97J_J9_b70000
              definition:  __ARM_grp..debug_info$cpu.h$.2_8V3000_EKduOwhPb99_300000
              definition:  __ARM_grp..debug_info$cpu_def.h$.2_UA0000_BSpIwq0Ynv7_300000
              definition:  __ARM_grp..debug_info$ctype.h$.2_cs1000_NFGXzg6XXe0_700000
              definition:  __ARM_grp..debug_info$drvTFT001.h$.2_UR3000_Sn2vY9miN$5_p00000
              definition:  __ARM_grp..debug_info$errno.h$.2_Ew0000_jreeQ0OHTE1_300000
              definition:  __ARM_grp..debug_info$ff.h$.2_492000_QpmuJJOKrc8_O00000
              definition:  __ARM_grp..debug_info$ffconf.h$.2_8D0000_$sAMkjOhghf_300000
              definition:  __ARM_grp..debug_info$includes.h$.2_Q21000_Cd$nmDg0dF4_300000
              definition:  __ARM_grp..debug_info$integer.h$.2_Ey0000_D9dlStFwGHb_300000
              definition:  __ARM_grp..debug_info$lib_def.h$.2_ob4000_c_sMRoXZLAb_700000
              definition:  __ARM_grp..debug_info$lib_mem.h$.2_Q86000_p6r4qHj0Tm8_e00000
              definition:  __ARM_grp..debug_info$lib_str.h$.2_8F0000_NRbNfMGhOC2_300000
              definition:  __ARM_grp..debug_info$limits.h$.2_ED0000_QuAvEqLEqi5_300000
              definition:  __ARM_grp..debug_info$math.h$.2_Tc3000_9RLusJ3ueI6_700000
              definition:  __ARM_grp..debug_info$misc.h$.2_gqP000_gzuYE9hPkB6_r20000
              definition:  __ARM_grp..debug_info$mp3common.h$.2_BS1000_lXk0FJCXCm0_f00000
              definition:  __ARM_grp..debug_info$mp3dec.h$.2_ED0000_q6WH5tXXZJ2_300000
              definition:  __ARM_grp..debug_info$os_cfg.h$.2_gf1000_fmq5gGAsM76_300000
              definition:  __ARM_grp..debug_info$os_cpu.h$.2_UC0000_ijaKORKekXb_300000
              definition:  __ARM_grp..debug_info$sdio_sd.h$.2_Ua3000_CItBD4vmHs9_d00000
              definition:  __ARM_grp..debug_info$statname.h$.2_kQ0000_VAxYtcGY0$3_300000
              definition:  __ARM_grp..debug_info$stdarg.h$.2_My0000_Ed5CtlNjBe4_300000
              definition:  __ARM_grp..debug_info$stdint.h$.2_8w1000_tRcubNiFqm3_300000
              definition:  __ARM_grp..debug_info$stdio.h$.2_0C1000_JJDEnFDU7Nb_f00000
              definition:  __ARM_grp..debug_info$stdlib.h$.2_MP0000_YMC6jeNqqwe_300000
              definition:  __ARM_grp..debug_info$stm32f10x.h$.2_YXx100_l7hhmGqZbs0_k20000
              definition:  __ARM_grp..debug_info$stm32f10x_adc.h$.2_M$S000_MwoVywvbat3_t20000
              definition:  __ARM_grp..debug_info$stm32f10x_conf.h$.2_8D0000_e5nS$YNzRuf_300000
              definition:  __ARM_grp..debug_info$stm32f10x_dac.h$.2_ch3000_QRG4R3Jrtw4_a00000
              definition:  __ARM_grp..debug_info$stm32f10x_dma.h$.2_wL5000_MLxl2ptjFEe_h00000
[...]
    RCC_GetClocksFreq                        0x0800c715   Thumb Code   192  stm32f10x_rcc.o(i.RCC_GetClocksFreq)
    Read_ID3V1                               0x0800c7e9   Thumb Code    78  MP3header.o(i.Read_ID3V1)
    Read_ID3V2                               0x0800c849   Thumb Code   510  MP3header.o(i.Read_ID3V2)
    ResetDevice                              0x0800cb41   Thumb Code     8  drvTFT001.o(i.ResetDevice)
    SDIO_ClearFlag                           0x0800cc69   Thumb Code     6  stm32f10x_sdio.o(i.SDIO_ClearFlag)
    SDIO_ClearITPendingBit                   0x0800cc75   Thumb Code     6  stm32f10x_sdio.o(i.SDIO_ClearITPendingBit)
    SDIO_ClockCmd                            0x0800cc81   Thumb Code     6  stm32f10x_sdio.o(i.SDIO_ClockCmd)
    SDIO_DMACmd                              0x0800cc8d   Thumb Code     6  stm32f10x_sdio.o(i.SDIO_DMACmd)
    SDIO_DataConfig                          0x0800cc99   Thumb Code    42  stm32f10x_sdio.o(i.SDIO_DataConfig)
    SDIO_DeInit                              0x0800ccc9   Thumb Code    28  stm32f10x_sdio.o(i.SDIO_DeInit)
    SDIO_GetCommandResponse                  0x0800cced   Thumb Code     8  stm32f10x_sdio.o(i.SDIO_GetCommandResponse)
    SDIO_GetFlagStatus                       0x0800ccf9   Thumb Code    20  stm32f10x_sdio.o(i.SDIO_GetFlagStatus)
    SDIO_GetITStatus                         0x0800cd11   Thumb Code    20  stm32f10x_sdio.o(i.SDIO_GetITStatus)
    SDIO_GetPowerState                       0x0800cd29   Thumb Code    10  stm32f10x_sdio.o(i.SDIO_GetPowerState)
    SDIO_GetResponse                         0x0800cd39   Thumb Code    12  stm32f10x_sdio.o(i.SDIO_GetResponse)
    SDIO_IRQHandler                          0x0800cd49   Thumb Code    20  stm32f10x_it.o(i.SDIO_IRQHandler)
    SDIO_ITConfig                            0x0800cd5d   Thumb Code    26  stm32f10x_sdio.o(i.SDIO_ITConfig)
    SDIO_Init                                0x0800cd7d   Thumb Code    42  stm32f10x_sdio.o(i.SDIO_Init)
    SDIO_ReadData                            0x0800cdad   Thumb Code     6  stm32f10x_sdio.o(i.SDIO_ReadData)
    SDIO_SendCommand                         0x0800cdb9   Thumb Code    38  stm32f10x_sdio.o(i.SDIO_SendCommand)
    SDIO_SetPowerState                       0x0800cde5   Thumb Code    22  stm32f10x_sdio.o(i.SDIO_SetPowerState)
    SDIO_WriteData                           0x0800ce01   Thumb Code     6  stm32f10x_sdio.o(i.SDIO_WriteData)
    SD_DMAEndOfTransferStatus                0x0800ce0d   Thumb Code    10  hw_config.o(i.SD_DMAEndOfTransferStatus)
    SD_Detect                                0x0800ce1d   Thumb Code    20  sdio_sd.o(i.SD_Detect)
    SD_EnableWideBusOperation                0x0800ce35   Thumb Code   144  sdio_sd.o(i.SD_EnableWideBusOperation)
    SD_GetCardInfo                           0x0800cecd   Thumb Code   764  sdio_sd.o(i.SD_GetCardInfo)
    SD_Init                                  0x0800d1d9   Thumb Code   192  sdio_sd.o(i.SD_Init)
    SD_InitializeCards                       0x0800d2a5   Thumb Code   300  sdio_sd.o(i.SD_InitializeCards)
    SD_LowLevel_DMA_RxConfig                 0x0800d3e5   Thumb Code    86  hw_config.o(i.SD_LowLevel_DMA_RxConfig)
    SD_LowLevel_DMA_TxConfig                 0x0800d449   Thumb Code    86  hw_config.o(i.SD_LowLevel_DMA_TxConfig)
    SD_LowLevel_Init                         0x0800d4ad   Thumb Code    90  hw_config.o(i.SD_LowLevel_Init)
    SD_PowerON                               0x0800d515   Thumb Code   384  sdio_sd.o(i.SD_PowerON)
    SD_PrintError                            0x0800d6a5   Thumb Code    14  sdio_sd.o(i.SD_PrintError)
    SD_ProcessIRQSrc                         0x0800d6c5   Thumb Code   552  sdio_sd.o(i.SD_ProcessIRQSrc)
    SD_ReadBlock                             0x0800d90d   Thumb Code   534  sdio_sd.o(i.SD_ReadBlock)
    SD_ReadMultiBlocks                       0x0800db55   Thumb Code   672  sdio_sd.o(i.SD_ReadMultiBlocks)
    SD_ReceiveData                           0x0800de29   Thumb Code   162  sdio_sd.o(i.SD_ReceiveData)
    SD_SelectDeselect                        0x0800ded1   Thumb Code    48  sdio_sd.o(i.SD_SelectDeselect)
    SD_SetDeviceMode                         0x0800df05   Thumb Code    24  sdio_sd.o(i.SD_SetDeviceMode)
    SD_SetHighSpeed                          0x0800df21   Thumb Code   274  sdio_sd.o(i.SD_SetHighSpeed)
    SD_StopTransfer                          0x0800e041   Thumb Code    46  sdio_sd.o(i.SD_StopTransfer)
    SD_WriteBlock                            0x0800e075   Thumb Code   828  sdio_sd.o(i.SD_WriteBlock)
    SD_WriteMultiBlocks                      0x0800e3dd   Thumb Code   978  sdio_sd.o(i.SD_WriteMultiBlocks)
    SPI_Cmd                                  0x0800e7dd   Thumb Code    24  stm32f10x_spi.o(i.SPI_Cmd)
    SPI_Init                                 0x0800e7f5   Thumb Code    60  stm32f10x_spi.o(i.SPI_Init)
    SVC_Handler                              0x0800e831   Thumb Code     2  stm32f10x_it.o(i.SVC_Handler)
    SearchMusic                              0x0800e835   Thumb Code   880  MP3header.o(i.SearchMusic)
    SetFont                                  0x0800ec29   Thumb Code    66  Primitive.o(i.SetFont)
    SldCreate                                0x0800ed4d   Thumb Code   120  Slider.o(i.SldCreate)
    SldDraw                                  0x0800edc9   Thumb Code  1530  Slider.o(i.SldDraw)
    SldGetHeight                             0x0800f419   Thumb Code    92  Slider.o(i.SldGetHeight)
    SldGetMinMaxPos                          0x0800f475   Thumb Code    72  Slider.o(i.SldGetMinMaxPos)
    SldGetWidth                              0x0800f4bd   Thumb Code    92  Slider.o(i.SldGetWidth)
    SldMsgDefault                            0x0800f519   Thumb Code   284  Slider.o(i.SldMsgDefault)
    SldSetPos                                0x0800f635   Thumb Code   158  Slider.o(i.SldSetPos)
    SldSetThumbSize                          0x0800f6d3   Thumb Code    34  Slider.o(i.SldSetThumbSize)
    SldTranslateMsg                          0x0800f6f5   Thumb Code   196  Slider.o(i.SldTranslateMsg)
    StartMenu                                0x0800f7b9   Thumb Code   908  menu.o(i.StartMenu)
    SysTick_Handler                          0x0800fb91   Thumb Code    34  stm32f10x_it.o(i.SysTick_Handler)
    SystemInit                               0x0800fbb9   Thumb Code    78  system_stm32f10x.o(i.SystemInit)
    TIM7_IRQHandler                          0x0800fc19   Thumb Code    44  Audio.o(i.TIM7_IRQHandler)
    TIM_ClearITPendingBit                    0x0800fc51   Thumb Code     6  stm32f10x_tim.o(i.TIM_ClearITPendingBit)
    TIM_Cmd                                  0x0800fc57   Thumb Code    24  stm32f10x_tim.o(i.TIM_Cmd)
    TIM_DeInit                               0x0800fc71   Thumb Code   424  stm32f10x_tim.o(i.TIM_DeInit)
    TIM_SelectOutputTrigger                  0x0800fe59   Thumb Code    18  stm32f10x_tim.o(i.TIM_SelectOutputTrigger)
    TIM_SetAutoreload                        0x0800fe6b   Thumb Code     4  stm32f10x_tim.o(i.TIM_SetAutoreload)
    TIM_TimeBaseInit                         0x0800fe71   Thumb Code   122  stm32f10x_tim.o(i.TIM_TimeBaseInit)
    TIM_TimeBaseStructInit                   0x0800ff15   Thumb Code    18  stm32f10x_tim.o(i.TIM_TimeBaseStructInit)
    TP_Init                                  0x0800ff29   Thumb Code   108  TouchPanel.o(i.TP_Init)
    TimeFormat                               0x080101f5   Thumb Code    54  MP3header.o(i.TimeFormat)
    TouchInit                                0x0801022b   Thumb Code     8  TouchScreen.o(i.TouchInit)
    USART1_IRQHandler                        0x08010233   Thumb Code     2  stm32f10x_it.o(i.USART1_IRQHandler)
    USART_Cmd                                0x08010235   Thumb Code    24  stm32f10x_usart.o(i.USART_Cmd)
    USART_Configuration                      0x0801024d   Thumb Code   144  hw_config.o(i.USART_Configuration)
    USART_GetFlagStatus                      0x080102e5   Thumb Code    26  stm32f10x_usart.o(i.USART_GetFlagStatus)
    USART_ITConfig                           0x080102ff   Thumb Code    74  stm32f10x_usart.o(i.USART_ITConfig)
    USART_Init                               0x08010349   Thumb Code   210  stm32f10x_usart.o(i.USART_Init)
    USART_SendData                           0x08010421   Thumb Code     8  stm32f10x_usart.o(i.USART_SendData)
    UsageFault_Handler                       0x080108b9   Thumb Code     4  stm32f10x_it.o(i.UsageFault_Handler)
    WM8731_Init                              0x080108bd   Thumb Code    72  WM8731.o(i.WM8731_Init)
    WM8731_Vol                               0x08010905   Thumb Code    22  WM8731.o(i.WM8731_Vol)
    WavePlayer_ConvertPCM                    0x08010965   Thumb Code   228  Audio.o(i.WavePlayer_ConvertPCM)
    __0printf$5                              0x08010b9d   Thumb Code    22  printf5.o(i.__0printf$5)
    __1printf$5                              0x08010b9d   Thumb Code     0  printf5.o(i.__0printf$5)
    __2printf                                0x08010b9d   Thumb Code     0  printf5.o(i.__0printf$5)
    __scatterload_copy                       0x08010bbd   Thumb Code    14  handlers.o(i.__scatterload_copy)
    __scatterload_null                       0x08010bcb   Thumb Code     2  handlers.o(i.__scatterload_null)
    __scatterload_zeroinit                   0x08010bcd   Thumb Code    14  handlers.o(i.__scatterload_zeroinit)
    clust2sect                               0x080112e9   Thumb Code    26  ff.o(i.clust2sect)
    codec_send                               0x08011395   Thumb Code     2  WM8731.o(i.codec_send)
    delay_ms                                 0x080116a5   Thumb Code    30  GLCD.o(i.delay_ms)
    disk_initialize                          0x08011b9b   Thumb Code    46  diskio.o(i.disk_initialize)
    disk_ioctl                               0x08011bc9   Thumb Code    88  diskio.o(i.disk_ioctl)
    disk_read                                0x08011c25   Thumb Code    96  diskio.o(i.disk_read)
    disk_status                              0x08011c89   Thumb Code    34  diskio.o(i.disk_status)
    disk_write                               0x08011cad   Thumb Code    90  diskio.o(i.disk_write)
    f_close                                  0x08011d0d   Thumb Code    22  ff.o(i.f_close)
    f_lseek                                  0x08011d23   Thumb Code   430  ff.o(i.f_lseek)
    f_mount                                  0x08011ed1   Thumb Code    38  ff.o(i.f_mount)
    f_open                                   0x08011efd   Thumb Code   374  ff.o(i.f_open)
    f_opendir                                0x0801207d   Thumb Code   116  ff.o(i.f_opendir)
    f_read                                   0x080120f5   Thumb Code   458  ff.o(i.f_read)
    f_readdir                                0x080122c1   Thumb Code    90  ff.o(i.f_readdir)
    f_sync                                   0x08012321   Thumb Code   174  ff.o(i.f_sync)
    ff_convert                               0x080123d1   Thumb Code    70  ccsbcs.o(i.ff_convert)
    ff_wtoupper                              0x0801241d   Thumb Code    46  ccsbcs.o(i.ff_wtoupper)
    fputc                                    0x08012569   Thumb Code    32  hw_config.o(i.fputc)
    free                                     0x0801258d   Thumb Code    76  malloc.o(i.free)
    gen_numname                              0x080125dd   Thumb Code   166  ff.o(i.gen_numname)
    get_fat                                  0x08012683   Thumb Code   228  ff.o(i.get_fat)
    get_fattime                              0x08012767   Thumb Code     4  diskio.o(i.get_fattime)
    main                                     0x08012b85   Thumb Code    70  main.o(i.main)
    malloc                                   0x08012be5   Thumb Code    92  malloc.o(i.malloc)
    put_fat                                  0x08012d8d   Thumb Code   310  ff.o(i.put_fat)
    xmp3_AllocateBuffers                     0x08013179   Thumb Code   116  buffers.o(i.xmp3_AllocateBuffers)
    xmp3_CalcBitsUsed                        0x0801320d   Thumb Code    18  bitstream.o(i.xmp3_CalcBitsUsed)
    xmp3_CheckPadBit                         0x0801321f   Thumb Code    28  bitstream.o(i.xmp3_CheckPadBit)
    xmp3_DecodeHuffman                       0x0801323b   Thumb Code   546  huffman.o(i.xmp3_DecodeHuffman)
    xmp3_DequantChannel                      0x0801345d   Thumb Code   638  dqchan.o(i.xmp3_DequantChannel)
    xmp3_Dequantize                          0x080136e1   Thumb Code   638  dequant.o(i.xmp3_Dequantize)
    xmp3_FDCT32                              0x08013965   Thumb Code  3372  dct32.o(i.xmp3_FDCT32)
    xmp3_FreeBuffers                         0x08014691   Thumb Code     2  buffers.o(i.xmp3_FreeBuffers)
    xmp3_GetBits                             0x08014693   Thumb Code    80  bitstream.o(i.xmp3_GetBits)
    xmp3_IMDCT                               0x080146e3   Thumb Code   506  imdct.o(i.xmp3_IMDCT)
    xmp3_IntensityProcMPEG1                  0x080148dd   Thumb Code   744  stproc.o(i.xmp3_IntensityProcMPEG1)
    xmp3_IntensityProcMPEG2                  0x08014bcd   Thumb Code   706  stproc.o(i.xmp3_IntensityProcMPEG2)
    xmp3_MidSideProc                         0x08014e99   Thumb Code   106  stproc.o(i.xmp3_MidSideProc)
    xmp3_SetBitstreamPointer                 0x08014f03   Thumb Code    12  bitstream.o(i.xmp3_SetBitstreamPointer)
    xmp3_Subband                             0x08014f11   Thumb Code   280  subband.o(i.xmp3_Subband)
    xmp3_UnpackFrameHeader                   0x0801502d   Thumb Code   492  bitstream.o(i.xmp3_UnpackFrameHeader)
    xmp3_UnpackScaleFactors                  0x08015231   Thumb Code   296  scalfact.o(i.xmp3_UnpackScaleFactors)
    xmp3_UnpackSideInfo                      0x08015359   Thumb Code   564  bitstream.o(i.xmp3_UnpackSideInfo)
    OSUnMapTbl                               0x0801558c   Data         256  os_core.o(.constdata)
    OSDebugEn                                0x0801568c   Data           2  os_dbg.o(.constdata)
    OSEndiannessTest                         0x08015690   Data           4  os_dbg.o(.constdata)
    OSEventEn                                0x08015694   Data           2  os_dbg.o(.constdata)
    OSEventMax                               0x08015696   Data           2  os_dbg.o(.constdata)
    OSEventNameEn                            0x08015698   Data           2  os_dbg.o(.constdata)
    OSEventSize                              0x0801569a   Data           2  os_dbg.o(.constdata)
    OSEventTblSize                           0x0801569c   Data           2  os_dbg.o(.constdata)
    OSEventMultiEn                           0x0801569e   Data           2  os_dbg.o(.constdata)
    OSFlagEn                                 0x080156a0   Data           2  os_dbg.o(.constdata)
    OSFlagGrpSize                            0x080156a2   Data           2  os_dbg.o(.constdata)
    OSFlagNodeSize                           0x080156a4   Data           2  os_dbg.o(.constdata)
    OSFlagWidth                              0x080156a6   Data           2  os_dbg.o(.constdata)
    OSFlagMax                                0x080156a8   Data           2  os_dbg.o(.constdata)
    OSFlagNameEn                             0x080156aa   Data           2  os_dbg.o(.constdata)
    OSLowestPrio                             0x080156ac   Data           2  os_dbg.o(.constdata)
    OSMboxEn                                 0x080156ae   Data           2  os_dbg.o(.constdata)
    OSMemEn                                  0x080156b0   Data           2  os_dbg.o(.constdata)
    OSMemMax                                 0x080156b2   Data           2  os_dbg.o(.constdata)
    OSMemNameEn                              0x080156b4   Data           2  os_dbg.o(.constdata)
    OSMemSize                                0x080156b6   Data           2  os_dbg.o(.constdata)
    OSMemTblSize                             0x080156b8   Data           2  os_dbg.o(.constdata)
    OSMutexEn                                0x080156ba   Data           2  os_dbg.o(.constdata)
    OSPtrSize                                0x080156bc   Data           2  os_dbg.o(.constdata)
    OSQEn                                    0x080156be   Data           2  os_dbg.o(.constdata)
    OSQMax                                   0x080156c0   Data           2  os_dbg.o(.constdata)
    OSQSize                                  0x080156c2   Data           2  os_dbg.o(.constdata)
    OSRdyTblSize                             0x080156c4   Data           2  os_dbg.o(.constdata)
    OSSemEn                                  0x080156c6   Data           2  os_dbg.o(.constdata)
    OSStkWidth                               0x080156c8   Data           2  os_dbg.o(.constdata)
    OSTaskCreateEn                           0x080156ca   Data           2  os_dbg.o(.constdata)
    OSTaskCreateExtEn                        0x080156cc   Data           2  os_dbg.o(.constdata)
    OSTaskDelEn                              0x080156ce   Data           2  os_dbg.o(.constdata)
    OSTaskIdleStkSize                        0x080156d0   Data           2  os_dbg.o(.constdata)
    OSTaskProfileEn                          0x080156d2   Data           2  os_dbg.o(.constdata)
    OSTaskMax                                0x080156d4   Data           2  os_dbg.o(.constdata)
    OSTaskNameEn                             0x080156d6   Data           2  os_dbg.o(.constdata)
    OSTaskStatEn                             0x080156d8   Data           2  os_dbg.o(.constdata)
    OSTaskStatStkSize                        0x080156da   Data           2  os_dbg.o(.constdata)
    OSTaskStatStkChkEn                       0x080156dc   Data           2  os_dbg.o(.constdata)
    OSTaskSwHookEn                           0x080156de   Data           2  os_dbg.o(.constdata)
    OSTaskRegTblSize                         0x080156e0   Data           2  os_dbg.o(.constdata)
    OSTCBPrioTblMax                          0x080156e2   Data           2  os_dbg.o(.constdata)
    OSTCBSize                                0x080156e4   Data           2  os_dbg.o(.constdata)
    OSTicksPerSec                            0x080156e6   Data           2  os_dbg.o(.constdata)
    OSTimeTickHookEn                         0x080156e8   Data           2  os_dbg.o(.constdata)
    OSVersionNbr                             0x080156ea   Data           2  os_dbg.o(.constdata)
    OSTmrEn                                  0x080156ec   Data           2  os_dbg.o(.constdata)
    OSTmrCfgMax                              0x080156ee   Data           2  os_dbg.o(.constdata)
    OSTmrCfgNameEn                           0x080156f0   Data           2  os_dbg.o(.constdata)
    OSTmrCfgWheelSize                        0x080156f2   Data           2  os_dbg.o(.constdata)
    OSTmrCfgTicksPerSec                      0x080156f4   Data           2  os_dbg.o(.constdata)
    OSTmrSize                                0x080156f6   Data           2  os_dbg.o(.constdata)
    OSTmrTblSize                             0x080156f8   Data           2  os_dbg.o(.constdata)
    OSTmrWheelSize                           0x080156fa   Data           2  os_dbg.o(.constdata)
    OSTmrWheelTblSize                        0x080156fc   Data           2  os_dbg.o(.constdata)
    OSDataSize                               0x080156fe   Data           2  os_dbg.o(.constdata)
    xmp3_huffTable                           0x08015a10   Data        8484  hufftabs.o(.constdata)
    xmp3_huffTabOffset                       0x08017b34   Data         128  hufftabs.o(.constdata)
    xmp3_huffTabLookup                       0x08017bb4   Data         256  hufftabs.o(.constdata)
    xmp3_quadTable                           0x08017cb4   Data          80  hufftabs.o(.constdata)
    xmp3_quadTabOffset                       0x08017d04   Data           8  hufftabs.o(.constdata)
    xmp3_quadTabMaxBits                      0x08017d0c   Data           8  hufftabs.o(.constdata)
    xmp3_imdctWin                            0x08017df4   Data         576  trigtabs.o(.constdata)
    xmp3_ISFMpeg1                            0x08018034   Data          56  trigtabs.o(.constdata)
    xmp3_ISFMpeg2                            0x0801806c   Data         256  trigtabs.o(.constdata)
    xmp3_ISFIIP                              0x0801816c   Data          16  trigtabs.o(.constdata)
    xmp3_uniqueIDTab                         0x0801817c   Data           8  trigtabs.o(.constdata)
    xmp3_csa                                 0x08018184   Data          64  trigtabs.o(.constdata)
    xmp3_coef32                              0x080181c4   Data         124  trigtabs.o(.constdata)
    xmp3_polyCoef                            0x08018240   Data        1056  trigtabs.o(.constdata)
    xmp3_samplerateTab                       0x08018660   Data          36  mp3tabs.o(.constdata)
    xmp3_bitrateTab                          0x08018684   Data         270  mp3tabs.o(.constdata)
    xmp3_samplesPerFrameTab                  0x08018792   Data          18  mp3tabs.o(.constdata)
    xmp3_bitsPerSlotTab                      0x080187a4   Data           6  mp3tabs.o(.constdata)
    xmp3_sideBytesTab                        0x080187aa   Data          12  mp3tabs.o(.constdata)
    xmp3_slotTab                             0x080187b6   Data         270  mp3tabs.o(.constdata)
    xmp3_sfBandTable                         0x080188c4   Data         666  mp3tabs.o(.constdata)
    GOLFontDefault                           0x08018b60   Data           8  GOLFontDefault.o(.constdata)
    L11903                                   0x08018b68   Data        5504  GOLFontDefault.o(.constdata)
    L20251                                   0x0801a0e8   Data         856  Pictures.o(.constdata)
    L5583                                    0x0801a440   Data         906  Pictures.o(.constdata)
    L6912                                    0x0801a7ca   Data         906  Pictures.o(.constdata)
    L7535                                    0x0801ab54   Data         906  Pictures.o(.constdata)
    L14586                                   0x0801aede   Data         856  Pictures.o(.constdata)
    L14971                                   0x0801b236   Data         856  Pictures.o(.constdata)
    L10076                                   0x0801b58e   Data        1006  Pictures.o(.constdata)
    L23580                                   0x0801b97c   Data         906  Pictures.o(.constdata)
    L27174                                   0x0801bd06   Data         806  Pictures.o(.constdata)
    L8596                                    0x0801c02c   Data         806  Pictures.o(.constdata)
    L8073                                    0x0801c352   Data         806  Pictures.o(.constdata)
    L19931                                   0x0801c678   Data         806  Pictures.o(.constdata)
    L10490                                   0x0801c99e   Data         806  Pictures.o(.constdata)
    L4244                                    0x0801ccc4   Data         806  Pictures.o(.constdata)
    L17679                                   0x0801cfea   Data         654  Pictures.o(.constdata)
    L10322                                   0x0801d278   Data         806  Pictures.o(.constdata)
    L10936                                   0x0801d59e   Data         806  Pictures.o(.constdata)
    L14149                                   0x0801d8c4   Data         654  Pictures.o(.constdata)
    L11453                                   0x0801db52   Data       59526  Pictures.o(.constdata)
    L24020                                   0x0802c3d8   Data        5126  Pictures.o(.constdata)
    L26496                                   0x0802d7de   Data        1286  Pictures.o(.constdata)
    L26799                                   0x0802dce4   Data        1542  Pictures.o(.constdata)
    L28892                                   0x0802e2ea   Data         774  Pictures.o(.constdata)
    Frame_sampfreqs                          0x0802e5f0   Data          16  MP3header.o(.constdata)
    Frame_bitrates                           0x0802e600   Data          60  MP3header.o(.constdata)
    Region$$Table$$Base                      0x0802f190   Number         0  anon$$obj.o(Region$$Table)
    Region$$Table$$Limit                     0x0802f1b0   Number         0  anon$$obj.o(Region$$Table)
    mp3Mbox                                  0x20000000   Data           4  uctsk_MP3Decode.o(.data)
    DMAComplete                              0x20000004   Data           4  uctsk_MP3Decode.o(.data)
    StopMP3Decode                            0x20000008   Data           4  uctsk_MP3Decode.o(.data)
    msg                                      0x2000000c   Data           6  uctsk_MicrochipGUI.o(.data)
    OSCtxSwCtr                               0x20000014   Data           4  os_core.o(.data)
    OSEventFreeList                          0x20000018   Data           4  os_core.o(.data)
    OSFlagFreeList                           0x2000001c   Data           4  os_core.o(.data)
    OSCPUUsage                               0x20000020   Data           1  os_core.o(.data)
    OSIdleCtrMax                             0x20000024   Data           4  os_core.o(.data)
    OSIdleCtrRun                             0x20000028   Data           4  os_core.o(.data)
    OSStatRdy                                0x2000002c   Data           1  os_core.o(.data)
    OSIntNesting                             0x2000002d   Data           1  os_core.o(.data)
    OSLockNesting                            0x2000002e   Data           1  os_core.o(.data)
    OSPrioCur                                0x2000002f   Data           1  os_core.o(.data)
    OSPrioHighRdy                            0x20000030   Data           1  os_core.o(.data)
    OSRdyGrp                                 0x20000031   Data           1  os_core.o(.data)
    OSRdyTbl                                 0x20000032   Data           8  os_core.o(.data)
    OSRunning                                0x2000003a   Data           1  os_core.o(.data)
    OSTaskCtr                                0x2000003b   Data           1  os_core.o(.data)
    OSIdleCtr                                0x2000003c   Data           4  os_core.o(.data)
    OSTCBCur                                 0x20000040   Data           4  os_core.o(.data)
    OSTCBFreeList                            0x20000044   Data           4  os_core.o(.data)
    OSTCBHighRdy                             0x20000048   Data           4  os_core.o(.data)
    OSTCBList                                0x2000004c   Data           4  os_core.o(.data)
    OSTickStepState                          0x20000050   Data           1  os_core.o(.data)
    OSMemFreeList                            0x20000054   Data           4  os_core.o(.data)
    OSQFreeList                              0x20000058   Data           4  os_core.o(.data)
    OSTime                                   0x2000005c   Data           4  os_core.o(.data)
    OSTmrFree                                0x20000060   Data           2  os_core.o(.data)
    OSTmrUsed                                0x20000062   Data           2  os_core.o(.data)
    OSTmrTime                                0x20000064   Data           4  os_core.o(.data)
    OSTmrSem                                 0x20000068   Data           4  os_core.o(.data)
    OSTmrSemSignal                           0x2000006c   Data           4  os_core.o(.data)
    OSTmrFreeList                            0x20000070   Data           4  os_core.o(.data)
    TransferError                            0x2000008c   Data           1  sdio_sd.o(.data)
    TransferEnd                              0x20000090   Data           4  sdio_sd.o(.data)
    NumberOfBytes                            0x20000094   Data           4  sdio_sd.o(.data)
    SrcBuffer                                0x20000098   Data           4  sdio_sd.o(.data)
    DestBuffer                               0x2000009c   Data           4  sdio_sd.o(.data)
    _pGolObjects                             0x200000a8   Data           4  GOL.o(.data)
    _pDefaultGolScheme                       0x200000ac   Data           4  GOL.o(.data)
    _pObjectFocused                          0x200000b0   Data           4  GOL.o(.data)
    _pRpnlBitmap                             0x200000b4   Data           4  GOL.o(.data)
    _rpnlX1                                  0x200000c4   Data           2  GOL.o(.data)
    _rpnlY1                                  0x200000c6   Data           2  GOL.o(.data)
    _rpnlX2                                  0x200000c8   Data           2  GOL.o(.data)
    _rpnlY2                                  0x200000ca   Data           2  GOL.o(.data)
    _rpnlR                                   0x200000cc   Data           2  GOL.o(.data)
    _rpnlFaceColor                           0x200000ce   Data           2  GOL.o(.data)
    _rpnlEmbossLtColor                       0x200000d0   Data           2  GOL.o(.data)
    _rpnlEmbossDkColor                       0x200000d2   Data           2  GOL.o(.data)
    _rpnlEmbossSize                          0x200000d4   Data           2  GOL.o(.data)
    _lineType                                0x20000124   Data           2  Primitive.o(.data)
    HZLibFlag                                0x20000126   Data           1  Primitive.o(.data)
    _lineThickness                           0x20000127   Data           1  Primitive.o(.data)
    _fontOrientation                         0x20000128   Data           1  Primitive.o(.data)
    _cursorX                                 0x2000012a   Data           2  Primitive.o(.data)
    _cursorY                                 0x2000012c   Data           2  Primitive.o(.data)
    _font                                    0x20000130   Data           4  Primitive.o(.data)
    _fontFirstChar                           0x20000134   Data           2  Primitive.o(.data)
    _fontLastChar                            0x20000136   Data           2  Primitive.o(.data)
    _fontHeight                              0x20000138   Data           2  Primitive.o(.data)
    _bevelDrawType                           0x2000013a   Data           1  Primitive.o(.data)
    _color                                   0x20000152   Data           2  drvTFT001.o(.data)
    _clipRgn                                 0x20000154   Data           2  drvTFT001.o(.data)
    _clipLeft                                0x20000156   Data           2  drvTFT001.o(.data)
    _clipTop                                 0x20000158   Data           2  drvTFT001.o(.data)
    _clipRight                               0x2000015a   Data           2  drvTFT001.o(.data)
    _clipBottom                              0x2000015c   Data           2  drvTFT001.o(.data)
    ScreenState                              0x2000016c   Data           1  menu.o(.data)
    previous_on                              0x20000170   Data           8  Pictures.o(.data)
    play_on                                  0x20000178   Data           8  Pictures.o(.data)
    stop_on                                  0x20000180   Data           8  Pictures.o(.data)
    next_on                                  0x20000188   Data           8  Pictures.o(.data)
    previous_off                             0x20000190   Data           8  Pictures.o(.data)
    next_off                                 0x20000198   Data           8  Pictures.o(.data)
    stop_off                                 0x200001a0   Data           8  Pictures.o(.data)
    play_off                                 0x200001a8   Data           8  Pictures.o(.data)
    rpress_up                                0x200001b0   Data           8  Pictures.o(.data)
    rpress_dowm                              0x200001b8   Data           8  Pictures.o(.data)
    press_up                                 0x200001c0   Data           8  Pictures.o(.data)
    press_down                               0x200001c8   Data           8  Pictures.o(.data)
    musicon                                  0x200001d0   Data           8  Pictures.o(.data)
    musicoff                                 0x200001d8   Data           8  Pictures.o(.data)
    MUTE_HOVER                               0x200001e0   Data           8  Pictures.o(.data)
    sound_add                                0x200001e8   Data           8  Pictures.o(.data)
    sound_delete                             0x200001f0   Data           8  Pictures.o(.data)
    UNMUTE_HOVER                             0x200001f8   Data           8  Pictures.o(.data)
    Smart_MP3                                0x20000200   Data           8  Pictures.o(.data)
    Smart_MP3_Part1                          0x20000208   Data           8  Pictures.o(.data)
    Smart_MP3_Part2                          0x20000210   Data           8  Pictures.o(.data)
    Smart_MP3_Part3                          0x20000218   Data           8  Pictures.o(.data)
    Smart_MP3_Part4                          0x20000220   Data           8  Pictures.o(.data)
    externalfont                             0x20000228   Data           8  externalref.o(.data)
    externalbitmap                           0x20000230   Data           8  externalref.o(.data)
    recount                                  0x20000238   Data           1  MP3header.o(.data)
    jump                                     0x2000023c   Data           4  MP3header.o(.data)
    MusicFileCount                           0x20000240   Data           1  MP3header.o(.data)
    PlayFile                                 0x20000244   Data           4  MP3header.o(.data)
    DeviceCode                               0x2000024a   Data           2  GLCD.o(.data)
    i                                        0x2000024c   Data           2  GLCD.o(.data)
    Sine12bit                                0x20000258   Data          64  Audio.o(.data)
    BufferStatus                             0x20000298   Data           1  Audio.o(.data)
    bytesLeft                                0x200002a0   Data           4  Audio.o(.data)
    outOfData                                0x200002a4   Data           4  Audio.o(.data)
    audio_buffer_fill                        0x200002a8   Data           1  Audio.o(.data)
    AUDIO_Playback_status                    0x200002a9   Data           1  Audio.o(.data)
    Audio_Type                               0x200002aa   Data           1  Audio.o(.data)
    AUDIO_Format                             0x200002ab   Data           1  Audio.o(.data)
    Audio_buffer                             0x200002ac   Data           4  Audio.o(.data)
    readPtr                                  0x200002b0   Data           4  Audio.o(.data)
    res                                      0x200002b4   Data           1  Audio.o(.data)
    n_Read                                   0x200002b8   Data           4  Audio.o(.data)
    MP3_Data_Index                           0x200002bc   Data           4  Audio.o(.data)
    TimeOut                                  0x200002c0   Data           1  Audio.o(.data)
    Sem_F                                    0x200002c4   Data           4  main.o(.data)
    SystemCoreClock                          0x200002dc   Data           4  system_stm32f10x.o(.data)
    AHBPrescTable                            0x200002e0   Data          16  system_stm32f10x.o(.data)
    __stdout                                 0x200002f0   Data           4  stdout.o(.data)
    __microlib_freelist                      0x200002f4   Data           4  mvars.o(.data)
    __microlib_freelist_initialised          0x200002f8   Data           4  mvars.o(.data)
    OSEventTbl                               0x20001afc   Data         480  os_core.o(.bss)
    OSFlagTbl                                0x20001cdc   Data          80  os_core.o(.bss)
    OSTaskStatStk                            0x20001d2c   Data         256  os_core.o(.bss)
    OSTaskIdleStk                            0x20001e2c   Data         128  os_core.o(.bss)
    OSTCBPrioTbl                             0x20001eac   Data         256  os_core.o(.bss)
    OSTCBTbl                                 0x20001fac   Data        1936  os_core.o(.bss)
    OSMemTbl                                 0x2000273c   Data         120  os_core.o(.bss)
    OSQTbl                                   0x200027b4   Data          96  os_core.o(.bss)
    OSTmrTbl                                 0x20002814   Data         640  os_core.o(.bss)
    OSTmrTaskStk                             0x20002a94   Data         256  os_core.o(.bss)
    OSTmrWheelTbl                            0x20002b94   Data          64  os_core.o(.bss)
    mp3DecInfo                               0x20002bd4   Data        2032  buffers.o(.bss)
    sbi                                      0x200033c4   Data        8708  buffers.o(.bss)
    mi                                       0x200055c8   Data        6944  buffers.o(.bss)
    hi                                       0x200070e8   Data        4624  buffers.o(.bss)
    di                                       0x200082f8   Data         840  buffers.o(.bss)
    sfi                                      0x20008640   Data         284  buffers.o(.bss)
    si                                       0x2000875c   Data         328  buffers.o(.bss)
    fh                                       0x200088a4   Data          56  buffers.o(.bss)
    SDCardInfo                               0x200088fc   Data          80  sdio_sd.o(.bss)
    SDIO_InitStructure                       0x2000894c   Data          24  sdio_sd.o(.bss)
    SDIO_CmdInitStructure                    0x20008964   Data          20  sdio_sd.o(.bss)
    SDIO_DataInitStructure                   0x20008978   Data          24  sdio_sd.o(.bss)
    mp3_info                                 0x20008990   Data         104  MP3header.o(.bss)
    AudioBuffer                              0x20008c1c   Data        9216  Audio.o(.bss)
    mp3FrameInfo                             0x2000b01c   Data          28  Audio.o(.bss)
    readBuf                                  0x2000b038   Data        7168  Audio.o(.bss)
    fs                                       0x2000cc38   Data         560  Audio.o(.bss)
    mp3FileObject                            0x2000ce68   Data         548  Audio.o(.bss)
    bigReadBuffer                            0x2000d0a4   Data        1000  main.o(.bss)
    __heap_base                              0x2000d690   Data           0  startup_stm32f10x_hd.o(HEAP)
    __heap_limit                             0x2000ea90   Data           0  startup_stm32f10x_hd.o(HEAP)
    __initial_sp                             0x2000fa90   Data           0  startup_stm32f10x_hd.o(STACK)



==============================================================================

Memory Map of the image

  Image Entry point : 0x08000131

  Load Region LR_IROM1 (Base: 0x08000000, Size: 0x0002f4ac, Max: 0x00080000, ABSOLUTE, COMPRESSED[0x0002f280])

    Execution Region ER_IROM1 (Base: 0x08000000, Size: 0x0002f1b0, Max: 0x00080000, ABSOLUTE)

    Base Addr    Size         Type   Attr      Idx    E Section Name        Object

    0x08000000   0x00000130   Data   RO         7898    RESET               startup_stm32f10x_hd.o
    0x08000130   0x00000000   Code   RO         7960  * .ARM.Collect$$$$00000000  mc_w.l(entry.o)
    0x08000130   0x00000004   Code   RO         8300    .ARM.Collect$$$$00000001  mc_w.l(entry2.o)
    0x08000134   0x00000004   Code   RO         8303    .ARM.Collect$$$$00000004  mc_w.l(entry5.o)
    0x08000138   0x00000000   Code   RO         8305    .ARM.Collect$$$$00000008  mc_w.l(entry7b.o)
    0x08000138   0x00000008   Code   RO         8306    .ARM.Collect$$$$00000009  mc_w.l(entry8.o)
    0x08000140   0x00000004   Code   RO         8301    .ARM.Collect$$$$00002712  mc_w.l(entry2.o)
    0x08000144   0x000000a4   Code   RO         1180    .text               os_cpu_a.o
    0x080001e8   0x0000002a   Code   RO         1417    .text               cpu_a.o
    0x08000212   0x00000002   PAD
    0x08000214   0x00000016   Code   RO         1462    .text               asmmisc.o
    0x0800022a   0x00000002   PAD
    0x0800022c   0x0000080e   Code   RO         1466    .text               asmpoly_thumb2.o
    0x08000a3a   0x00000002   PAD
    0x08000a3c   0x00000024   Code   RO         7899    .text               startup_stm32f10x_hd.o
    0x08000a60   0x00000040   Code   RO         7965    .text               mc_w.l(memmovea.o)
    0x08000aa0   0x00000026   Code   RO         7967    .text               mc_w.l(memseta.o)
    0x08000ac6   0x0000001c   Code   RO         7969    .text               mc_w.l(strcat.o)
    0x08000ae2   0x0000002c   Code   RO         7971    .text               mc_w.l(strstr.o)
    0x08000b0e   0x00000018   Code   RO         7973    .text               mc_w.l(strncpy.o)
    0x08000b26   0x00000010   Code   RO         7975    .text               mc_w.l(strlen.o)
    0x08000b36   0x00000012   Code   RO         7977    .text               mc_w.l(strcpy.o)
    0x08000b48   0x0000001e   Code   RO         7979    .text               mc_w.l(strncmp.o)
    0x08000b66   0x000000b0   Code   RO         8274    .text               mf_w.l(fadd.o)
    0x08000c16   0x0000006c   Code   RO         8276    .text               mf_w.l(fmul.o)
    0x08000c82   0x00000080   Code   RO         8278    .text               mf_w.l(fdiv.o)
    0x08000d02   0x00000012   Code   RO         8286    .text               mf_w.l(fflti.o)
    0x08000d14   0x0000000a   Code   RO         8288    .text               mf_w.l(ffltui.o)
    0x08000d1e   0x00000032   Code   RO         8292    .text               mf_w.l(ffixi.o)
    0x08000d50   0x00000028   Code   RO         8294    .text               mf_w.l(ffixui.o)
    0x08000d78   0x00000062   Code   RO         8310    .text               mc_w.l(uldiv.o)
    0x08000dda   0x0000001e   Code   RO         8312    .text               mc_w.l(llshl.o)
    0x08000df8   0x00000020   Code   RO         8314    .text               mc_w.l(llushr.o)
    0x08000e18   0x00000000   Code   RO         8320    .text               mc_w.l(iusefp.o)
    0x08000e18   0x0000006c   Code   RO         8321    .text               mf_w.l(fepilogue.o)
    0x08000e84   0x00000024   Code   RO         8329    .text               mc_w.l(init.o)
    0x08000ea8   0x0000005c   Code   RO         8339    .text               mc_w.l(__dczerorl2.o)
    0x08000f04   0x00000016   Code   RO         4935    i.ADC_Cmd           stm32f10x_adc.o
    0x08000f1a   0x00000002   PAD
    0x08000f1c   0x00000058   Code   RO          317    i.ADC_Configuration  uctsk_ReadButton.o
    0x08000f74   0x00000050   Code   RO         4953    i.ADC_Init          stm32f10x_adc.o
    0x08000fc4   0x000000b8   Code   RO         4957    i.ADC_RegularChannelConfig  stm32f10x_adc.o
    0x0800107c   0x00000016   Code   RO         4960    i.ADC_SoftwareStartConvCmd  stm32f10x_adc.o
    0x08001092   0x00000002   PAD
    0x08001094   0x00000064   Code   RO         2179    i.ADS7843_SPI_Init  TouchPanel.o
    0x080010f8   0x000002e0   Code   RO         4026    i.AUDIO_Init_audio_mode  Audio.o
    0x080013d8   0x00000018   Code   RO         4027    i.AUDIO_PlaybackBuffer_GetStatus  Audio.o
    0x080013f0   0x00000030   Code   RO         4028    i.AUDIO_Playback_Stop  Audio.o
    0x08001420   0x00000260   Code   RO         1644    i.AntiAlias         imdct.o
    0x08001680   0x0000006c   Code   RO          263    i.App_MP3DecodeTaskCreate  uctsk_MP3Decode.o
    0x080016ec   0x00000058   Code   RO          285    i.App_MicrochipGUITaskCreate  uctsk_MicrochipGUI.o
    0x08001744   0x0000003c   Code   RO          318    i.App_ReadButtonTaskCreate  uctsk_ReadButton.o
    0x08001780   0x00000002   Code   RO            1    i.App_TCBInitHook   OS_AppHooks.o
    0x08001782   0x00000014   Code   RO         4219    i.App_TaskCreate    main.o
    0x08001796   0x00000002   Code   RO            2    i.App_TaskCreateHook  OS_AppHooks.o
    0x08001798   0x00000002   Code   RO            4    i.App_TaskIdleHook  OS_AppHooks.o
    0x0800179a   0x00000002   PAD
    0x0800179c   0x00000040   Code   RO         4220    i.App_TaskStart     main.o
    0x080017dc   0x00000002   Code   RO            6    i.App_TaskStatHook  OS_AppHooks.o
    0x080017de   0x00000002   Code   RO            7    i.App_TaskSwHook    OS_AppHooks.o
    0x080017e0   0x00000002   Code   RO            8    i.App_TimeTickHook  OS_AppHooks.o
    0x080017e2   0x00000002   PAD
    0x080017e4   0x00000040   Code   RO          352    i.App_TouchScreenTaskCreate  uctsk_TouchScreen.o
    0x08001824   0x0000071c   Code   RO         2994    i.Arc               Primitive.o
    0x08001f40   0x00000044   Code   RO         2995    i.Bar               Primitive.o
    0x08001f84   0x00000314   Code   RO         2996    i.Bevel             Primitive.o
    0x08002298   0x0000007c   Code   RO         2595    i.BtnCreate         Button.o
    0x08002314   0x0000037c   Code   RO         2596    i.BtnDraw           Button.o
    0x08002690   0x00000036   Code   RO         2597    i.BtnMsgDefault     Button.o
    0x080026c6   0x00000020   Code   RO         2598    i.BtnSetText        Button.o
    0x080026e6   0x0000012a   Code   RO         2599    i.BtnTranslateMsg   Button.o
    0x08002810   0x00000004   Code   RO         4253    i.BusFault_Handler  stm32f10x_it.o
    0x08002814   0x0000001a   Code   RO         1565    i.CLZ               dequant.o
    0x0800282e   0x0000001a   Code   RO         1585    i.CLZ               dqchan.o
    0x08002848   0x00000016   Code   RO         1524    i.ClearBuffer       buffers.o
    0x0800285e   0x00000002   PAD
    0x08002860   0x0000002c   Code   RO         2997    i.ClearDevice       Primitive.o
    0x0800288c   0x0000002c   Code   RO         2382    i.CmdError          sdio_sd.o
    0x080028b8   0x00000130   Code   RO         2383    i.CmdResp1Error     sdio_sd.o
    0x080029e8   0x00000048   Code   RO         2384    i.CmdResp2Error     sdio_sd.o
    0x08002a30   0x00000038   Code   RO         2385    i.CmdResp3Error     sdio_sd.o
    0x08002a68   0x0000009c   Code   RO         2386    i.CmdResp6Error     sdio_sd.o
    0x08002b04   0x0000004c   Code   RO         2387    i.CmdResp7Error     sdio_sd.o
    0x08002b50   0x00000028   Code   RO         5528    i.DAC_Cmd           stm32f10x_dac.o
    0x08002b78   0x0000002c   Code   RO         5529    i.DAC_DMACmd        stm32f10x_dac.o
    0x08002ba4   0x00000016   Code   RO         5530    i.DAC_DeInit        stm32f10x_dac.o
    0x08002bba   0x00000002   PAD
    0x08002bbc   0x00000034   Code   RO         5533    i.DAC_Init          stm32f10x_dac.o
    0x08002bf0   0x0000000c   Code   RO         5538    i.DAC_StructInit    stm32f10x_dac.o
    0x08002bfc   0x00000080   Code   RO         4029    i.DMA2_Channel4_5_IRQHandler  Audio.o
    0x08002c7c   0x0000001c   Code   RO         5633    i.DMA_ClearFlag     stm32f10x_dma.o
    0x08002c98   0x0000001c   Code   RO         5634    i.DMA_ClearITPendingBit  stm32f10x_dma.o
    0x08002cb4   0x00000018   Code   RO         5635    i.DMA_Cmd           stm32f10x_dma.o
    0x08002ccc   0x00000064   Code   RO         4030    i.DMA_Configuration  Audio.o
    0x08002d30   0x0000006c   Code   RO         4031    i.DMA_ConfigurationMP3  Audio.o
    0x08002d9c   0x0000014c   Code   RO         5636    i.DMA_DeInit        stm32f10x_dma.o
    0x08002ee8   0x0000002c   Code   RO         5638    i.DMA_GetFlagStatus  stm32f10x_dma.o
    0x08002f14   0x0000002c   Code   RO         5639    i.DMA_GetITStatus   stm32f10x_dma.o
    0x08002f40   0x00000012   Code   RO         5640    i.DMA_ITConfig      stm32f10x_dma.o
    0x08002f52   0x0000003c   Code   RO         5641    i.DMA_Init          stm32f10x_dma.o
    0x08002f8e   0x00000002   Code   RO         4254    i.DebugMon_Handler  stm32f10x_it.o
    0x08002f90   0x0000038c   Code   RO         1609    i.DecodeHuffmanPairs  huffman.o
    0x0800331c   0x0000017c   Code   RO         1610    i.DecodeHuffmanQuads  huffman.o
    0x08003498   0x000001b4   Code   RO         1586    i.DequantBlock      dqchan.o
    0x0800364c   0x000003f4   Code   RO         3322    i.DisplayMP3        GOLDrawCallback.o
    0x08003a40   0x00000008   Code   RO         3342    i.ExternalMemoryCallback  GOLMsgCallback.o
    0x08003a48   0x00000034   Code   RO         5950    i.FSMC_NORSRAMCmd   stm32f10x_fsmc.o
    0x08003a7c   0x000000e0   Code   RO         5952    i.FSMC_NORSRAMInit  stm32f10x_fsmc.o
    0x08003b5c   0x0000034c   Code   RO         2999    i.FillBevel         Primitive.o
    0x08003ea8   0x0000024c   Code   RO         4032    i.FillBuffer        Audio.o
    0x080040f4   0x0000012c   Code   RO         2388    i.FindSCR           sdio_sd.o
    0x08004220   0x00000200   Code   RO         1645    i.FreqInvertRescale  imdct.o
    0x08004420   0x00000028   Code   RO         2700    i.GOLAddObject      GOL.o
    0x08004448   0x0000004c   Code   RO         2701    i.GOLCreateScheme   GOL.o
    0x08004494   0x000000ac   Code   RO         2704    i.GOLDraw           GOL.o
    0x08004540   0x00000018   Code   RO         3323    i.GOLDrawCallback   GOLDrawCallback.o
    0x08004558   0x00000020   Code   RO         2705    i.GOLFindObject     GOL.o
    0x08004578   0x00000038   Code   RO         2706    i.GOLFree           GOL.o
    0x080045b0   0x00000014   Code   RO         2707    i.GOLInit           GOL.o
    0x080045c4   0x000000c0   Code   RO         2708    i.GOLMsg            GOL.o
    0x08004684   0x00000024   Code   RO         3343    i.GOLMsgCallback    GOLMsgCallback.o
    0x080046a8   0x000003fc   Code   RO         2709    i.GOLPanelDrawTsk   GOL.o
    0x08004aa4   0x000003cc   Code   RO         2711    i.GOLTwoTonePanelDrawTsk  GOL.o
    0x08004e70   0x00000064   Code   RO          319    i.GPIO_Configuration  uctsk_ReadButton.o
    0x08004ed4   0x0000004c   Code   RO         4128    i.GPIO_Configuration  hw_config.o
    0x08004f20   0x00000112   Code   RO         6065    i.GPIO_Init         stm32f10x_gpio.o
    0x08005032   0x00000012   Code   RO         6069    i.GPIO_ReadInputDataBit  stm32f10x_gpio.o
    0x08005044   0x00000004   Code   RO         6072    i.GPIO_ResetBits    stm32f10x_gpio.o
    0x08005048   0x00000004   Code   RO         6073    i.GPIO_SetBits      stm32f10x_gpio.o
    0x0800504c   0x00000360   Code   RO          320    i.GUI_ReadButton    uctsk_ReadButton.o
    0x080053ac   0x00000050   Code   RO         3508    i.GUI_Text          GLCD.o
    0x080053fc   0x00000020   Code   RO         3490    i.GetASCIICode      AsciiLib.o
    0x0800541c   0x00000012   Code   RO         3000    i.GetImageHeight    Primitive.o
    0x0800542e   0x00000012   Code   RO         3001    i.GetImageWidth     Primitive.o
    0x08005440   0x000001bc   Code   RO         3440    i.GetMP3MaxTime     MP3header.o
    0x080055fc   0x000000c4   Code   RO         3441    i.GetMP3Time        MP3header.o
    0x080056c0   0x0000002c   Code   RO         3002    i.GetTextHeight     Primitive.o
    0x080056ec   0x000000aa   Code   RO         3003    i.GetTextWidth      Primitive.o
    0x08005796   0x00000004   Code   RO         4255    i.HardFault_Handler  stm32f10x_it.o
    0x0800579a   0x0000017a   Code   RO         1646    i.HybridTransform   imdct.o
    0x08005914   0x0000002c   Code   RO         1841    i.I2C_Configuration  WM8731.o
    0x08005940   0x000000d8   Code   RO         4033    i.I2S_Configuration  Audio.o
    0x08005a18   0x000001e8   Code   RO         1647    i.IMDCT12x3         imdct.o
    0x08005c00   0x00000248   Code   RO         1648    i.IMDCT36           imdct.o
    0x08005e48   0x0000005c   Code   RO         3004    i.InitGraph         Primitive.o
    0x08005ea4   0x00000168   Code   RO         2389    i.IsCardProgramming  sdio_sd.o
    0x0800600c   0x00000034   Code   RO         3511    i.LCD_BackLight_Init  GLCD.o
    0x08006040   0x00000080   Code   RO         3512    i.LCD_Clear         GLCD.o
    0x080060c0   0x0000000c   Code   RO         3513    i.LCD_Configuration  GLCD.o
    0x080060cc   0x00000098   Code   RO         3514    i.LCD_CtrlLinesConfig  GLCD.o
    0x08006164   0x00000074   Code   RO         3516    i.LCD_FSMCConfig    GLCD.o
    0x080061d8   0x0000175c   Code   RO         3518    i.LCD_Initializtion  GLCD.o
    0x08007934   0x0000000c   Code   RO         3625    i.LCD_ReadData      GLCD.o
    0x08007940   0x00000010   Code   RO         3630    i.LCD_ReadReg       GLCD.o
    0x08007950   0x0000007c   Code   RO         3519    i.LCD_SetCursor     GLCD.o
    0x080079cc   0x00000028   Code   RO         3520    i.LCD_SetPoint      GLCD.o
    0x080079f4   0x0000000c   Code   RO         3610    i.LCD_WriteData     GLCD.o
    0x08007a00   0x00000008   Code   RO         3615    i.LCD_WriteIndex    GLCD.o
    0x08007a08   0x00000014   Code   RO         3620    i.LCD_WriteReg      GLCD.o
    0x08007a1c   0x00000062   Code   RO         2844    i.LbAddItem         ListBox.o
    0x08007a7e   0x0000003e   Code   RO         2845    i.LbChangeSel       ListBox.o
    0x08007abc   0x000000b4   Code   RO         2846    i.LbCreate          ListBox.o
    0x08007b70   0x0000001c   Code   RO         2848    i.LbDelItemsList    ListBox.o
    0x08007b8c   0x00000560   Code   RO         2849    i.LbDraw            ListBox.o
    0x080080ec   0x0000002c   Code   RO         2850    i.LbGetFocusedItem  ListBox.o
    0x08008118   0x0000001e   Code   RO         2851    i.LbGetSel          ListBox.o
    0x08008136   0x000000fe   Code   RO         2852    i.LbMsgDefault      ListBox.o
    0x08008234   0x00000040   Code   RO         2853    i.LbSetFocusedItem  ListBox.o
    0x08008274   0x0000008a   Code   RO         2854    i.LbTranslateMsg    ListBox.o
    0x080082fe   0x00000002   PAD
    0x08008300   0x00000284   Code   RO         3005    i.Line              Primitive.o
    0x08008584   0x00000032   Code   RO         1774    i.MP3ClearBadFrame  mp3dec.o
    0x080085b6   0x00000382   Code   RO         1775    i.MP3Decode         mp3dec.o
    0x08008938   0x00000064   Code   RO         1776    i.MP3FindFreeSync   mp3dec.o
    0x0800899c   0x0000002c   Code   RO         1777    i.MP3FindSyncWord   mp3dec.o
    0x080089c8   0x00000014   Code   RO         1778    i.MP3FreeDecoder    mp3dec.o
    0x080089dc   0x0000007c   Code   RO         1779    i.MP3GetLastFrameInfo  mp3dec.o
    0x08008a58   0x0000000c   Code   RO         1781    i.MP3InitDecoder    mp3dec.o
    0x08008a64   0x000001ec   Code   RO         4034    i.MP3_GetStrResult  Audio.o
    0x08008c50   0x00000004   Code   RO         4256    i.MemManage_Handler  stm32f10x_it.o
    0x08008c54   0x00000b08   Code   RO         3344    i.MsgMP3            GOLMsgCallback.o
    0x0800975c   0x00000002   Code   RO         4257    i.NMI_Handler       stm32f10x_it.o
    0x0800975e   0x00000028   Code   RO         4130    i.NVIC_Configuration  hw_config.o
    0x08009786   0x00000002   PAD
    0x08009788   0x00000074   Code   RO         4893    i.NVIC_Init         misc.o
    0x080097fc   0x00000014   Code   RO         4894    i.NVIC_PriorityGroupConfig  misc.o
    0x08009810   0x0000015c   Code   RO         1281    i.OSDebugInit       os_dbg.o
    0x0800996c   0x00000068   Code   RO          385    i.OSEventNameSet    os_core.o
    0x080099d4   0x00000064   Code   RO          602    i.OSFlagCreate      os_flag.o
    0x08009a38   0x00000274   Code   RO          606    i.OSFlagPend        os_flag.o
    0x08009cac   0x0000014e   Code   RO          608    i.OSFlagPost        os_flag.o
    0x08009dfa   0x00000038   Code   RO          387    i.OSInit            os_core.o
    0x08009e32   0x00000002   PAD
    0x08009e34   0x0000000c   Code   RO         1184    i.OSInitHookBegin   os_cpu_c.o
    0x08009e40   0x00000002   Code   RO         1185    i.OSInitHookEnd     os_cpu_c.o
    0x08009e42   0x00000002   PAD
    0x08009e44   0x00000090   Code   RO          389    i.OSIntExit         os_core.o
    0x08009ed4   0x00000054   Code   RO          684    i.OSMboxCreate      os_mbox.o
    0x08009f28   0x00000114   Code   RO          686    i.OSMboxPend        os_mbox.o
    0x0800a03c   0x0000005c   Code   RO          688    i.OSMboxPost        os_mbox.o
    0x0800a098   0x00000040   Code   RO          390    i.OSSchedLock       os_core.o
    0x0800a0d8   0x00000060   Code   RO          391    i.OSSchedUnlock     os_core.o
    0x0800a138   0x00000030   Code   RO          904    i.OSSemAccept       os_sem.o
    0x0800a168   0x00000054   Code   RO          905    i.OSSemCreate       os_sem.o
    0x0800a1bc   0x000000f8   Code   RO          907    i.OSSemPend         os_sem.o
    0x0800a2b4   0x0000005e   Code   RO          909    i.OSSemPost         os_sem.o
    0x0800a312   0x00000002   PAD
    0x0800a314   0x00000048   Code   RO          392    i.OSStart           os_core.o
    0x0800a35c   0x0000004c   Code   RO          393    i.OSStatInit        os_core.o
    0x0800a3a8   0x0000000c   Code   RO         1186    i.OSTCBInitHook     os_cpu_c.o
    0x0800a3b4   0x000000a8   Code   RO          959    i.OSTaskCreate      os_task.o
    0x0800a45c   0x000000c0   Code   RO          960    i.OSTaskCreateExt   os_task.o
    0x0800a51c   0x0000000c   Code   RO         1187    i.OSTaskCreateHook  os_cpu_c.o
    0x0800a528   0x00000008   Code   RO         1189    i.OSTaskIdleHook    os_cpu_c.o
    0x0800a530   0x00000084   Code   RO          964    i.OSTaskNameSet     os_task.o
    0x0800a5b4   0x00000008   Code   RO         1190    i.OSTaskStatHook    os_cpu_c.o
    0x0800a5bc   0x000000a0   Code   RO          969    i.OSTaskStkChk      os_task.o
    0x0800a65c   0x0000009a   Code   RO         1191    i.OSTaskStkInit     os_cpu_c.o
    0x0800a6f6   0x00000002   PAD
    0x0800a6f8   0x000000c4   Code   RO          970    i.OSTaskSuspend     os_task.o
    0x0800a7bc   0x00000008   Code   RO         1192    i.OSTaskSwHook      os_cpu_c.o
    0x0800a7c4   0x00000080   Code   RO         1054    i.OSTimeDly         os_time.o
    0x0800a844   0x00000084   Code   RO         1055    i.OSTimeDlyHMSM     os_time.o
    0x0800a8c8   0x000000f4   Code   RO          394    i.OSTimeTick        os_core.o
    0x0800a9bc   0x00000028   Code   RO         1193    i.OSTimeTickHook    os_cpu_c.o
    0x0800a9e4   0x00000014   Code   RO         1094    i.OSTmrSignal       os_tmr.o
    0x0800a9f8   0x000000f4   Code   RO         1100    i.OSTmr_Init        os_tmr.o
    0x0800aaec   0x0000004c   Code   RO         1101    i.OSTmr_InitTask    os_tmr.o
    0x0800ab38   0x0000006c   Code   RO         1102    i.OSTmr_Link        os_tmr.o
    0x0800aba4   0x00000080   Code   RO         1103    i.OSTmr_Task        os_tmr.o
    0x0800ac24   0x00000044   Code   RO         1104    i.OSTmr_Unlink      os_tmr.o
    0x0800ac68   0x00000068   Code   RO         1196    i.OS_CPU_SysTickInit  os_cpu_c.o
    0x0800acd0   0x0000009c   Code   RO          397    i.OS_EventTaskRdy   os_core.o
    0x0800ad6c   0x00000032   Code   RO          398    i.OS_EventTaskRemove  os_core.o
    0x0800ad9e   0x00000050   Code   RO          399    i.OS_EventTaskRemoveMulti  os_core.o
    0x0800adee   0x00000002   PAD
    0x0800adf0   0x00000084   Code   RO          400    i.OS_EventTaskWait  os_core.o
    0x0800ae74   0x0000001c   Code   RO          402    i.OS_EventWaitListInit  os_core.o
    0x0800ae90   0x000000b4   Code   RO          610    i.OS_FlagBlock      os_flag.o
    0x0800af44   0x00000058   Code   RO          611    i.OS_FlagInit       os_flag.o
    0x0800af9c   0x00000068   Code   RO          612    i.OS_FlagTaskRdy    os_flag.o
    0x0800b004   0x00000024   Code   RO          613    i.OS_FlagUnlink     os_flag.o
    0x0800b028   0x00000060   Code   RO          403    i.OS_InitEventList  os_core.o
    0x0800b088   0x00000054   Code   RO          404    i.OS_InitMisc       os_core.o
    0x0800b0dc   0x00000044   Code   RO          405    i.OS_InitRdyList    os_core.o
    0x0800b120   0x00000080   Code   RO          406    i.OS_InitTCBList    os_core.o
    0x0800b1a0   0x0000004c   Code   RO          407    i.OS_InitTaskIdle   os_core.o
    0x0800b1ec   0x0000004c   Code   RO          408    i.OS_InitTaskStat   os_core.o
    0x0800b238   0x00000012   Code   RO          409    i.OS_MemClr         os_core.o
    0x0800b24a   0x00000002   PAD
    0x0800b24c   0x00000058   Code   RO          743    i.OS_MemInit        os_mem.o
    0x0800b2a4   0x00000050   Code   RO          842    i.OS_QInit          os_q.o
    0x0800b2f4   0x00000074   Code   RO          411    i.OS_Sched          os_core.o
    0x0800b368   0x0000002c   Code   RO          412    i.OS_SchedNew       os_core.o
    0x0800b394   0x00000144   Code   RO          414    i.OS_TCBInit        os_core.o
    0x0800b4d8   0x00000028   Code   RO          415    i.OS_TaskIdle       os_core.o
    0x0800b500   0x00000088   Code   RO          416    i.OS_TaskStat       os_core.o
    0x0800b588   0x0000003c   Code   RO          417    i.OS_TaskStatStkChk  os_core.o
    0x0800b5c4   0x0000001a   Code   RO          972    i.OS_TaskStkClr     os_task.o
    0x0800b5de   0x00000002   PAD
    0x0800b5e0   0x000001f0   Code   RO         3006    i.OutChar           Primitive.o
    0x0800b7d0   0x00000070   Code   RO         3007    i.OutText           Primitive.o
    0x0800b840   0x00000040   Code   RO         3008    i.OutTextXY         Primitive.o
    0x0800b880   0x00000068   Code   RO         2969    i.PictCreate        Picture.o
    0x0800b8e8   0x00000204   Code   RO         2970    i.PictDraw          Picture.o
    0x0800baec   0x0000004c   Code   RO         2971    i.PictTranslateMsg  Picture.o
    0x0800bb38   0x00000504   Code   RO         4035    i.PlayAudioFile     Audio.o
    0x0800c03c   0x00000204   Code   RO         4036    i.PlayWaveFile      Audio.o
    0x0800c240   0x00000064   Code   RO         3521    i.PutChar           GLCD.o
    0x0800c2a4   0x00000080   Code   RO         3009    i.PutImage          Primitive.o
    0x0800c324   0x000000c8   Code   RO         3010    i.PutImage16BPP     Primitive.o
    0x0800c3ec   0x000000e0   Code   RO         3011    i.PutImage1BPP      Primitive.o
    0x0800c4cc   0x000000e0   Code   RO         3012    i.PutImage4BPP      Primitive.o
    0x0800c5ac   0x000000c8   Code   RO         3013    i.PutImage8BPP      Primitive.o
    0x0800c674   0x00000020   Code   RO         6489    i.RCC_AHBPeriphClockCmd  stm32f10x_rcc.o
    0x0800c694   0x00000020   Code   RO         6490    i.RCC_APB1PeriphClockCmd  stm32f10x_rcc.o
    0x0800c6b4   0x00000020   Code   RO         6491    i.RCC_APB1PeriphResetCmd  stm32f10x_rcc.o
    0x0800c6d4   0x00000020   Code   RO         6492    i.RCC_APB2PeriphClockCmd  stm32f10x_rcc.o
    0x0800c6f4   0x00000020   Code   RO         6493    i.RCC_APB2PeriphResetCmd  stm32f10x_rcc.o
    0x0800c714   0x000000d4   Code   RO         6500    i.RCC_GetClocksFreq  stm32f10x_rcc.o
    0x0800c7e8   0x00000060   Code   RO         3442    i.Read_ID3V1        MP3header.o
    0x0800c848   0x00000270   Code   RO         3443    i.Read_ID3V2        MP3header.o
    0x0800cab8   0x00000088   Code   RO         1470    i.RefillBitstreamCache  bitstream.o
    0x0800cb40   0x00000008   Code   RO         3295    i.ResetDevice       drvTFT001.o
    0x0800cb48   0x00000120   Code   RO         2390    i.SDEnWideBus       sdio_sd.o
    0x0800cc68   0x0000000c   Code   RO         6782    i.SDIO_ClearFlag    stm32f10x_sdio.o
    0x0800cc74   0x0000000c   Code   RO         6783    i.SDIO_ClearITPendingBit  stm32f10x_sdio.o
    0x0800cc80   0x0000000c   Code   RO         6784    i.SDIO_ClockCmd     stm32f10x_sdio.o
    0x0800cc8c   0x0000000c   Code   RO         6787    i.SDIO_DMACmd       stm32f10x_sdio.o
    0x0800cc98   0x00000030   Code   RO         6788    i.SDIO_DataConfig   stm32f10x_sdio.o
    0x0800ccc8   0x00000024   Code   RO         6790    i.SDIO_DeInit       stm32f10x_sdio.o
    0x0800ccec   0x0000000c   Code   RO         6791    i.SDIO_GetCommandResponse  stm32f10x_sdio.o
    0x0800ccf8   0x00000018   Code   RO         6794    i.SDIO_GetFlagStatus  stm32f10x_sdio.o
    0x0800cd10   0x00000018   Code   RO         6795    i.SDIO_GetITStatus  stm32f10x_sdio.o
    0x0800cd28   0x00000010   Code   RO         6796    i.SDIO_GetPowerState  stm32f10x_sdio.o
    0x0800cd38   0x00000010   Code   RO         6797    i.SDIO_GetResponse  stm32f10x_sdio.o
    0x0800cd48   0x00000014   Code   RO         4258    i.SDIO_IRQHandler   stm32f10x_it.o
    0x0800cd5c   0x00000020   Code   RO         6798    i.SDIO_ITConfig     stm32f10x_sdio.o
    0x0800cd7c   0x00000030   Code   RO         6799    i.SDIO_Init         stm32f10x_sdio.o
    0x0800cdac   0x0000000c   Code   RO         6800    i.SDIO_ReadData     stm32f10x_sdio.o
    0x0800cdb8   0x0000002c   Code   RO         6802    i.SDIO_SendCommand  stm32f10x_sdio.o
    0x0800cde4   0x0000001c   Code   RO         6804    i.SDIO_SetPowerState  stm32f10x_sdio.o
    0x0800ce00   0x0000000c   Code   RO         6810    i.SDIO_WriteData    stm32f10x_sdio.o
    0x0800ce0c   0x00000010   Code   RO         4131    i.SD_DMAEndOfTransferStatus  hw_config.o
    0x0800ce1c   0x00000018   Code   RO         2392    i.SD_Detect         sdio_sd.o
    0x0800ce34   0x00000098   Code   RO         2393    i.SD_EnableWideBusOperation  sdio_sd.o
    0x0800cecc   0x0000030c   Code   RO         2395    i.SD_GetCardInfo    sdio_sd.o
    0x0800d1d8   0x000000cc   Code   RO         2399    i.SD_Init           sdio_sd.o
    0x0800d2a4   0x00000140   Code   RO         2400    i.SD_InitializeCards  sdio_sd.o
    0x0800d3e4   0x00000064   Code   RO         4132    i.SD_LowLevel_DMA_RxConfig  hw_config.o
    0x0800d448   0x00000064   Code   RO         4133    i.SD_LowLevel_DMA_TxConfig  hw_config.o
    0x0800d4ac   0x00000068   Code   RO         4135    i.SD_LowLevel_Init  hw_config.o
    0x0800d514   0x00000190   Code   RO         2402    i.SD_PowerON        sdio_sd.o
    0x0800d6a4   0x00000020   Code   RO         2403    i.SD_PrintError     sdio_sd.o
    0x0800d6c4   0x00000248   Code   RO         2404    i.SD_ProcessIRQSrc  sdio_sd.o
    0x0800d90c   0x00000248   Code   RO         2405    i.SD_ReadBlock      sdio_sd.o
    0x0800db54   0x000002d4   Code   RO         2406    i.SD_ReadMultiBlocks  sdio_sd.o
    0x0800de28   0x000000a8   Code   RO         2407    i.SD_ReceiveData    sdio_sd.o
    0x0800ded0   0x00000034   Code   RO         2408    i.SD_SelectDeselect  sdio_sd.o
    0x0800df04   0x0000001c   Code   RO         2411    i.SD_SetDeviceMode  sdio_sd.o
    0x0800df20   0x00000120   Code   RO         2412    i.SD_SetHighSpeed   sdio_sd.o
    0x0800e040   0x00000034   Code   RO         2413    i.SD_StopTransfer   sdio_sd.o
    0x0800e074   0x00000368   Code   RO         2414    i.SD_WriteBlock     sdio_sd.o
    0x0800e3dc   0x00000400   Code   RO         2415    i.SD_WriteMultiBlocks  sdio_sd.o
    0x0800e7dc   0x00000018   Code   RO         6972    i.SPI_Cmd           stm32f10x_spi.o
    0x0800e7f4   0x0000003c   Code   RO         6985    i.SPI_Init          stm32f10x_spi.o
    0x0800e830   0x00000002   Code   RO         4259    i.SVC_Handler       stm32f10x_it.o
    0x0800e832   0x00000002   PAD
    0x0800e834   0x000003f4   Code   RO         3444    i.SearchMusic       MP3header.o
    0x0800ec28   0x00000054   Code   RO         3014    i.SetFont           Primitive.o
    0x0800ec7c   0x00000008   Code   RO         7903    i.SetSysClock       system_stm32f10x.o
    0x0800ec84   0x000000c8   Code   RO         7904    i.SetSysClockTo72   system_stm32f10x.o
    0x0800ed4c   0x0000007c   Code   RO         3170    i.SldCreate         Slider.o
    0x0800edc8   0x00000650   Code   RO         3171    i.SldDraw           Slider.o
    0x0800f418   0x0000005c   Code   RO         3172    i.SldGetHeight      Slider.o
    0x0800f474   0x00000048   Code   RO         3173    i.SldGetMinMaxPos   Slider.o
    0x0800f4bc   0x0000005c   Code   RO         3174    i.SldGetWidth       Slider.o
    0x0800f518   0x0000011c   Code   RO         3175    i.SldMsgDefault     Slider.o
    0x0800f634   0x0000009e   Code   RO         3177    i.SldSetPos         Slider.o
    0x0800f6d2   0x00000022   Code   RO         3179    i.SldSetThumbSize   Slider.o
    0x0800f6f4   0x000000c4   Code   RO         3180    i.SldTranslateMsg   Slider.o
    0x0800f7b8   0x000003d8   Code   RO         3368    i.StartMenu         menu.o
    0x0800fb90   0x00000028   Code   RO         4260    i.SysTick_Handler   stm32f10x_it.o
    0x0800fbb8   0x00000060   Code   RO         7906    i.SystemInit        system_stm32f10x.o
    0x0800fc18   0x00000038   Code   RO         4037    i.TIM7_IRQHandler   Audio.o
    0x0800fc50   0x00000006   Code   RO         7122    i.TIM_ClearITPendingBit  stm32f10x_tim.o
    0x0800fc56   0x00000018   Code   RO         7127    i.TIM_Cmd           stm32f10x_tim.o
    0x0800fc6e   0x00000002   PAD
    0x0800fc70   0x000001e8   Code   RO         7132    i.TIM_DeInit        stm32f10x_tim.o
    0x0800fe58   0x00000012   Code   RO         7184    i.TIM_SelectOutputTrigger  stm32f10x_tim.o
    0x0800fe6a   0x00000004   Code   RO         7186    i.TIM_SetAutoreload  stm32f10x_tim.o
    0x0800fe6e   0x00000002   PAD
    0x0800fe70   0x000000a4   Code   RO         7198    i.TIM_TimeBaseInit  stm32f10x_tim.o
    0x0800ff14   0x00000012   Code   RO         7199    i.TIM_TimeBaseStructInit  stm32f10x_tim.o
    0x0800ff26   0x00000002   PAD
    0x0800ff28   0x00000070   Code   RO         2188    i.TP_Init           TouchPanel.o
    0x0800ff98   0x0000025c   Code   RO         4221    i.TargetInit        main.o
    0x080101f4   0x00000036   Code   RO         3445    i.TimeFormat        MP3header.o
    0x0801022a   0x00000008   Code   RO         3261    i.TouchInit         TouchScreen.o
    0x08010232   0x00000002   Code   RO         4261    i.USART1_IRQHandler  stm32f10x_it.o
    0x08010234   0x00000018   Code   RO         7663    i.USART_Cmd         stm32f10x_usart.o
    0x0801024c   0x00000098   Code   RO         4136    i.USART_Configuration  hw_config.o
    0x080102e4   0x0000001a   Code   RO         7666    i.USART_GetFlagStatus  stm32f10x_usart.o
    0x080102fe   0x0000004a   Code   RO         7669    i.USART_ITConfig    stm32f10x_usart.o
    0x08010348   0x000000d8   Code   RO         7670    i.USART_Init        stm32f10x_usart.o
    0x08010420   0x00000008   Code   RO         7680    i.USART_SendData    stm32f10x_usart.o
    0x08010428   0x000001c0   Code   RO         1701    i.UnpackSFMPEG1     scalfact.o
    0x080105e8   0x000002d0   Code   RO         1702    i.UnpackSFMPEG2     scalfact.o
    0x080108b8   0x00000004   Code   RO         4262    i.UsageFault_Handler  stm32f10x_it.o
    0x080108bc   0x00000048   Code   RO         1847    i.WM8731_Init       WM8731.o
    0x08010904   0x00000016   Code   RO         1849    i.WM8731_Vol        WM8731.o
    0x0801091a   0x0000004a   Code   RO         4038    i.WavNVIC_Configuration  Audio.o
    0x08010964   0x000000e4   Code   RO         4039    i.WavePlayer_ConvertPCM  Audio.o
    0x08010a48   0x00000154   Code   RO         1649    i.WinPrevious       imdct.o
    0x08010b9c   0x00000020   Code   RO         8118    i.__0printf$5       mc_w.l(printf5.o)
    0x08010bbc   0x0000000e   Code   RO         8333    i.__scatterload_copy  mc_w.l(handlers.o)
    0x08010bca   0x00000002   Code   RO         8334    i.__scatterload_null  mc_w.l(handlers.o)
    0x08010bcc   0x0000000e   Code   RO         8335    i.__scatterload_zeroinit  mc_w.l(handlers.o)
    0x08010bda   0x00000002   PAD
    0x08010bdc   0x000002d0   Code   RO         8125    i._printf_core      mc_w.l(printf5.o)
    0x08010eac   0x00000090   Code   RO         3754    i.check_fs          ff.o
    0x08010f3c   0x00000014   Code   RO         3755    i.chk_chr           ff.o
    0x08010f50   0x00000398   Code   RO         3756    i.chk_mounted       ff.o
    0x080112e8   0x0000001a   Code   RO         3757    i.clust2sect        ff.o
    0x08011302   0x00000002   PAD
    0x08011304   0x00000090   Code   RO         3758    i.cmp_lfn           ff.o
    0x08011394   0x00000002   Code   RO         1850    i.codec_send        WM8731.o
    0x08011396   0x00000012   Code   RO         2416    i.convert_from_bytes_to_power_of_two  sdio_sd.o
    0x080113a8   0x000000ca   Code   RO         3759    i.create_chain      ff.o
    0x08011472   0x00000002   PAD
    0x08011474   0x00000230   Code   RO         3760    i.create_name       ff.o
    0x080116a4   0x0000001e   Code   RO         3523    i.delay_ms          GLCD.o
    0x080116c2   0x000000de   Code   RO         3761    i.dir_find          ff.o
    0x080117a0   0x00000114   Code   RO         3762    i.dir_next          ff.o
    0x080118b4   0x000000be   Code   RO         3763    i.dir_read          ff.o
    0x08011972   0x0000018c   Code   RO         3764    i.dir_register      ff.o
    0x08011afe   0x0000009c   Code   RO         3766    i.dir_sdi           ff.o
    0x08011b9a   0x0000002e   Code   RO         3702    i.disk_initialize   diskio.o
    0x08011bc8   0x0000005c   Code   RO         3703    i.disk_ioctl        diskio.o
    0x08011c24   0x00000064   Code   RO         3704    i.disk_read         diskio.o
    0x08011c88   0x00000022   Code   RO         3705    i.disk_status       diskio.o
    0x08011caa   0x00000002   PAD
    0x08011cac   0x00000060   Code   RO         3706    i.disk_write        diskio.o
    0x08011d0c   0x00000016   Code   RO         3768    i.f_close           ff.o
    0x08011d22   0x000001ae   Code   RO         3770    i.f_lseek           ff.o
    0x08011ed0   0x0000002c   Code   RO         3772    i.f_mount           ff.o
    0x08011efc   0x00000180   Code   RO         3773    i.f_open            ff.o
    0x0801207c   0x00000078   Code   RO         3774    i.f_opendir         ff.o
    0x080120f4   0x000001ca   Code   RO         3775    i.f_read            ff.o
    0x080122be   0x00000002   PAD
    0x080122c0   0x00000060   Code   RO         3776    i.f_readdir         ff.o
    0x08012320   0x000000ae   Code   RO         3779    i.f_sync            ff.o
    0x080123ce   0x00000002   PAD
    0x080123d0   0x0000004c   Code   RO         3673    i.ff_convert        ccsbcs.o
    0x0801241c   0x00000038   Code   RO         3674    i.ff_wtoupper       ccsbcs.o
    0x08012454   0x00000080   Code   RO         3784    i.fit_lfn           ff.o
    0x080124d4   0x00000092   Code   RO         3785    i.follow_path       ff.o
    0x08012566   0x00000002   PAD
    0x08012568   0x00000024   Code   RO         4138    i.fputc             hw_config.o
    0x0801258c   0x00000050   Code   RO         8246    i.free              mc_w.l(malloc.o)
    0x080125dc   0x000000a6   Code   RO         3786    i.gen_numname       ff.o
    0x08012682   0x000000e4   Code   RO         3787    i.get_fat           ff.o
    0x08012766   0x00000004   Code   RO         3707    i.get_fattime       diskio.o
    0x0801276a   0x00000128   Code   RO         3788    i.get_fileinfo      ff.o
    0x08012892   0x00000002   PAD
    0x08012894   0x000001dc   Code   RO         1650    i.idct9             imdct.o
    0x08012a70   0x000000f4   Code   RO         1651    i.imdct12           imdct.o
    0x08012b64   0x00000020   Code   RO         3789    i.ld_clust          ff.o
    0x08012b84   0x00000060   Code   RO         4222    i.main              main.o
    0x08012be4   0x0000006c   Code   RO         8247    i.malloc            mc_w.l(malloc.o)
    0x08012c50   0x00000026   Code   RO         3790    i.mem_cmp           ff.o
    0x08012c76   0x0000001a   Code   RO         3791    i.mem_cpy           ff.o
    0x08012c90   0x00000014   Code   RO         3792    i.mem_set           ff.o
    0x08012ca4   0x00000072   Code   RO         3793    i.move_window       ff.o
    0x08012d16   0x00000002   PAD
    0x08012d18   0x00000074   Code   RO         3794    i.pick_lfn          ff.o
    0x08012d8c   0x00000136   Code   RO         3795    i.put_fat           ff.o
    0x08012ec2   0x00000068   Code   RO         3796    i.remove_chain      ff.o
    0x08012f2a   0x00000010   Code   RO         3797    i.st_clust          ff.o
    0x08012f3a   0x00000020   Code   RO         3798    i.sum_sfn           ff.o
    0x08012f5a   0x000000c8   Code   RO         3799    i.sync              ff.o
    0x08013022   0x00000002   PAD
    0x08013024   0x0000006c   Code   RO          264    i.uctsk_MP3Decode   uctsk_MP3Decode.o
    0x08013090   0x00000040   Code   RO          286    i.uctsk_MicrochipGUI  uctsk_MicrochipGUI.o
    0x080130d0   0x00000038   Code   RO          321    i.uctsk_ReadButton  uctsk_ReadButton.o
    0x08013108   0x0000003c   Code   RO          353    i.uctsk_TouchScreen  uctsk_TouchScreen.o
    0x08013144   0x00000034   Code   RO         3800    i.validate          ff.o
    0x08013178   0x00000094   Code   RO         1525    i.xmp3_AllocateBuffers  buffers.o
    0x0801320c   0x00000012   Code   RO         1471    i.xmp3_CalcBitsUsed  bitstream.o
    0x0801321e   0x0000001c   Code   RO         1472    i.xmp3_CheckPadBit  bitstream.o
    0x0801323a   0x00000222   Code   RO         1611    i.xmp3_DecodeHuffman  huffman.o
    0x0801345c   0x00000284   Code   RO         1587    i.xmp3_DequantChannel  dqchan.o
    0x080136e0   0x00000284   Code   RO         1566    i.xmp3_Dequantize   dequant.o
    0x08013964   0x00000d2c   Code   RO         1551    i.xmp3_FDCT32       dct32.o
    0x08014690   0x00000002   Code   RO         1526    i.xmp3_FreeBuffers  buffers.o
    0x08014692   0x00000050   Code   RO         1473    i.xmp3_GetBits      bitstream.o
    0x080146e2   0x000001fa   Code   RO         1652    i.xmp3_IMDCT        imdct.o
    0x080148dc   0x000002f0   Code   RO         1725    i.xmp3_IntensityProcMPEG1  stproc.o
    0x08014bcc   0x000002cc   Code   RO         1726    i.xmp3_IntensityProcMPEG2  stproc.o
    0x08014e98   0x0000006a   Code   RO         1727    i.xmp3_MidSideProc  stproc.o
    0x08014f02   0x0000000c   Code   RO         1474    i.xmp3_SetBitstreamPointer  bitstream.o
    0x08014f0e   0x00000002   PAD
    0x08014f10   0x0000011c   Code   RO         1749    i.xmp3_Subband      subband.o
    0x0801502c   0x00000204   Code   RO         1475    i.xmp3_UnpackFrameHeader  bitstream.o
    0x08015230   0x00000128   Code   RO         1703    i.xmp3_UnpackScaleFactors  scalfact.o
    0x08015358   0x00000234   Code   RO         1476    i.xmp3_UnpackSideInfo  bitstream.o
    0x0801558c   0x00000100   Data   RO          419    .constdata          os_core.o
    0x0801568c   0x00000074   Data   RO         1282    .constdata          os_dbg.o
    0x08015700   0x000000c0   Data   RO         1552    .constdata          dct32.o
    0x080157c0   0x00000250   Data   RO         1588    .constdata          dqchan.o
    0x08015a10   0x00002304   Data   RO         1631    .constdata          hufftabs.o
    0x08017d14   0x00000078   Data   RO         1653    .constdata          imdct.o
    0x08017d8c   0x00000068   Data   RO         1704    .constdata          scalfact.o
    0x08017df4   0x0000086c   Data   RO         1761    .constdata          trigtabs.o
    0x08018660   0x000004fe   Data   RO         1829    .constdata          mp3tabs.o
    0x08018b5e   0x00000002   PAD
    0x08018b60   0x00001588   Data   RO         2797    .constdata          GOLFontDefault.o
    0x0801a0e8   0x00014508   Data   RO         3414    .constdata          Pictures.o
    0x0802e5f0   0x0000004c   Data   RO         3447    .constdata          MP3header.o
    0x0802e63c   0x000005f0   Data   RO         3491    .constdata          AsciiLib.o
    0x0802ec2c   0x000004c0   Data   RO         3675    .constdata          ccsbcs.o
    0x0802f0ec   0x0000008d   Data   RO         3802    .constdata          ff.o
    0x0802f179   0x00000017   Data   RO         3424    .conststring        externalref.o
    0x0802f190   0x00000020   Data   RO         8331    Region$$Table       anon$$obj.o


    Execution Region RW_IRAM1 (Base: 0x20000000, Size: 0x0000fa90, Max: 0x00010000, ABSOLUTE, COMPRESSED[0x000000d0])

    Base Addr    Size         Type   Attr      Idx    E Section Name        Object

    0x20000000   0x0000000c   Data   RW          266    .data               uctsk_MP3Decode.o
    0x2000000c   0x00000006   Data   RW          288    .data               uctsk_MicrochipGUI.o
    0x20000012   0x00000002   PAD
    0x20000014   0x00000060   Data   RW          420    .data               os_core.o
    0x20000074   0x00000002   Data   RW         1197    .data               os_cpu_c.o
    0x20000076   0x00000002   PAD
    0x20000078   0x00000028   Data   RW         2418    .data               sdio_sd.o
    0x200000a0   0x00000008   Data   RW         2600    .data               Button.o
    0x200000a8   0x0000002e   Data   RW         2712    .data               GOL.o
    0x200000d6   0x00000002   PAD
    0x200000d8   0x0000000a   Data   RW         2855    .data               ListBox.o
    0x200000e2   0x0000000a   Data   RW         2972    .data               Picture.o
    0x200000ec   0x0000004f   Data   RW         3015    .data               Primitive.o
    0x2000013b   0x00000001   PAD
    0x2000013c   0x00000016   Data   RW         3181    .data               Slider.o
    0x20000152   0x0000000c   Data   RW         3296    .data               drvTFT001.o
    0x2000015e   0x00000002   PAD
    0x20000160   0x00000008   Data   RW         3324    .data               GOLDrawCallback.o
    0x20000168   0x00000004   Data   RW         3345    .data               GOLMsgCallback.o
    0x2000016c   0x00000001   Data   RW         3369    .data               menu.o
    0x2000016d   0x00000003   PAD
    0x20000170   0x000000b8   Data   RW         3415    .data               Pictures.o
    0x20000228   0x00000010   Data   RW         3425    .data               externalref.o
    0x20000238   0x00000010   Data   RW         3448    .data               MP3header.o
    0x20000248   0x00000006   Data   RW         3524    .data               GLCD.o
    0x2000024e   0x00000002   PAD
    0x20000250   0x00000006   Data   RW         3803    .data               ff.o
    0x20000256   0x00000002   PAD
    0x20000258   0x00000069   Data   RW         4041    .data               Audio.o
    0x200002c1   0x00000003   PAD
    0x200002c4   0x00000004   Data   RW         4224    .data               main.o
    0x200002c8   0x00000014   Data   RW         6520    .data               stm32f10x_rcc.o
    0x200002dc   0x00000014   Data   RW         7907    .data               system_stm32f10x.o
    0x200002f0   0x00000004   Data   RW         8307    .data               mc_w.l(stdout.o)
    0x200002f4   0x00000004   Data   RW         8318    .data               mc_w.l(mvars.o)
    0x200002f8   0x00000004   Data   RW         8319    .data               mc_w.l(mvars.o)
    0x200002fc   0x00000c00   Zero   RW          265    .bss                uctsk_MP3Decode.o
    0x20000efc   0x00000600   Zero   RW          287    .bss                uctsk_MicrochipGUI.o
    0x200014fc   0x00000200   Zero   RW          322    .bss                uctsk_ReadButton.o
    0x200016fc   0x00000400   Zero   RW          354    .bss                uctsk_TouchScreen.o
    0x20001afc   0x000010d8   Zero   RW          418    .bss                os_core.o
    0x20002bd4   0x00005d08   Zero   RW         1527    .bss                buffers.o
    0x200088dc   0x000000b4   Zero   RW         2417    .bss                sdio_sd.o
    0x20008990   0x00000068   Zero   RW         3446    .bss                MP3header.o
    0x200089f8   0x00000224   Zero   RW         3801    .bss                ff.o
    0x20008c1c   0x00004488   Zero   RW         4040    .bss                Audio.o
    0x2000d0a4   0x000005e8   Zero   RW         4223    .bss                main.o
    0x2000d68c   0x00000004   PAD
    0x2000d690   0x00001400   Zero   RW         7897    HEAP                startup_stm32f10x_hd.o
    0x2000ea90   0x00001000   Zero   RW         7896    STACK               startup_stm32f10x_hd.o


==============================================================================

Image component sizes


      Code (inc. data)   RO Data    RW Data    ZI Data      Debug   Object Name

        32          6       1520          0          0        903   AsciiLib.o
      4598       1336          0        105      17544      12557   Audio.o
      1400         88          0          8          0      19415   Button.o
      6882         92          0          6          0      12576   GLCD.o
      2580        168          0         46          0      11355   GOL.o
      1036        104          0          8          0       1955   GOLDrawCallback.o
         0          0       5512          0          0        580   GOLFontDefault.o
      2868        274          0          4          0       4493   GOLMsgCallback.o
      2274        122          0         10          0       7904   ListBox.o
      2426        330         76         16        104       7053   MP3header.o
        12          0          0          0          0     346526   OS_AppHooks.o
       696         42          0         10          0       2835   Picture.o
         0          0      83208        184          0       2305   Pictures.o
      6282        352          0         79          0      22200   Primitive.o
      2668        196          0         22          0       7613   Slider.o
       212         10          0          0          0        966   TouchPanel.o
         8          0          0          0          0        420   TouchScreen.o
       140          4          0          0          0       1692   WM8731.o
        22          0          0          0          0        352   asmmisc.o
      2062          0          0          0          0        524   asmpoly_thumb2.o
      1354         24          0          0          0       9950   bitstream.o
       172         32          0          0      23816       2152   buffers.o
       132         16       1216          0          0       2175   ccsbcs.o
        42          0          0          0          0        264   cpu_a.o
      3372         10        192          0          0       4318   dct32.o
       670          6          0          0          0       2038   dequant.o
       372         30          0          0          0      10885   diskio.o
      1106         40        592          0          0       4094   dqchan.o
         8          0          0         12          0        790   drvTFT001.o
         0          0         23         16          0        238   externalref.o
      7008         90        141          6        548      33092   ff.o
      1834         26          0          0          0       6129   huffman.o
         0          0       8964          0          0       5588   hufftabs.o
       624         70          0          0          0       4637   hw_config.o
      4136         56        120          0          0      11369   imdct.o
       784        370          0          4       1512       2273   main.o
       984         76          0          1          0       2870   menu.o
       136         24          0          0          0       1515   misc.o
      1248          4          0          0          0       5442   mp3dec.o
         0          0       1278          0          0       1857   mp3tabs.o
      2568        412        256         96       4312      22970   os_core.o
       164         32          0          0          0        352   os_cpu_a.o
       360         22          0          2          0      30498   os_cpu_c.o
       348        230        116          0          0       3406   os_dbg.o
      1470         62          0          0          0       5907   os_flag.o
       452         26          0          0          0       2505   os_mbox.o
        88         14          0          0          0        485   os_mem.o
        80          8          0          0          0        511   os_q.o
       474         24          0          0          0       2908   os_sem.o
       874         64          0          0          0       5212   os_task.o
       260         28          0          0          0       1352   os_time.o
       644        132          0          0          0       3547   os_tmr.o
      1464         10        104          0          0       4302   scalfact.o
      7962        418          0         40        180      30408   sdio_sd.o
        36          8        304          0       9216        832   startup_stm32f10x_hd.o
       308         10          0          0          0       4599   stm32f10x_adc.o
       170         18          0          0          0       3256   stm32f10x_dac.o
       578         48          0          0          0       6111   stm32f10x_dma.o
       276          6          0          0          0       1797   stm32f10x_fsmc.o
       300          0          0          0          0       3596   stm32f10x_gpio.o
        84          6          0          0          0       3799   stm32f10x_it.o
       372         50          0         20          0       5996   stm32f10x_rcc.o
       400         96          0          0          0      10407   stm32f10x_sdio.o
        84          0          0          0          0       2113   stm32f10x_spi.o
       722        106          0          0          0       4601   stm32f10x_tim.o
       348          6          0          0          0       4781   stm32f10x_usart.o
      1574         18          0          0          0       4487   stproc.o
       284          4          0          0          0       1119   subband.o
       304         26          0         20          0       2269   system_stm32f10x.o
         0          0       2156          0          0        884   trigtabs.o
       216         86          0         12       3072       1594   uctsk_MP3Decode.o
       152         40          0          6       1536       1607   uctsk_MicrochipGUI.o
      1168         96          0          0        512       3334   uctsk_ReadButton.o
       124         36          0          0       1024       1404   uctsk_TouchScreen.o
         0          0          0          0          0       2780   usb_desc.o
         0          0          0          0          0       1128   usb_endp.o

    ----------------------------------------------------------------------
     84952       6140     105812        752      63380     762757   Object Totals
         0          0         32          0          0          0   (incl. Generated)
        64          0          2         19          4          0   (incl. Padding)

    ----------------------------------------------------------------------

      Code (inc. data)   RO Data    RW Data    ZI Data      Debug   Library Member Name

        92          0          0          0          0          0   __dczerorl2.o
         0          0          0          0          0          0   entry.o
         8          4          0          0          0          0   entry2.o
         4          0          0          0          0          0   entry5.o
         0          0          0          0          0          0   entry7b.o
         8          4          0          0          0          0   entry8.o
        30          0          0          0          0          0   handlers.o
        36          8          0          0          0         68   init.o
         0          0          0          0          0          0   iusefp.o
        30          0          0          0          0         68   llshl.o
        32          0          0          0          0         68   llushr.o
       188         20          0          0          0        160   malloc.o
        64          0          0          0          0         76   memmovea.o
        38          0          0          0          0        108   memseta.o
         0          0          0          8          0          0   mvars.o
       752         54          0          0          0        184   printf5.o
         0          0          0          4          0          0   stdout.o
        28          0          0          0          0         68   strcat.o
        18          0          0          0          0         68   strcpy.o
        16          0          0          0          0         68   strlen.o
        30          0          0          0          0         80   strncmp.o
        24          0          0          0          0         76   strncpy.o
        44          0          0          0          0         80   strstr.o
        98          0          0          0          0         92   uldiv.o
       176          0          0          0          0        140   fadd.o
       128          0          0          0          0         88   fdiv.o
       108          0          0          0          0        168   fepilogue.o
        50          0          0          0          0         68   ffixi.o
        40          0          0          0          0         68   ffixui.o
        18          0          0          0          0         68   fflti.o
        10          0          0          0          0         68   ffltui.o
       108          0          0          0          0         76   fmul.o

    ----------------------------------------------------------------------
      2180         90          0         12          0       2008   Library Totals
         2          0          0          0          0          0   (incl. Padding)

    ----------------------------------------------------------------------

      Code (inc. data)   RO Data    RW Data    ZI Data      Debug   Library Name

      1540         90          0         12          0       1264   mc_w.l
       638          0          0          0          0        744   mf_w.l

    ----------------------------------------------------------------------
      2180         90          0         12          0       2008   Library Totals

    ----------------------------------------------------------------------

==============================================================================


      Code (inc. data)   RO Data    RW Data    ZI Data      Debug   

     87132       6230     105812        764      63380     743393   Grand Totals
     87132       6230     105812        208      63380     743393   ELF Image Totals (compressed)
     87132       6230     105812        208          0          0   ROM Totals

==============================================================================

    Total RO  Size (Code + RO Data)               192944 ( 188.42kB)
    Total RW  Size (RW Data + ZI Data)             64144 (  62.64kB)
    Total ROM Size (Code + RO Data + RW Data)     193152 ( 188.63kB)

==============================================================================

